Archive member included to satisfy reference by file (symbol)

C:/ST/STM32CubeIDE_1.19.0/STM32CubeIDE/plugins/com.st.stm32cube.ide.mcu.externaltools.gnu-tools-for-stm32.13.3.rel1.win32_1.0.0.202411081344/tools/bin/../lib/gcc/arm-none-eabi/13.3.1/../../../../arm-none-eabi/lib/thumb/v7e-m+fp/hard\libc_nano.a(libc_a-exit.o)
                              C:/ST/STM32CubeIDE_1.19.0/STM32CubeIDE/plugins/com.st.stm32cube.ide.mcu.externaltools.gnu-tools-for-stm32.13.3.rel1.win32_1.0.0.202411081344/tools/bin/../lib/gcc/arm-none-eabi/13.3.1/../../../../arm-none-eabi/lib/thumb/v7e-m+fp/hard/crt0.o (exit)
C:/ST/STM32CubeIDE_1.19.0/STM32CubeIDE/plugins/com.st.stm32cube.ide.mcu.externaltools.gnu-tools-for-stm32.13.3.rel1.win32_1.0.0.202411081344/tools/bin/../lib/gcc/arm-none-eabi/13.3.1/../../../../arm-none-eabi/lib/thumb/v7e-m+fp/hard\libc_nano.a(libc_a-findfp.o)
                              C:/ST/STM32CubeIDE_1.19.0/STM32CubeIDE/plugins/com.st.stm32cube.ide.mcu.externaltools.gnu-tools-for-stm32.13.3.rel1.win32_1.0.0.202411081344/tools/bin/../lib/gcc/arm-none-eabi/13.3.1/../../../../arm-none-eabi/lib/thumb/v7e-m+fp/hard\libc_nano.a(libc_a-exit.o) (__stdio_exit_handler)
C:/ST/STM32CubeIDE_1.19.0/STM32CubeIDE/plugins/com.st.stm32cube.ide.mcu.externaltools.gnu-tools-for-stm32.13.3.rel1.win32_1.0.0.202411081344/tools/bin/../lib/gcc/arm-none-eabi/13.3.1/../../../../arm-none-eabi/lib/thumb/v7e-m+fp/hard\libc_nano.a(libc_a-fwalk.o)
                              C:/ST/STM32CubeIDE_1.19.0/STM32CubeIDE/plugins/com.st.stm32cube.ide.mcu.externaltools.gnu-tools-for-stm32.13.3.rel1.win32_1.0.0.202411081344/tools/bin/../lib/gcc/arm-none-eabi/13.3.1/../../../../arm-none-eabi/lib/thumb/v7e-m+fp/hard\libc_nano.a(libc_a-findfp.o) (_fwalk_sglue)
C:/ST/STM32CubeIDE_1.19.0/STM32CubeIDE/plugins/com.st.stm32cube.ide.mcu.externaltools.gnu-tools-for-stm32.13.3.rel1.win32_1.0.0.202411081344/tools/bin/../lib/gcc/arm-none-eabi/13.3.1/../../../../arm-none-eabi/lib/thumb/v7e-m+fp/hard\libc_nano.a(libc_a-stdio.o)
                              C:/ST/STM32CubeIDE_1.19.0/STM32CubeIDE/plugins/com.st.stm32cube.ide.mcu.externaltools.gnu-tools-for-stm32.13.3.rel1.win32_1.0.0.202411081344/tools/bin/../lib/gcc/arm-none-eabi/13.3.1/../../../../arm-none-eabi/lib/thumb/v7e-m+fp/hard\libc_nano.a(libc_a-findfp.o) (__sread)
C:/ST/STM32CubeIDE_1.19.0/STM32CubeIDE/plugins/com.st.stm32cube.ide.mcu.externaltools.gnu-tools-for-stm32.13.3.rel1.win32_1.0.0.202411081344/tools/bin/../lib/gcc/arm-none-eabi/13.3.1/../../../../arm-none-eabi/lib/thumb/v7e-m+fp/hard\libc_nano.a(libc_a-memset.o)
                              C:/ST/STM32CubeIDE_1.19.0/STM32CubeIDE/plugins/com.st.stm32cube.ide.mcu.externaltools.gnu-tools-for-stm32.13.3.rel1.win32_1.0.0.202411081344/tools/bin/../lib/gcc/arm-none-eabi/13.3.1/../../../../arm-none-eabi/lib/thumb/v7e-m+fp/hard/crt0.o (memset)
C:/ST/STM32CubeIDE_1.19.0/STM32CubeIDE/plugins/com.st.stm32cube.ide.mcu.externaltools.gnu-tools-for-stm32.13.3.rel1.win32_1.0.0.202411081344/tools/bin/../lib/gcc/arm-none-eabi/13.3.1/../../../../arm-none-eabi/lib/thumb/v7e-m+fp/hard\libc_nano.a(libc_a-closer.o)
                              C:/ST/STM32CubeIDE_1.19.0/STM32CubeIDE/plugins/com.st.stm32cube.ide.mcu.externaltools.gnu-tools-for-stm32.13.3.rel1.win32_1.0.0.202411081344/tools/bin/../lib/gcc/arm-none-eabi/13.3.1/../../../../arm-none-eabi/lib/thumb/v7e-m+fp/hard\libc_nano.a(libc_a-stdio.o) (_close_r)
C:/ST/STM32CubeIDE_1.19.0/STM32CubeIDE/plugins/com.st.stm32cube.ide.mcu.externaltools.gnu-tools-for-stm32.13.3.rel1.win32_1.0.0.202411081344/tools/bin/../lib/gcc/arm-none-eabi/13.3.1/../../../../arm-none-eabi/lib/thumb/v7e-m+fp/hard\libc_nano.a(libc_a-reent.o)
                              C:/ST/STM32CubeIDE_1.19.0/STM32CubeIDE/plugins/com.st.stm32cube.ide.mcu.externaltools.gnu-tools-for-stm32.13.3.rel1.win32_1.0.0.202411081344/tools/bin/../lib/gcc/arm-none-eabi/13.3.1/../../../../arm-none-eabi/lib/thumb/v7e-m+fp/hard\libc_nano.a(libc_a-closer.o) (errno)
C:/ST/STM32CubeIDE_1.19.0/STM32CubeIDE/plugins/com.st.stm32cube.ide.mcu.externaltools.gnu-tools-for-stm32.13.3.rel1.win32_1.0.0.202411081344/tools/bin/../lib/gcc/arm-none-eabi/13.3.1/../../../../arm-none-eabi/lib/thumb/v7e-m+fp/hard\libc_nano.a(libc_a-impure.o)
                              C:/ST/STM32CubeIDE_1.19.0/STM32CubeIDE/plugins/com.st.stm32cube.ide.mcu.externaltools.gnu-tools-for-stm32.13.3.rel1.win32_1.0.0.202411081344/tools/bin/../lib/gcc/arm-none-eabi/13.3.1/../../../../arm-none-eabi/lib/thumb/v7e-m+fp/hard\libc_nano.a(libc_a-reent.o) (_impure_ptr)
C:/ST/STM32CubeIDE_1.19.0/STM32CubeIDE/plugins/com.st.stm32cube.ide.mcu.externaltools.gnu-tools-for-stm32.13.3.rel1.win32_1.0.0.202411081344/tools/bin/../lib/gcc/arm-none-eabi/13.3.1/../../../../arm-none-eabi/lib/thumb/v7e-m+fp/hard\libc_nano.a(libc_a-lseekr.o)
[...]
Memory Configuration

Name             Origin             Length             Attributes
CCMRAM           0x10000000         0x00010000         xrw
RAM              0x20000000         0x00020000         xrw
FLASH            0x08000000         0x00100000         xr
*default*        0x00000000         0xffffffff

Linker script and memory map

LOAD C:/ST/STM32CubeIDE_1.19.0/STM32CubeIDE/plugins/com.st.stm32cube.ide.mcu.externaltools.gnu-tools-for-stm32.13.3.rel1.win32_1.0.0.202411081344/tools/bin/../lib/gcc/arm-none-eabi/13.3.1/thumb/v7e-m+fp/hard/crti.o
LOAD C:/ST/STM32CubeIDE_1.19.0/STM32CubeIDE/plugins/com.st.stm32cube.ide.mcu.externaltools.gnu-tools-for-stm32.13.3.rel1.win32_1.0.0.202411081344/tools/bin/../lib/gcc/arm-none-eabi/13.3.1/thumb/v7e-m+fp/hard/crtbegin.o
LOAD C:/ST/STM32CubeIDE_1.19.0/STM32CubeIDE/plugins/com.st.stm32cube.ide.mcu.externaltools.gnu-tools-for-stm32.13.3.rel1.win32_1.0.0.202411081344/tools/bin/../lib/gcc/arm-none-eabi/13.3.1/../../../../arm-none-eabi/lib/thumb/v7e-m+fp/hard/crt0.o
LOAD ./Core/Src/Dbus.o
LOAD ./Core/Src/bsp_can.o
LOAD ./Core/Src/can.o
LOAD ./Core/Src/dma.o
LOAD ./Core/Src/gpio.o
LOAD ./Core/Src/main.o
LOAD ./Core/Src/mecanum.o
LOAD ./Core/Src/pid.o
LOAD ./Core/Src/stm32f4xx_hal_msp.o
LOAD ./Core/Src/stm32f4xx_it.o
LOAD ./Core/Src/syscalls.o
LOAD ./Core/Src/sysmem.o
LOAD ./Core/Src/system_stm32f4xx.o
LOAD ./Core/Src/tim.o
LOAD ./Core/Src/usart.o
LOAD ./Core/Startup/startup_stm32f407ighx.o
LOAD ./Drivers/STM32F4xx_HAL_Driver/Src/stm32f4xx_hal.o
LOAD ./Drivers/STM32F4xx_HAL_Driver/Src/stm32f4xx_hal_can.o
LOAD ./Drivers/STM32F4xx_HAL_Driver/Src/stm32f4xx_hal_cortex.o
LOAD ./Drivers/STM32F4xx_HAL_Driver/Src/stm32f4xx_hal_dma.o
LOAD ./Drivers/STM32F4xx_HAL_Driver/Src/stm32f4xx_hal_dma_ex.o
LOAD ./Drivers/STM32F4xx_HAL_Driver/Src/stm32f4xx_hal_exti.o
LOAD ./Drivers/STM32F4xx_HAL_Driver/Src/stm32f4xx_hal_flash.o
LOAD ./Drivers/STM32F4xx_HAL_Driver/Src/stm32f4xx_hal_flash_ex.o
LOAD ./Drivers/STM32F4xx_HAL_Driver/Src/stm32f4xx_hal_flash_ramfunc.o
LOAD ./Drivers/STM32F4xx_HAL_Driver/Src/stm32f4xx_hal_gpio.o
LOAD ./Drivers/STM32F4xx_HAL_Driver/Src/stm32f4xx_hal_pwr.o
LOAD ./Drivers/STM32F4xx_HAL_Driver/Src/stm32f4xx_hal_pwr_ex.o
LOAD ./Drivers/STM32F4xx_HAL_Driver/Src/stm32f4xx_hal_rcc.o
LOAD ./Drivers/STM32F4xx_HAL_Driver/Src/stm32f4xx_hal_rcc_ex.o
LOAD ./Drivers/STM32F4xx_HAL_Driver/Src/stm32f4xx_hal_tim.o
LOAD ./Drivers/STM32F4xx_HAL_Driver/Src/stm32f4xx_hal_tim_ex.o
LOAD ./Drivers/STM32F4xx_HAL_Driver/Src/stm32f4xx_hal_uart.o
START GROUP
LOAD C:/ST/STM32CubeIDE_1.19.0/STM32CubeIDE/plugins/com.st.stm32cube.ide.mcu.externaltools.gnu-tools-for-stm32.13.3.rel1.win32_1.0.0.202411081344/tools/bin/../lib/gcc/arm-none-eabi/13.3.1/../../../../arm-none-eabi/lib/thumb/v7e-m+fp/hard\libc_nano.a
LOAD C:/ST/STM32CubeIDE_1.19.0/STM32CubeIDE/plugins/com.st.stm32cube.ide.mcu.externaltools.gnu-tools-for-stm32.13.3.rel1.win32_1.0.0.202411081344/tools/bin/../lib/gcc/arm-none-eabi/13.3.1/../../../../arm-none-eabi/lib/thumb/v7e-m+fp/hard\libm.a
END GROUP
START GROUP
LOAD C:/ST/STM32CubeIDE_1.19.0/STM32CubeIDE/plugins/com.st.stm32cube.ide.mcu.externaltools.gnu-tools-for-stm32.13.3.rel1.win32_1.0.0.202411081344/tools/bin/../lib/gcc/arm-none-eabi/13.3.1/thumb/v7e-m+fp/hard\libgcc.a
LOAD C:/ST/STM32CubeIDE_1.19.0/STM32CubeIDE/plugins/com.st.stm32cube.ide.mcu.externaltools.gnu-tools-for-stm32.13.3.rel1.win32_1.0.0.202411081344/tools/bin/../lib/gcc/arm-none-eabi/13.3.1/../../../../arm-none-eabi/lib/thumb/v7e-m+fp/hard\libc_nano.a
END GROUP
START GROUP
LOAD C:/ST/STM32CubeIDE_1.19.0/STM32CubeIDE/plugins/com.st.stm32cube.ide.mcu.externaltools.gnu-tools-for-stm32.13.3.rel1.win32_1.0.0.202411081344/tools/bin/../lib/gcc/arm-none-eabi/13.3.1/thumb/v7e-m+fp/hard\libgcc.a
LOAD C:/ST/STM32CubeIDE_1.19.0/STM32CubeIDE/plugins/com.st.stm32cube.ide.mcu.externaltools.gnu-tools-for-stm32.13.3.rel1.win32_1.0.0.202411081344/tools/bin/../lib/gcc/arm-none-eabi/13.3.1/../../../../arm-none-eabi/lib/thumb/v7e-m+fp/hard\libc_nano.a
LOAD C:/ST/STM32CubeIDE_1.19.0/STM32CubeIDE/plugins/com.st.stm32cube.ide.mcu.externaltools.gnu-tools-for-stm32.13.3.rel1.win32_1.0.0.202411081344/tools/bin/../lib/gcc/arm-none-eabi/13.3.1/../../../../arm-none-eabi/lib/thumb/v7e-m+fp/hard\libnosys.a
END GROUP
START GROUP
LOAD C:/ST/STM32CubeIDE_1.19.0/STM32CubeIDE/plugins/com.st.stm32cube.ide.mcu.externaltools.gnu-tools-for-stm32.13.3.rel1.win32_1.0.0.202411081344/tools/bin/../lib/gcc/arm-none-eabi/13.3.1/thumb/v7e-m+fp/hard\libgcc.a
LOAD C:/ST/STM32CubeIDE_1.19.0/STM32CubeIDE/plugins/com.st.stm32cube.ide.mcu.externaltools.gnu-tools-for-stm32.13.3.rel1.win32_1.0.0.202411081344/tools/bin/../lib/gcc/arm-none-eabi/13.3.1/../../../../arm-none-eabi/lib/thumb/v7e-m+fp/hard\libc_nano.a
LOAD C:/ST/STM32CubeIDE_1.19.0/STM32CubeIDE/plugins/com.st.stm32cube.ide.mcu.externaltools.gnu-tools-for-stm32.13.3.rel1.win32_1.0.0.202411081344/tools/bin/../lib/gcc/arm-none-eabi/13.3.1/../../../../arm-none-eabi/lib/thumb/v7e-m+fp/hard\libnosys.a
END GROUP
LOAD C:/ST/STM32CubeIDE_1.19.0/STM32CubeIDE/plugins/com.st.stm32cube.ide.mcu.externaltools.gnu-tools-for-stm32.13.3.rel1.win32_1.0.0.202411081344/tools/bin/../lib/gcc/arm-none-eabi/13.3.1/thumb/v7e-m+fp/hard/crtend.o
LOAD C:/ST/STM32CubeIDE_1.19.0/STM32CubeIDE/plugins/com.st.stm32cube.ide.mcu.externaltools.gnu-tools-for-stm32.13.3.rel1.win32_1.0.0.202411081344/tools/bin/../lib/gcc/arm-none-eabi/13.3.1/thumb/v7e-m+fp/hard/crtn.o
                0x20020000                        _estack = (ORIGIN (RAM) + LENGTH (RAM))
                0x00000200                        _Min_Heap_Size = 0x200
                0x00000400                        _Min_Stack_Size = 0x400

.isr_vector     0x08000000      0x188
                0x08000000                        . = ALIGN (0x4)
 *(.isr_vector)
 .isr_vector    0x08000000      0x188 ./Core/Startup/startup_stm32f407ighx.o
                0x08000000                g_pfnVectors
                0x08000188                        . = ALIGN (0x4)

.text           0x08000188     0x580c
                0x08000188                        . = ALIGN (0x4)
 *(.text)
 .text          0x08000188       0x40 C:/ST/STM32CubeIDE_1.19.0/STM32CubeIDE/plugins/com.st.stm32cube.ide.mcu.externaltools.gnu-tools-for-stm32.13.3.rel1.win32_1.0.0.202411081344/tools/bin/../lib/gcc/arm-none-eabi/13.3.1/thumb/v7e-m+fp/hard/crtbegin.o
 .text          0x080001c8       0x30 C:/ST/STM32CubeIDE_1.19.0/STM32CubeIDE/plugins/com.st.stm32cube.ide.mcu.externaltools.gnu-tools-for-stm32.13.3.rel1.win32_1.0.0.202411081344/tools/bin/../lib/gcc/arm-none-eabi/13.3.1/thumb/v7e-m+fp/hard\libgcc.a(_aeabi_uldivmod.o)
                0x080001c8                __aeabi_uldivmod
 .text          0x080001f8      0x2f8 C:/ST/STM32CubeIDE_1.19.0/STM32CubeIDE/plugins/com.st.stm32cube.ide.mcu.externaltools.gnu-tools-for-stm32.13.3.rel1.win32_1.0.0.202411081344/tools/bin/../lib/gcc/arm-none-eabi/13.3.1/thumb/v7e-m+fp/hard\libgcc.a(_udivmoddi4.o)
                0x080001f8                __udivmoddi4
 .text          0x080004f0        0x4 C:/ST/STM32CubeIDE_1.19.0/STM32CubeIDE/plugins/com.st.stm32cube.ide.mcu.externaltools.gnu-tools-for-stm32.13.3.rel1.win32_1.0.0.202411081344/tools/bin/../lib/gcc/arm-none-eabi/13.3.1/thumb/v7e-m+fp/hard\libgcc.a(_dvmd_tls.o)
                0x080004f0                __aeabi_idiv0
                0x080004f0                __aeabi_ldiv0
 *(.text*)
 .text.dbus_to_rc
                0x080004f4      0x22a ./Core/Src/Dbus.o
                0x080004f4                dbus_to_rc
 *fill*         0x0800071e        0x2 
 .text.RC_data_is_error
                0x08000720       0xd8 ./Core/Src/Dbus.o
                0x08000720                RC_data_is_error
 .text.RC_abs   0x080007f8       0x2c ./Core/Src/Dbus.o
 .text.uart_dma_init
                0x08000824       0x30 ./Core/Src/Dbus.o
                0x08000824                uart_dma_init
 .text.can_Init
                0x08000854       0x50 ./Core/Src/bsp_can.o
                0x08000854                can_Init
 .text.boxSend  0x080008a4       0xb0 ./Core/Src/bsp_can.o
                0x080008a4                boxSend
 .text.motorset
                0x08000954       0x74 ./Core/Src/bsp_can.o
                0x08000954                motorset
 .text.Null_Point
                0x080009c8       0x40 ./Core/Src/bsp_can.o
                0x080009c8                Null_Point
 .text.angle_multiround_calc
                0x08000a08      0x14c ./Core/Src/bsp_can.o
                0x08000a08                angle_multiround_calc
 .text.HAL_CAN_RxFifo0MsgPendingCallback
                0x08000b54      0x114 ./Core/Src/bsp_can.o
                0x08000b54                HAL_CAN_RxFifo0MsgPendingCallback
 .text.MX_CAN1_Init
                0x08000c68       0x6c ./Core/Src/can.o
                0x08000c68                MX_CAN1_Init
 .text.HAL_CAN_MspInit
                0x08000cd4       0xa0 ./Core/Src/can.o
                0x08000cd4                HAL_CAN_MspInit
 .text.MX_DMA_Init
                0x08000d74       0x40 ./Core/Src/dma.o
                0x08000d74                MX_DMA_Init
 .text.MX_GPIO_Init
                0x08000db4       0x88 ./Core/Src/gpio.o
                0x08000db4                MX_GPIO_Init
 .text.main     0x08000e3c      0x128 ./Core/Src/main.o
                0x08000e3c                main
 .text.SystemClock_Config
                0x08000f64       0xd4 ./Core/Src/main.o
                0x08000f64                SystemClock_Config
 .text.HAL_UART_ErrorCallback
                0x08001038       0x34 ./Core/Src/main.o
                0x08001038                HAL_UART_ErrorCallback
 .text.HAL_UARTEx_RxEventCallback
                0x0800106c       0x58 ./Core/Src/main.o
                0x0800106c                HAL_UARTEx_RxEventCallback
 .text.HAL_TIM_PeriodElapsedCallback
                0x080010c4      0x10c ./Core/Src/main.o
                0x080010c4                HAL_TIM_PeriodElapsedCallback
 .text.Error_Handler
                0x080011d0        0xc ./Core/Src/main.o
                0x080011d0                Error_Handler
 .text.Pid_Init
                0x080011dc       0xa0 ./Core/Src/pid.o
                0x080011dc                Pid_Init
 .text.func_Limit
                0x0800127c       0x5a ./Core/Src/pid.o
                0x0800127c                func_Limit
 .text.func_abs
                0x080012d6       0x34 ./Core/Src/pid.o
                0x080012d6                func_abs
 .text.PID_Calc
                0x0800130a      0x1fc ./Core/Src/pid.o
                0x0800130a                PID_Calc
 *fill*         0x08001506        0x2 
 .text.HAL_MspInit
                0x08001508       0x50 ./Core/Src/stm32f4xx_hal_msp.o
                0x08001508                HAL_MspInit
 .text.NMI_Handler
                0x08001558        0x8 ./Core/Src/stm32f4xx_it.o
                0x08001558                NMI_Handler
 .text.HardFault_Handler
                0x08001560        0x8 ./Core/Src/stm32f4xx_it.o
                0x08001560                HardFault_Handler
 .text.MemManage_Handler
                0x08001568        0x8 ./Core/Src/stm32f4xx_it.o
                0x08001568                MemManage_Handler
 .text.BusFault_Handler
                0x08001570        0x8 ./Core/Src/stm32f4xx_it.o
                0x08001570                BusFault_Handler
 .text.UsageFault_Handler
                0x08001578        0x8 ./Core/Src/stm32f4xx_it.o
                0x08001578                UsageFault_Handler
 .text.SVC_Handler
                0x08001580        0xe ./Core/Src/stm32f4xx_it.o
                0x08001580                SVC_Handler
 .text.DebugMon_Handler
                0x0800158e        0xe ./Core/Src/stm32f4xx_it.o
                0x0800158e                DebugMon_Handler
 .text.PendSV_Handler
                0x0800159c        0xe ./Core/Src/stm32f4xx_it.o
                0x0800159c                PendSV_Handler
 .text.SysTick_Handler
                0x080015aa        0xc ./Core/Src/stm32f4xx_it.o
                0x080015aa                SysTick_Handler
 *fill*         0x080015b6        0x2 
 .text.DMA1_Stream1_IRQHandler
                0x080015b8       0x14 ./Core/Src/stm32f4xx_it.o
                0x080015b8                DMA1_Stream1_IRQHandler
 .text.CAN1_RX0_IRQHandler
                0x080015cc       0x14 ./Core/Src/stm32f4xx_it.o
                0x080015cc                CAN1_RX0_IRQHandler
 .text.TIM1_UP_TIM10_IRQHandler
                0x080015e0       0x14 ./Core/Src/stm32f4xx_it.o
                0x080015e0                TIM1_UP_TIM10_IRQHandler
 .text.USART3_IRQHandler
                0x080015f4       0x14 ./Core/Src/stm32f4xx_it.o
                0x080015f4                USART3_IRQHandler
 .text.SystemInit
                0x08001608       0x24 ./Core/Src/system_stm32f4xx.o
                0x08001608                SystemInit
 .text.MX_TIM1_Init
                0x0800162c       0xa0 ./Core/Src/tim.o
                0x0800162c                MX_TIM1_Init
 .text.HAL_TIM_Base_MspInit
                0x080016cc       0x50 ./Core/Src/tim.o
                0x080016cc                HAL_TIM_Base_MspInit
 .text.MX_USART3_UART_Init
                0x0800171c       0x58 ./Core/Src/usart.o
                0x0800171c                MX_USART3_UART_Init
 .text.HAL_UART_MspInit
                0x08001774      0x108 ./Core/Src/usart.o
                0x08001774                HAL_UART_MspInit
 .text.Reset_Handler
                0x0800187c       0x50 ./Core/Startup/startup_stm32f407ighx.o
                0x0800187c                Reset_Handler
 .text.Default_Handler
                0x080018cc        0x2 ./Core/Startup/startup_stm32f407ighx.o
                0x080018cc                RTC_Alarm_IRQHandler
                0x080018cc                HASH_RNG_IRQHandler
                0x080018cc                EXTI2_IRQHandler
                0x080018cc                TIM8_CC_IRQHandler
                0x080018cc                TIM1_CC_IRQHandler
                0x080018cc                DMA2_Stream5_IRQHandler
                0x080018cc                DMA1_Stream5_IRQHandler
                0x080018cc                PVD_IRQHandler
                0x080018cc                SDIO_IRQHandler
                0x080018cc                TAMP_STAMP_IRQHandler
                0x080018cc                CAN2_RX1_IRQHandler
                0x080018cc                EXTI3_IRQHandler
                0x080018cc                TIM8_TRG_COM_TIM14_IRQHandler
                0x080018cc                TIM8_UP_TIM13_IRQHandler
                0x080018cc                I2C3_ER_IRQHandler
                0x080018cc                EXTI0_IRQHandler
                0x080018cc                I2C2_EV_IRQHandler
                0x080018cc                DMA1_Stream2_IRQHandler
                0x080018cc                FPU_IRQHandler
                0x080018cc                OTG_HS_WKUP_IRQHandler
                0x080018cc                CAN2_SCE_IRQHandler
                0x080018cc                DMA2_Stream2_IRQHandler
                0x080018cc                SPI1_IRQHandler
                0x080018cc                TIM6_DAC_IRQHandler
                0x080018cc                TIM1_BRK_TIM9_IRQHandler
                0x080018cc                DCMI_IRQHandler
                0x080018cc                CAN2_RX0_IRQHandler
                0x080018cc                DMA2_Stream3_IRQHandler
                0x080018cc                USART6_IRQHandler
                0x080018cc                CAN1_RX1_IRQHandler
                0x080018cc                UART5_IRQHandler
                0x080018cc                DMA2_Stream0_IRQHandler
                0x080018cc                TIM4_IRQHandler
                0x080018cc                I2C1_EV_IRQHandler
                0x080018cc                DMA1_Stream6_IRQHandler
                0x080018cc                UART4_IRQHandler
                0x080018cc                TIM3_IRQHandler
                0x080018cc                RCC_IRQHandler
                0x080018cc                TIM8_BRK_TIM12_IRQHandler
                0x080018cc                Default_Handler
                0x080018cc                EXTI15_10_IRQHandler
                0x080018cc                ADC_IRQHandler
                0x080018cc                DMA1_Stream7_IRQHandler
                0x080018cc                TIM7_IRQHandler
                0x080018cc                CAN2_TX_IRQHandler
                0x080018cc                TIM5_IRQHandler
                0x080018cc                DMA2_Stream7_IRQHandler
                0x080018cc                I2C3_EV_IRQHandler
                0x080018cc                EXTI9_5_IRQHandler
                0x080018cc                RTC_WKUP_IRQHandler
                0x080018cc                ETH_WKUP_IRQHandler
                0x080018cc                SPI2_IRQHandler
                0x080018cc                OTG_HS_EP1_IN_IRQHandler
                0x080018cc                DMA1_Stream0_IRQHandler
                0x080018cc                CAN1_TX_IRQHandler
                0x080018cc                EXTI4_IRQHandler
                0x080018cc                FSMC_IRQHandler
                0x080018cc                ETH_IRQHandler
                0x080018cc                OTG_HS_EP1_OUT_IRQHandler
                0x080018cc                WWDG_IRQHandler
                0x080018cc                TIM2_IRQHandler
                0x080018cc                OTG_FS_WKUP_IRQHandler
                0x080018cc                TIM1_TRG_COM_TIM11_IRQHandler
                0x080018cc                OTG_HS_IRQHandler
                0x080018cc                EXTI1_IRQHandler
                0x080018cc                USART2_IRQHandler
                0x080018cc                I2C2_ER_IRQHandler
                0x080018cc                DMA2_Stream1_IRQHandler
                0x080018cc                CAN1_SCE_IRQHandler
                0x080018cc                FLASH_IRQHandler
                0x080018cc                DMA2_Stream4_IRQHandler
                0x080018cc                USART1_IRQHandler
                0x080018cc                OTG_FS_IRQHandler
                0x080018cc                SPI3_IRQHandler
                0x080018cc                DMA1_Stream4_IRQHandler
                0x080018cc                I2C1_ER_IRQHandler
                0x080018cc                DMA2_Stream6_IRQHandler
                0x080018cc                DMA1_Stream3_IRQHandler
 *fill*         0x080018ce        0x2 
 .text.HAL_Init
                0x080018d0       0x44 ./Drivers/STM32F4xx_HAL_Driver/Src/stm32f4xx_hal.o
                0x080018d0                HAL_Init
 .text.HAL_InitTick
                0x08001914       0x60 ./Drivers/STM32F4xx_HAL_Driver/Src/stm32f4xx_hal.o
                0x08001914                HAL_InitTick
 .text.HAL_IncTick
                0x08001974       0x28 ./Drivers/STM32F4xx_HAL_Driver/Src/stm32f4xx_hal.o
                0x08001974                HAL_IncTick
 .text.HAL_GetTick
                0x0800199c       0x18 ./Drivers/STM32F4xx_HAL_Driver/Src/stm32f4xx_hal.o
                0x0800199c                HAL_GetTick
 .text.HAL_Delay
                0x080019b4       0x48 ./Drivers/STM32F4xx_HAL_Driver/Src/stm32f4xx_hal.o
                0x080019b4                HAL_Delay
 .text.HAL_CAN_Init
                0x080019fc      0x1f6 ./Drivers/STM32F4xx_HAL_Driver/Src/stm32f4xx_hal_can.o
                0x080019fc                HAL_CAN_Init
 *fill*         0x08001bf2        0x2 
 .text.HAL_CAN_ConfigFilter
                0x08001bf4      0x1c0 ./Drivers/STM32F4xx_HAL_Driver/Src/stm32f4xx_hal_can.o
                0x08001bf4                HAL_CAN_ConfigFilter
 .text.HAL_CAN_Start
                0x08001db4       0x88 ./Drivers/STM32F4xx_HAL_Driver/Src/stm32f4xx_hal_can.o
                0x08001db4                HAL_CAN_Start
 .text.HAL_CAN_AddTxMessage
                0x08001e3c      0x1a0 ./Drivers/STM32F4xx_HAL_Driver/Src/stm32f4xx_hal_can.o
                0x08001e3c                HAL_CAN_AddTxMessage
 .text.HAL_CAN_GetRxMessage
                0x08001fdc      0x244 ./Drivers/STM32F4xx_HAL_Driver/Src/stm32f4xx_hal_can.o
                0x08001fdc                HAL_CAN_GetRxMessage
 .text.HAL_CAN_ActivateNotification
                0x08002220       0x4c ./Drivers/STM32F4xx_HAL_Driver/Src/stm32f4xx_hal_can.o
                0x08002220                HAL_CAN_ActivateNotification
 .text.HAL_CAN_IRQHandler
                0x0800226c      0x36e ./Drivers/STM32F4xx_HAL_Driver/Src/stm32f4xx_hal_can.o
                0x0800226c                HAL_CAN_IRQHandler
 .text.HAL_CAN_TxMailbox0CompleteCallback
                0x080025da       0x14 ./Drivers/STM32F4xx_HAL_Driver/Src/stm32f4xx_hal_can.o
                0x080025da                HAL_CAN_TxMailbox0CompleteCallback
 .text.HAL_CAN_TxMailbox1CompleteCallback
                0x080025ee       0x14 ./Drivers/STM32F4xx_HAL_Driver/Src/stm32f4xx_hal_can.o
                0x080025ee                HAL_CAN_TxMailbox1CompleteCallback
 .text.HAL_CAN_TxMailbox2CompleteCallback
                0x08002602       0x14 ./Drivers/STM32F4xx_HAL_Driver/Src/stm32f4xx_hal_can.o
                0x08002602                HAL_CAN_TxMailbox2CompleteCallback
 .text.HAL_CAN_TxMailbox0AbortCallback
                0x08002616       0x14 ./Drivers/STM32F4xx_HAL_Driver/Src/stm32f4xx_hal_can.o
                0x08002616                HAL_CAN_TxMailbox0AbortCallback
 .text.HAL_CAN_TxMailbox1AbortCallback
                0x0800262a       0x14 ./Drivers/STM32F4xx_HAL_Driver/Src/stm32f4xx_hal_can.o
                0x0800262a                HAL_CAN_TxMailbox1AbortCallback
 .text.HAL_CAN_TxMailbox2AbortCallback
                0x0800263e       0x14 ./Drivers/STM32F4xx_HAL_Driver/Src/stm32f4xx_hal_can.o
                0x0800263e                HAL_CAN_TxMailbox2AbortCallback
 .text.HAL_CAN_RxFifo0FullCallback
                0x08002652       0x14 ./Drivers/STM32F4xx_HAL_Driver/Src/stm32f4xx_hal_can.o
                0x08002652                HAL_CAN_RxFifo0FullCallback
 .text.HAL_CAN_RxFifo1MsgPendingCallback
                0x08002666       0x14 ./Drivers/STM32F4xx_HAL_Driver/Src/stm32f4xx_hal_can.o
                0x08002666                HAL_CAN_RxFifo1MsgPendingCallback
 .text.HAL_CAN_RxFifo1FullCallback
                0x0800267a       0x14 ./Drivers/STM32F4xx_HAL_Driver/Src/stm32f4xx_hal_can.o
                0x0800267a                HAL_CAN_RxFifo1FullCallback
 .text.HAL_CAN_SleepCallback
                0x0800268e       0x14 ./Drivers/STM32F4xx_HAL_Driver/Src/stm32f4xx_hal_can.o
                0x0800268e                HAL_CAN_SleepCallback
 .text.HAL_CAN_WakeUpFromRxMsgCallback
                0x080026a2       0x14 ./Drivers/STM32F4xx_HAL_Driver/Src/stm32f4xx_hal_can.o
                0x080026a2                HAL_CAN_WakeUpFromRxMsgCallback
 .text.HAL_CAN_ErrorCallback
                0x080026b6       0x14 ./Drivers/STM32F4xx_HAL_Driver/Src/stm32f4xx_hal_can.o
                0x080026b6                HAL_CAN_ErrorCallback
 *fill*         0x080026ca        0x2 
 .text.__NVIC_SetPriorityGrouping
                0x080026cc       0x48 ./Drivers/STM32F4xx_HAL_Driver/Src/stm32f4xx_hal_cortex.o
 .text.__NVIC_GetPriorityGrouping
                0x08002714       0x1c ./Drivers/STM32F4xx_HAL_Driver/Src/stm32f4xx_hal_cortex.o
 .text.__NVIC_EnableIRQ
                0x08002730       0x3c ./Drivers/STM32F4xx_HAL_Driver/Src/stm32f4xx_hal_cortex.o
 .text.__NVIC_SetPriority
                0x0800276c       0x54 ./Drivers/STM32F4xx_HAL_Driver/Src/stm32f4xx_hal_cortex.o
 .text.NVIC_EncodePriority
                0x080027c0       0x66 ./Drivers/STM32F4xx_HAL_Driver/Src/stm32f4xx_hal_cortex.o
 *fill*         0x08002826        0x2 
 .text.SysTick_Config
                0x08002828       0x44 ./Drivers/STM32F4xx_HAL_Driver/Src/stm32f4xx_hal_cortex.o
 .text.HAL_NVIC_SetPriorityGrouping
                0x0800286c       0x16 ./Drivers/STM32F4xx_HAL_Driver/Src/stm32f4xx_hal_cortex.o
                0x0800286c                HAL_NVIC_SetPriorityGrouping
 .text.HAL_NVIC_SetPriority
                0x08002882       0x38 ./Drivers/STM32F4xx_HAL_Driver/Src/stm32f4xx_hal_cortex.o
                0x08002882                HAL_NVIC_SetPriority
 .text.HAL_NVIC_EnableIRQ
                0x080028ba       0x1c ./Drivers/STM32F4xx_HAL_Driver/Src/stm32f4xx_hal_cortex.o
                0x080028ba                HAL_NVIC_EnableIRQ
 .text.HAL_SYSTICK_Config
                0x080028d6       0x18 ./Drivers/STM32F4xx_HAL_Driver/Src/stm32f4xx_hal_cortex.o
                0x080028d6                HAL_SYSTICK_Config
 *fill*         0x080028ee        0x2 
 .text.HAL_DMA_Init
                0x080028f0      0x15c ./Drivers/STM32F4xx_HAL_Driver/Src/stm32f4xx_hal_dma.o
                0x080028f0                HAL_DMA_Init
 .text.HAL_DMA_Start_IT
                0x08002a4c       0xb0 ./Drivers/STM32F4xx_HAL_Driver/Src/stm32f4xx_hal_dma.o
                0x08002a4c                HAL_DMA_Start_IT
 .text.HAL_DMA_Abort
                0x08002afc       0xe0 ./Drivers/STM32F4xx_HAL_Driver/Src/stm32f4xx_hal_dma.o
                0x08002afc                HAL_DMA_Abort
 .text.HAL_DMA_Abort_IT
                0x08002bdc       0x44 ./Drivers/STM32F4xx_HAL_Driver/Src/stm32f4xx_hal_dma.o
                0x08002bdc                HAL_DMA_Abort_IT
 .text.HAL_DMA_IRQHandler
                0x08002c20      0x314 ./Drivers/STM32F4xx_HAL_Driver/Src/stm32f4xx_hal_dma.o
                0x08002c20                HAL_DMA_IRQHandler
 .text.DMA_SetConfig
                0x08002f34       0x5c ./Drivers/STM32F4xx_HAL_Driver/Src/stm32f4xx_hal_dma.o
 .text.DMA_CalcBaseAndBitshift
                0x08002f90       0x6c ./Drivers/STM32F4xx_HAL_Driver/Src/stm32f4xx_hal_dma.o
 .text.DMA_CheckFifoParam
                0x08002ffc       0xf8 ./Drivers/STM32F4xx_HAL_Driver/Src/stm32f4xx_hal_dma.o
 .text.HAL_GPIO_Init
                0x080030f4      0x338 ./Drivers/STM32F4xx_HAL_Driver/Src/stm32f4xx_hal_gpio.o
                0x080030f4                HAL_GPIO_Init
 .text.HAL_RCC_OscConfig
                0x0800342c      0x4f0 ./Drivers/STM32F4xx_HAL_Driver/Src/stm32f4xx_hal_rcc.o
                0x0800342c                HAL_RCC_OscConfig
 .text.HAL_RCC_ClockConfig
                0x0800391c      0x1cc ./Drivers/STM32F4xx_HAL_Driver/Src/stm32f4xx_hal_rcc.o
                0x0800391c                HAL_RCC_ClockConfig
 .text.HAL_RCC_GetSysClockFreq
                0x08003ae8      0x18c ./Drivers/STM32F4xx_HAL_Driver/Src/stm32f4xx_hal_rcc.o
                0x08003ae8                HAL_RCC_GetSysClockFreq
 .text.HAL_RCC_GetHCLKFreq
                0x08003c74       0x18 ./Drivers/STM32F4xx_HAL_Driver/Src/stm32f4xx_hal_rcc.o
                0x08003c74                HAL_RCC_GetHCLKFreq
 .text.HAL_RCC_GetPCLK1Freq
                0x08003c8c       0x28 ./Drivers/STM32F4xx_HAL_Driver/Src/stm32f4xx_hal_rcc.o
                0x08003c8c                HAL_RCC_GetPCLK1Freq
 .text.HAL_RCC_GetPCLK2Freq
                0x08003cb4       0x28 ./Drivers/STM32F4xx_HAL_Driver/Src/stm32f4xx_hal_rcc.o
                0x08003cb4                HAL_RCC_GetPCLK2Freq
 .text.HAL_TIM_Base_Init
                0x08003cdc       0x9e ./Drivers/STM32F4xx_HAL_Driver/Src/stm32f4xx_hal_tim.o
                0x08003cdc                HAL_TIM_Base_Init
 *fill*         0x08003d7a        0x2 
 .text.HAL_TIM_Base_Start_IT
                0x08003d7c       0xe0 ./Drivers/STM32F4xx_HAL_Driver/Src/stm32f4xx_hal_tim.o
                0x08003d7c                HAL_TIM_Base_Start_IT
 .text.HAL_TIM_IRQHandler
                0x08003e5c      0x1e0 ./Drivers/STM32F4xx_HAL_Driver/Src/stm32f4xx_hal_tim.o
                0x08003e5c                HAL_TIM_IRQHandler
 .text.HAL_TIM_ConfigClockSource
                0x0800403c      0x18e ./Drivers/STM32F4xx_HAL_Driver/Src/stm32f4xx_hal_tim.o
                0x0800403c                HAL_TIM_ConfigClockSource
 .text.HAL_TIM_OC_DelayElapsedCallback
                0x080041ca       0x14 ./Drivers/STM32F4xx_HAL_Driver/Src/stm32f4xx_hal_tim.o
                0x080041ca                HAL_TIM_OC_DelayElapsedCallback
 .text.HAL_TIM_IC_CaptureCallback
                0x080041de       0x14 ./Drivers/STM32F4xx_HAL_Driver/Src/stm32f4xx_hal_tim.o
                0x080041de                HAL_TIM_IC_CaptureCallback
 .text.HAL_TIM_PWM_PulseFinishedCallback
                0x080041f2       0x14 ./Drivers/STM32F4xx_HAL_Driver/Src/stm32f4xx_hal_tim.o
                0x080041f2                HAL_TIM_PWM_PulseFinishedCallback
 .text.HAL_TIM_TriggerCallback
                0x08004206       0x14 ./Drivers/STM32F4xx_HAL_Driver/Src/stm32f4xx_hal_tim.o
                0x08004206                HAL_TIM_TriggerCallback
 *fill*         0x0800421a        0x2 
 .text.TIM_Base_SetConfig
                0x0800421c      0x158 ./Drivers/STM32F4xx_HAL_Driver/Src/stm32f4xx_hal_tim.o
                0x0800421c                TIM_Base_SetConfig
 .text.TIM_TI1_ConfigInputStage
                0x08004374       0x5e ./Drivers/STM32F4xx_HAL_Driver/Src/stm32f4xx_hal_tim.o
 .text.TIM_TI2_ConfigInputStage
                0x080043d2       0x60 ./Drivers/STM32F4xx_HAL_Driver/Src/stm32f4xx_hal_tim.o
 .text.TIM_ITRx_SetConfig
                0x08004432       0x36 ./Drivers/STM32F4xx_HAL_Driver/Src/stm32f4xx_hal_tim.o
 .text.TIM_ETR_SetConfig
                0x08004468       0x40 ./Drivers/STM32F4xx_HAL_Driver/Src/stm32f4xx_hal_tim.o
                0x08004468                TIM_ETR_SetConfig
 .text.HAL_TIMEx_MasterConfigSynchronization
                0x080044a8       0xf8 ./Drivers/STM32F4xx_HAL_Driver/Src/stm32f4xx_hal_tim_ex.o
                0x080044a8                HAL_TIMEx_MasterConfigSynchronization
 .text.HAL_TIMEx_CommutCallback
                0x080045a0       0x14 ./Drivers/STM32F4xx_HAL_Driver/Src/stm32f4xx_hal_tim_ex.o
                0x080045a0                HAL_TIMEx_CommutCallback
 .text.HAL_TIMEx_BreakCallback
                0x080045b4       0x14 ./Drivers/STM32F4xx_HAL_Driver/Src/stm32f4xx_hal_tim_ex.o
                0x080045b4                HAL_TIMEx_BreakCallback
 .text.HAL_UART_Init
                0x080045c8       0xa0 ./Drivers/STM32F4xx_HAL_Driver/Src/stm32f4xx_hal_uart.o
                0x080045c8                HAL_UART_Init
 .text.HAL_UART_DMAStop
                0x08004668       0xfe ./Drivers/STM32F4xx_HAL_Driver/Src/stm32f4xx_hal_uart.o
                0x08004668                HAL_UART_DMAStop
 .text.HAL_UARTEx_ReceiveToIdle_DMA
                0x08004766       0xba ./Drivers/STM32F4xx_HAL_Driver/Src/stm32f4xx_hal_uart.o
                0x08004766                HAL_UARTEx_ReceiveToIdle_DMA
 .text.HAL_UART_IRQHandler
                0x08004820      0x524 ./Drivers/STM32F4xx_HAL_Driver/Src/stm32f4xx_hal_uart.o
                0x08004820                HAL_UART_IRQHandler
 .text.HAL_UART_TxCpltCallback
                0x08004d44       0x14 ./Drivers/STM32F4xx_HAL_Driver/Src/stm32f4xx_hal_uart.o
                0x08004d44                HAL_UART_TxCpltCallback
 .text.HAL_UART_RxCpltCallback
                0x08004d58       0x14 ./Drivers/STM32F4xx_HAL_Driver/Src/stm32f4xx_hal_uart.o
                0x08004d58                HAL_UART_RxCpltCallback
 .text.HAL_UART_RxHalfCpltCallback
                0x08004d6c       0x14 ./Drivers/STM32F4xx_HAL_Driver/Src/stm32f4xx_hal_uart.o
                0x08004d6c                HAL_UART_RxHalfCpltCallback
 .text.UART_DMAReceiveCplt
                0x08004d80      0x12c ./Drivers/STM32F4xx_HAL_Driver/Src/stm32f4xx_hal_uart.o
 .text.UART_DMARxHalfCplt
                0x08004eac       0x3c ./Drivers/STM32F4xx_HAL_Driver/Src/stm32f4xx_hal_uart.o
 .text.UART_DMAError
                0x08004ee8       0x94 ./Drivers/STM32F4xx_HAL_Driver/Src/stm32f4xx_hal_uart.o
 .text.UART_Start_Receive_DMA
                0x08004f7c      0x134 ./Drivers/STM32F4xx_HAL_Driver/Src/stm32f4xx_hal_uart.o
                0x08004f7c                UART_Start_Receive_DMA
 .text.UART_EndTxTransfer
                0x080050b0       0x50 ./Drivers/STM32F4xx_HAL_Driver/Src/stm32f4xx_hal_uart.o
 .text.UART_EndRxTransfer
                0x08005100       0xc6 ./Drivers/STM32F4xx_HAL_Driver/Src/stm32f4xx_hal_uart.o
 .text.UART_DMAAbortOnError
                0x080051c6       0x28 ./Drivers/STM32F4xx_HAL_Driver/Src/stm32f4xx_hal_uart.o
 .text.UART_Transmit_IT
                0x080051ee       0xa0 ./Drivers/STM32F4xx_HAL_Driver/Src/stm32f4xx_hal_uart.o
 .text.UART_EndTransmit_IT
                0x0800528e       0x30 ./Drivers/STM32F4xx_HAL_Driver/Src/stm32f4xx_hal_uart.o
 .text.UART_Receive_IT
                0x080052be      0x17c ./Drivers/STM32F4xx_HAL_Driver/Src/stm32f4xx_hal_uart.o
 *fill*         0x0800543a        0x2 
 .text.UART_SetConfig
                0x0800543c      0x4e8 ./Drivers/STM32F4xx_HAL_Driver/Src/stm32f4xx_hal_uart.o
 .text.memset   0x08005924       0x10 C:/ST/STM32CubeIDE_1.19.0/STM32CubeIDE/plugins/com.st.stm32cube.ide.mcu.externaltools.gnu-tools-for-stm32.13.3.rel1.win32_1.0.0.202411081344/tools/bin/../lib/gcc/arm-none-eabi/13.3.1/../../../../arm-none-eabi/lib/thumb/v7e-m+fp/hard\libc_nano.a(libc_a-memset.o)
                0x08005924                memset
 .text.__libc_init_array
                0x08005934       0x48 C:/ST/STM32CubeIDE_1.19.0/STM32CubeIDE/plugins/com.st.stm32cube.ide.mcu.externaltools.gnu-tools-for-stm32.13.3.rel1.win32_1.0.0.202411081344/tools/bin/../lib/gcc/arm-none-eabi/13.3.1/../../../../arm-none-eabi/lib/thumb/v7e-m+fp/hard\libc_nano.a(libc_a-init.o)
                0x08005934                __libc_init_array
 *(.glue_7)
 .glue_7        0x0800597c        0x0 linker stubs
 *(.glue_7t)
 .glue_7t       0x0800597c        0x0 linker stubs
 *(.eh_frame)
 .eh_frame      0x0800597c        0x0 C:/ST/STM32CubeIDE_1.19.0/STM32CubeIDE/plugins/com.st.stm32cube.ide.mcu.externaltools.gnu-tools-for-stm32.13.3.rel1.win32_1.0.0.202411081344/tools/bin/../lib/gcc/arm-none-eabi/13.3.1/thumb/v7e-m+fp/hard/crtbegin.o
 *(.init)
 .init          0x0800597c        0x4 C:/ST/STM32CubeIDE_1.19.0/STM32CubeIDE/plugins/com.st.stm32cube.ide.mcu.externaltools.gnu-tools-for-stm32.13.3.rel1.win32_1.0.0.202411081344/tools/bin/../lib/gcc/arm-none-eabi/13.3.1/thumb/v7e-m+fp/hard/crti.o
                0x0800597c                _init
 .init          0x08005980        0x8 C:/ST/STM32CubeIDE_1.19.0/STM32CubeIDE/plugins/com.st.stm32cube.ide.mcu.externaltools.gnu-tools-for-stm32.13.3.rel1.win32_1.0.0.202411081344/tools/bin/../lib/gcc/arm-none-eabi/13.3.1/thumb/v7e-m+fp/hard/crtn.o
 *(.fini)
 .fini          0x08005988        0x4 C:/ST/STM32CubeIDE_1.19.0/STM32CubeIDE/plugins/com.st.stm32cube.ide.mcu.externaltools.gnu-tools-for-stm32.13.3.rel1.win32_1.0.0.202411081344/tools/bin/../lib/gcc/arm-none-eabi/13.3.1/thumb/v7e-m+fp/hard/crti.o
                0x08005988                _fini
 .fini          0x0800598c        0x8 C:/ST/STM32CubeIDE_1.19.0/STM32CubeIDE/plugins/com.st.stm32cube.ide.mcu.externaltools.gnu-tools-for-stm32.13.3.rel1.win32_1.0.0.202411081344/tools/bin/../lib/gcc/arm-none-eabi/13.3.1/thumb/v7e-m+fp/hard/crtn.o
                0x08005994                        . = ALIGN (0x4)
                0x08005994                        _etext = .

.vfp11_veneer   0x08005994        0x0
 .vfp11_veneer  0x08005994        0x0 linker stubs

.v4_bx          0x08005994        0x0
 .v4_bx         0x08005994        0x0 linker stubs

.iplt           0x08005994        0x0
 .iplt          0x08005994        0x0 C:/ST/STM32CubeIDE_1.19.0/STM32CubeIDE/plugins/com.st.stm32cube.ide.mcu.externaltools.gnu-tools-for-stm32.13.3.rel1.win32_1.0.0.202411081344/tools/bin/../lib/gcc/arm-none-eabi/13.3.1/thumb/v7e-m+fp/hard/crtbegin.o

.rodata         0x08005994       0x20
                0x08005994                        . = ALIGN (0x4)
 *(.rodata)
 *(.rodata*)
 .rodata.AHBPrescTable
                0x08005994       0x10 ./Core/Src/system_stm32f4xx.o
                0x08005994                AHBPrescTable
 .rodata.APBPrescTable
                0x080059a4        0x8 ./Core/Src/system_stm32f4xx.o
                0x080059a4                APBPrescTable
 .rodata.flagBitshiftOffset.0
                0x080059ac        0x8 ./Drivers/STM32F4xx_HAL_Driver/Src/stm32f4xx_hal_dma.o
                0x080059b4                        . = ALIGN (0x4)

.ARM.extab      0x080059b4        0x0
                0x080059b4                        . = ALIGN (0x4)
 *(.ARM.extab* .gnu.linkonce.armextab.*)
                0x080059b4                        . = ALIGN (0x4)

.ARM            0x080059b4        0x8
                0x080059b4                        . = ALIGN (0x4)
                0x080059b4                        __exidx_start = .
 *(.ARM.exidx*)
 .ARM.exidx     0x080059b4        0x8 C:/ST/STM32CubeIDE_1.19.0/STM32CubeIDE/plugins/com.st.stm32cube.ide.mcu.externaltools.gnu-tools-for-stm32.13.3.rel1.win32_1.0.0.202411081344/tools/bin/../lib/gcc/arm-none-eabi/13.3.1/thumb/v7e-m+fp/hard\libgcc.a(_udivmoddi4.o)
                0x080059bc                        __exidx_end = .
                0x080059bc                        . = ALIGN (0x4)

.preinit_array  0x080059bc        0x0
                0x080059bc                        . = ALIGN (0x4)
                0x080059bc                        PROVIDE (__preinit_array_start = .)
 *(.preinit_array*)
                0x080059bc                        PROVIDE (__preinit_array_end = .)
                0x080059bc                        . = ALIGN (0x4)

.init_array     0x080059bc        0x4
                0x080059bc                        . = ALIGN (0x4)
                0x080059bc                        PROVIDE (__init_array_start = .)
 *(SORT_BY_NAME(.init_array.*))
 *(.init_array*)
 .init_array    0x080059bc        0x4 C:/ST/STM32CubeIDE_1.19.0/STM32CubeIDE/plugins/com.st.stm32cube.ide.mcu.externaltools.gnu-tools-for-stm32.13.3.rel1.win32_1.0.0.202411081344/tools/bin/../lib/gcc/arm-none-eabi/13.3.1/thumb/v7e-m+fp/hard/crtbegin.o
                0x080059c0                        PROVIDE (__init_array_end = .)
                0x080059c0                        . = ALIGN (0x4)

.fini_array     0x080059c0        0x4
                0x080059c0                        . = ALIGN (0x4)
                [!provide]                        PROVIDE (__fini_array_start = .)
 *(SORT_BY_NAME(.fini_array.*))
 *(.fini_array*)
 .fini_array    0x080059c0        0x4 C:/ST/STM32CubeIDE_1.19.0/STM32CubeIDE/plugins/com.st.stm32cube.ide.mcu.externaltools.gnu-tools-for-stm32.13.3.rel1.win32_1.0.0.202411081344/tools/bin/../lib/gcc/arm-none-eabi/13.3.1/thumb/v7e-m+fp/hard/crtbegin.o
                [!provide]                        PROVIDE (__fini_array_end = .)
                0x080059c4                        . = ALIGN (0x4)
                0x080059c4                        _sidata = LOADADDR (.data)

.rel.dyn        0x080059c4        0x0
 .rel.iplt      0x080059c4        0x0 C:/ST/STM32CubeIDE_1.19.0/STM32CubeIDE/plugins/com.st.stm32cube.ide.mcu.externaltools.gnu-tools-for-stm32.13.3.rel1.win32_1.0.0.202411081344/tools/bin/../lib/gcc/arm-none-eabi/13.3.1/thumb/v7e-m+fp/hard/crtbegin.o

.data           0x20000000        0xc load address 0x080059c4
                0x20000000                        . = ALIGN (0x4)
                0x20000000                        _sdata = .
 *(.data)
 *(.data*)
 .data.SystemCoreClock
                0x20000000        0x4 ./Core/Src/system_stm32f4xx.o
                0x20000000                SystemCoreClock
 .data.uwTickPrio
                0x20000004        0x4 ./Drivers/STM32F4xx_HAL_Driver/Src/stm32f4xx_hal.o
                0x20000004                uwTickPrio
 .data.uwTickFreq
                0x20000008        0x1 ./Drivers/STM32F4xx_HAL_Driver/Src/stm32f4xx_hal.o
                0x20000008                uwTickFreq
 *(.RamFunc)
 *(.RamFunc*)
                0x2000000c                        . = ALIGN (0x4)
 *fill*         0x20000009        0x3 
                0x2000000c                        _edata = .
                0x080059d0                        _siccmram = LOADADDR (.ccmram)

.igot.plt       0x2000000c        0x0 load address 0x080059d0
 .igot.plt      0x2000000c        0x0 C:/ST/STM32CubeIDE_1.19.0/STM32CubeIDE/plugins/com.st.stm32cube.ide.mcu.externaltools.gnu-tools-for-stm32.13.3.rel1.win32_1.0.0.202411081344/tools/bin/../lib/gcc/arm-none-eabi/13.3.1/thumb/v7e-m+fp/hard/crtbegin.o

.ccmram         0x10000000        0x0 load address 0x080059d0
                0x10000000                        . = ALIGN (0x4)
                0x10000000                        _sccmram = .
 *(.ccmram)
 *(.ccmram*)
                0x10000000                        . = ALIGN (0x4)
                0x10000000                        _eccmram = .
                0x10000000                        . = ALIGN (0x4)

.bss            0x2000000c      0x46c
                0x2000000c                        _sbss = .
                0x2000000c                        __bss_start__ = _sbss
 *(.bss)
 .bss           0x2000000c       0x1c C:/ST/STM32CubeIDE_1.19.0/STM32CubeIDE/plugins/com.st.stm32cube.ide.mcu.externaltools.gnu-tools-for-stm32.13.3.rel1.win32_1.0.0.202411081344/tools/bin/../lib/gcc/arm-none-eabi/13.3.1/thumb/v7e-m+fp/hard/crtbegin.o
 *(.bss*)
 .bss.rc_ctrl   0x20000028       0x16 ./Core/Src/Dbus.o
                0x20000028                rc_ctrl
 .bss.DR16_Received
                0x2000003e        0x2 ./Core/Src/Dbus.o
                0x2000003e                DR16_Received
 .bss.c         0x20000040        0x1 ./Core/Src/Dbus.o
                0x20000040                c
 *fill*         0x20000041        0x3 
 .bss.Data      0x20000044        0x8 ./Core/Src/bsp_can.o
                0x20000044                Data
 .bss.current_angle
                0x2000004c       0x10 ./Core/Src/bsp_can.o
                0x2000004c                current_angle
 .bss.Last_angle
                0x2000005c       0x10 ./Core/Src/bsp_can.o
                0x2000005c                Last_angle
 .bss.err       0x2000006c       0x10 ./Core/Src/bsp_can.o
                0x2000006c                err
 .bss.a         0x2000007c       0x10 ./Core/Src/bsp_can.o
                0x2000007c                a
 .bss.Engine    0x2000008c       0x60 ./Core/Src/bsp_can.o
                0x2000008c                Engine
 .bss.flag      0x200000ec        0x4 ./Core/Src/bsp_can.o
 .bss.txheader.1
                0x200000f0       0x18 ./Core/Src/bsp_can.o
 .bss.Rxheader.0
                0x20000108       0x1c ./Core/Src/bsp_can.o
 .bss.hcan1     0x20000124       0x28 ./Core/Src/can.o
                0x20000124                hcan1
 .bss.DBUS_rx_buf
                0x2000014c       0x24 ./Core/Src/main.o
                0x2000014c                DBUS_rx_buf
 .bss.f         0x20000170        0x4 ./Core/Src/main.o
                0x20000170                f
 .bss.L1        0x20000174        0x4 ./Core/Src/main.o
                0x20000174                L1
 .bss.L2        0x20000178        0x4 ./Core/Src/main.o
                0x20000178                L2
 .bss.R1        0x2000017c        0x4 ./Core/Src/main.o
                0x2000017c                R1
 .bss.R2        0x20000180        0x4 ./Core/Src/main.o
                0x20000180                R2
 .bss.speed_pid
                0x20000184      0x100 ./Core/Src/pid.o
                0x20000184                speed_pid
 .bss.position_pid
                0x20000284      0x100 ./Core/Src/pid.o
                0x20000284                position_pid
 .bss.htim1     0x20000384       0x48 ./Core/Src/tim.o
                0x20000384                htim1
 .bss.huart3    0x200003cc       0x48 ./Core/Src/usart.o
                0x200003cc                huart3
 .bss.hdma_usart3_rx
                0x20000414       0x60 ./Core/Src/usart.o
                0x20000414                hdma_usart3_rx
 .bss.uwTick    0x20000474        0x4 ./Drivers/STM32F4xx_HAL_Driver/Src/stm32f4xx_hal.o
                0x20000474                uwTick
 *(COMMON)
                0x20000478                        . = ALIGN (0x4)
                0x20000478                        _ebss = .
                0x20000478                        __bss_end__ = _ebss

._user_heap_stack
                0x20000478      0x600
                0x20000478                        . = ALIGN (0x8)
                [!provide]                        PROVIDE (end = .)
                0x20000478                        PROVIDE (_end = .)
                0x20000678                        . = (. + _Min_Heap_Size)
 *fill*         0x20000478      0x200 
                0x20000a78                        . = (. + _Min_Stack_Size)
 *fill*         0x20000678      0x400 
                0x20000a78                        . = ALIGN (0x8)

/DISCARD/
 libc.a(*)
 libm.a(*)
 libgcc.a(*)

.ARM.attributes
                0x00000000       0x30
 *(.ARM.attributes)
 .ARM.attributes
                0x00000000       0x22 C:/ST/STM32CubeIDE_1.19.0/STM32CubeIDE/plugins/com.st.stm32cube.ide.mcu.externaltools.gnu-tools-for-stm32.13.3.rel1.win32_1.0.0.202411081344/tools/bin/../lib/gcc/arm-none-eabi/13.3.1/thumb/v7e-m+fp/hard/crti.o
 .ARM.attributes
                0x00000022       0x34 C:/ST/STM32CubeIDE_1.19.0/STM32CubeIDE/plugins/com.st.stm32cube.ide.mcu.externaltools.gnu-tools-for-stm32.13.3.rel1.win32_1.0.0.202411081344/tools/bin/../lib/gcc/arm-none-eabi/13.3.1/thumb/v7e-m+fp/hard/crtbegin.o
 .ARM.attributes
                0x00000056       0x34 ./Core/Src/Dbus.o
 .ARM.attributes
                0x0000008a       0x34 ./Core/Src/bsp_can.o
 .ARM.attributes
                0x000000be       0x34 ./Core/Src/can.o
 .ARM.attributes
                0x000000f2       0x34 ./Core/Src/dma.o
 .ARM.attributes
                0x00000126       0x34 ./Core/Src/gpio.o
 .ARM.attributes
                0x0000015a       0x34 ./Core/Src/main.o
 .ARM.attributes
                0x0000018e       0x34 ./Core/Src/pid.o
 .ARM.attributes
                0x000001c2       0x34 ./Core/Src/stm32f4xx_hal_msp.o
 .ARM.attributes
                0x000001f6       0x34 ./Core/Src/stm32f4xx_it.o
 .ARM.attributes
                0x0000022a       0x34 ./Core/Src/system_stm32f4xx.o
 .ARM.attributes
                0x0000025e       0x34 ./Core/Src/tim.o
 .ARM.attributes
                0x00000292       0x34 ./Core/Src/usart.o
 .ARM.attributes
                0x000002c6       0x21 ./Core/Startup/startup_stm32f407ighx.o
 .ARM.attributes
                0x000002e7       0x34 ./Drivers/STM32F4xx_HAL_Driver/Src/stm32f4xx_hal.o
 .ARM.attributes
                0x0000031b       0x34 ./Drivers/STM32F4xx_HAL_Driver/Src/stm32f4xx_hal_can.o
 .ARM.attributes
                0x0000034f       0x34 ./Drivers/STM32F4xx_HAL_Driver/Src/stm32f4xx_hal_cortex.o
 .ARM.attributes
                0x00000383       0x34 ./Drivers/STM32F4xx_HAL_Driver/Src/stm32f4xx_hal_dma.o
 .ARM.attributes
                0x000003b7       0x34 ./Drivers/STM32F4xx_HAL_Driver/Src/stm32f4xx_hal_gpio.o
 .ARM.attributes
                0x000003eb       0x34 ./Drivers/STM32F4xx_HAL_Driver/Src/stm32f4xx_hal_rcc.o
 .ARM.attributes
                0x0000041f       0x34 ./Drivers/STM32F4xx_HAL_Driver/Src/stm32f4xx_hal_tim.o
 .ARM.attributes
                0x00000453       0x34 ./Drivers/STM32F4xx_HAL_Driver/Src/stm32f4xx_hal_tim_ex.o
 .ARM.attributes
                0x00000487       0x34 ./Drivers/STM32F4xx_HAL_Driver/Src/stm32f4xx_hal_uart.o
 .ARM.attributes
                0x000004bb       0x34 C:/ST/STM32CubeIDE_1.19.0/STM32CubeIDE/plugins/com.st.stm32cube.ide.mcu.externaltools.gnu-tools-for-stm32.13.3.rel1.win32_1.0.0.202411081344/tools/bin/../lib/gcc/arm-none-eabi/13.3.1/../../../../arm-none-eabi/lib/thumb/v7e-m+fp/hard\libc_nano.a(libc_a-memset.o)
 .ARM.attributes
                0x000004ef       0x34 C:/ST/STM32CubeIDE_1.19.0/STM32CubeIDE/plugins/com.st.stm32cube.ide.mcu.externaltools.gnu-tools-for-stm32.13.3.rel1.win32_1.0.0.202411081344/tools/bin/../lib/gcc/arm-none-eabi/13.3.1/../../../../arm-none-eabi/lib/thumb/v7e-m+fp/hard\libc_nano.a(libc_a-init.o)
 .ARM.attributes
                0x00000523       0x22 C:/ST/STM32CubeIDE_1.19.0/STM32CubeIDE/plugins/com.st.stm32cube.ide.mcu.externaltools.gnu-tools-for-stm32.13.3.rel1.win32_1.0.0.202411081344/tools/bin/../lib/gcc/arm-none-eabi/13.3.1/thumb/v7e-m+fp/hard\libgcc.a(_aeabi_uldivmod.o)
 .ARM.attributes
                0x00000545       0x34 C:/ST/STM32CubeIDE_1.19.0/STM32CubeIDE/plugins/com.st.stm32cube.ide.mcu.externaltools.gnu-tools-for-stm32.13.3.rel1.win32_1.0.0.202411081344/tools/bin/../lib/gcc/arm-none-eabi/13.3.1/thumb/v7e-m+fp/hard\libgcc.a(_udivmoddi4.o)
 .ARM.attributes
                0x00000579       0x22 C:/ST/STM32CubeIDE_1.19.0/STM32CubeIDE/plugins/com.st.stm32cube.ide.mcu.externaltools.gnu-tools-for-stm32.13.3.rel1.win32_1.0.0.202411081344/tools/bin/../lib/gcc/arm-none-eabi/13.3.1/thumb/v7e-m+fp/hard\libgcc.a(_dvmd_tls.o)
 .ARM.attributes
                0x0000059b       0x22 C:/ST/STM32CubeIDE_1.19.0/STM32CubeIDE/plugins/com.st.stm32cube.ide.mcu.externaltools.gnu-tools-for-stm32.13.3.rel1.win32_1.0.0.202411081344/tools/bin/../lib/gcc/arm-none-eabi/13.3.1/thumb/v7e-m+fp/hard/crtn.o
OUTPUT(Hero_Chassis.elf elf32-littlearm)
LOAD linker stubs
LOAD C:/ST/STM32CubeIDE_1.19.0/STM32CubeIDE/plugins/com.st.stm32cube.ide.mcu.externaltools.gnu-tools-for-stm32.13.3.rel1.win32_1.0.0.202411081344/tools/bin/../lib/gcc/arm-none-eabi/13.3.1/../../../../arm-none-eabi/lib/thumb/v7e-m+fp/hard\libc.a
LOAD C:/ST/STM32CubeIDE_1.19.0/STM32CubeIDE/plugins/com.st.stm32cube.ide.mcu.externaltools.gnu-tools-for-stm32.13.3.rel1.win32_1.0.0.202411081344/tools/bin/../lib/gcc/arm-none-eabi/13.3.1/../../../../arm-none-eabi/lib/thumb/v7e-m+fp/hard\libm.a
LOAD C:/ST/STM32CubeIDE_1.19.0/STM32CubeIDE/plugins/com.st.stm32cube.ide.mcu.externaltools.gnu-tools-for-stm32.13.3.rel1.win32_1.0.0.202411081344/tools/bin/../lib/gcc/arm-none-eabi/13.3.1/thumb/v7e-m+fp/hard\libgcc.a

.debug_info     0x00000000    0x11d89
 .debug_info    0x00000000      0x8c8 ./Core/Src/Dbus.o
 .debug_info    0x000008c8      0xa8d ./Core/Src/bsp_can.o
 .debug_info    0x00001355      0xabb ./Core/Src/can.o
 .debug_info    0x00001e10      0x4ad ./Core/Src/dma.o
 .debug_info    0x000022bd      0x29f ./Core/Src/gpio.o
 .debug_info    0x0000255c     0x1791 ./Core/Src/main.o
 .debug_info    0x00003ced      0x741 ./Core/Src/pid.o
 .debug_info    0x0000442e      0x269 ./Core/Src/stm32f4xx_hal_msp.o
 .debug_info    0x00004697      0xdaa ./Core/Src/stm32f4xx_it.o
 .debug_info    0x00005441      0x512 ./Core/Src/system_stm32f4xx.o
 .debug_info    0x00005953      0xc03 ./Core/Src/tim.o
 .debug_info    0x00006556      0xbca ./Core/Src/usart.o
 .debug_info    0x00007120       0x30 ./Core/Startup/startup_stm32f407ighx.o
 .debug_info    0x00007150      0x944 ./Drivers/STM32F4xx_HAL_Driver/Src/stm32f4xx_hal.o
 .debug_info    0x00007a94      0xf49 ./Drivers/STM32F4xx_HAL_Driver/Src/stm32f4xx_hal_can.o
 .debug_info    0x000089dd      0xd8c ./Drivers/STM32F4xx_HAL_Driver/Src/stm32f4xx_hal_cortex.o
 .debug_info    0x00009769      0x8e7 ./Drivers/STM32F4xx_HAL_Driver/Src/stm32f4xx_hal_dma.o
 .debug_info    0x0000a050      0x6c3 ./Drivers/STM32F4xx_HAL_Driver/Src/stm32f4xx_hal_gpio.o
 .debug_info    0x0000a713      0x8af ./Drivers/STM32F4xx_HAL_Driver/Src/stm32f4xx_hal_rcc.o
 .debug_info    0x0000afc2     0x299d ./Drivers/STM32F4xx_HAL_Driver/Src/stm32f4xx_hal_tim.o
 .debug_info    0x0000d95f     0x14db ./Drivers/STM32F4xx_HAL_Driver/Src/stm32f4xx_hal_tim_ex.o
 .debug_info    0x0000ee3a     0x2f4f ./Drivers/STM32F4xx_HAL_Driver/Src/stm32f4xx_hal_uart.o

.debug_abbrev   0x00000000     0x2c94
 .debug_abbrev  0x00000000      0x254 ./Core/Src/Dbus.o
 .debug_abbrev  0x00000254      0x22d ./Core/Src/bsp_can.o
 .debug_abbrev  0x00000481      0x21f ./Core/Src/can.o
 .debug_abbrev  0x000006a0      0x10e ./Core/Src/dma.o
 .debug_abbrev  0x000007ae       0xd8 ./Core/Src/gpio.o
 .debug_abbrev  0x00000886      0x33e ./Core/Src/main.o
 .debug_abbrev  0x00000bc4      0x237 ./Core/Src/pid.o
 .debug_abbrev  0x00000dfb       0xd8 ./Core/Src/stm32f4xx_hal_msp.o
 .debug_abbrev  0x00000ed3      0x1df ./Core/Src/stm32f4xx_it.o
 .debug_abbrev  0x000010b2      0x11a ./Core/Src/system_stm32f4xx.o
 .debug_abbrev  0x000011cc      0x1f7 ./Core/Src/tim.o
 .debug_abbrev  0x000013c3      0x22c ./Core/Src/usart.o
 .debug_abbrev  0x000015ef       0x24 ./Core/Startup/startup_stm32f407ighx.o
 .debug_abbrev  0x00001613      0x214 ./Drivers/STM32F4xx_HAL_Driver/Src/stm32f4xx_hal.o
 .debug_abbrev  0x00001827      0x258 ./Drivers/STM32F4xx_HAL_Driver/Src/stm32f4xx_hal_can.o
 .debug_abbrev  0x00001a7f      0x31d ./Drivers/STM32F4xx_HAL_Driver/Src/stm32f4xx_hal_cortex.o
 .debug_abbrev  0x00001d9c      0x264 ./Drivers/STM32F4xx_HAL_Driver/Src/stm32f4xx_hal_dma.o
 .debug_abbrev  0x00002000      0x1d4 ./Drivers/STM32F4xx_HAL_Driver/Src/stm32f4xx_hal_gpio.o
 .debug_abbrev  0x000021d4      0x2b7 ./Drivers/STM32F4xx_HAL_Driver/Src/stm32f4xx_hal_rcc.o
 .debug_abbrev  0x0000248b      0x278 ./Drivers/STM32F4xx_HAL_Driver/Src/stm32f4xx_hal_tim.o
 .debug_abbrev  0x00002703      0x283 ./Drivers/STM32F4xx_HAL_Driver/Src/stm32f4xx_hal_tim_ex.o
 .debug_abbrev  0x00002986      0x30e ./Drivers/STM32F4xx_HAL_Driver/Src/stm32f4xx_hal_uart.o

.debug_aranges  0x00000000      0xf10
 .debug_aranges
                0x00000000       0x38 ./Core/Src/Dbus.o
 .debug_aranges
                0x00000038       0x48 ./Core/Src/bsp_can.o
 .debug_aranges
                0x00000080       0x30 ./Core/Src/can.o
 .debug_aranges
                0x000000b0       0x20 ./Core/Src/dma.o
 .debug_aranges
                0x000000d0       0x20 ./Core/Src/gpio.o
 .debug_aranges
                0x000000f0       0x48 ./Core/Src/main.o
 .debug_aranges
                0x00000138       0x80 ./Core/Src/pid.o
 .debug_aranges
                0x000001b8       0x20 ./Core/Src/stm32f4xx_hal_msp.o
 .debug_aranges
                0x000001d8       0x80 ./Core/Src/stm32f4xx_it.o
 .debug_aranges
                0x00000258       0x28 ./Core/Src/system_stm32f4xx.o
 .debug_aranges
                0x00000280       0x30 ./Core/Src/tim.o
 .debug_aranges
                0x000002b0       0x30 ./Core/Src/usart.o
 .debug_aranges
                0x000002e0       0x28 ./Core/Startup/startup_stm32f407ighx.o
 .debug_aranges
                0x00000308       0xf0 ./Drivers/STM32F4xx_HAL_Driver/Src/stm32f4xx_hal.o
 .debug_aranges
                0x000003f8      0x138 ./Drivers/STM32F4xx_HAL_Driver/Src/stm32f4xx_hal_can.o
 .debug_aranges
                0x00000530      0x130 ./Drivers/STM32F4xx_HAL_Driver/Src/stm32f4xx_hal_cortex.o
 .debug_aranges
                0x00000660       0x90 ./Drivers/STM32F4xx_HAL_Driver/Src/stm32f4xx_hal_dma.o
 .debug_aranges
                0x000006f0       0x58 ./Drivers/STM32F4xx_HAL_Driver/Src/stm32f4xx_hal_gpio.o
 .debug_aranges
                0x00000748       0x88 ./Drivers/STM32F4xx_HAL_Driver/Src/stm32f4xx_hal_rcc.o
 .debug_aranges
                0x000007d0      0x3d0 ./Drivers/STM32F4xx_HAL_Driver/Src/stm32f4xx_hal_tim.o
 .debug_aranges
                0x00000ba0      0x168 ./Drivers/STM32F4xx_HAL_Driver/Src/stm32f4xx_hal_tim_ex.o
 .debug_aranges
                0x00000d08      0x208 ./Drivers/STM32F4xx_HAL_Driver/Src/stm32f4xx_hal_uart.o

.debug_rnglists
                0x00000000      0xba5
 .debug_rnglists
                0x00000000       0x27 ./Core/Src/Dbus.o
 .debug_rnglists
                0x00000027       0x34 ./Core/Src/bsp_can.o
 .debug_rnglists
                0x0000005b       0x20 ./Core/Src/can.o
 .debug_rnglists
                0x0000007b       0x13 ./Core/Src/dma.o
 .debug_rnglists
                0x0000008e       0x14 ./Core/Src/gpio.o
 .debug_rnglists
                0x000000a2       0x34 ./Core/Src/main.o
 .debug_rnglists
                0x000000d6       0x61 ./Core/Src/pid.o
 .debug_rnglists
                0x00000137       0x13 ./Core/Src/stm32f4xx_hal_msp.o
 .debug_rnglists
                0x0000014a       0x5b ./Core/Src/stm32f4xx_it.o
 .debug_rnglists
                0x000001a5       0x1a ./Core/Src/system_stm32f4xx.o
 .debug_rnglists
                0x000001bf       0x20 ./Core/Src/tim.o
 .debug_rnglists
                0x000001df       0x20 ./Core/Src/usart.o
 .debug_rnglists
                0x000001ff       0x19 ./Core/Startup/startup_stm32f407ighx.o
 .debug_rnglists
                0x00000218       0xaf ./Drivers/STM32F4xx_HAL_Driver/Src/stm32f4xx_hal.o
 .debug_rnglists
                0x000002c7       0xee ./Drivers/STM32F4xx_HAL_Driver/Src/stm32f4xx_hal_can.o
 .debug_rnglists
                0x000003b5       0xe0 ./Drivers/STM32F4xx_HAL_Driver/Src/stm32f4xx_hal_cortex.o
 .debug_rnglists
                0x00000495       0x70 ./Drivers/STM32F4xx_HAL_Driver/Src/stm32f4xx_hal_dma.o
 .debug_rnglists
                0x00000505       0x3f ./Drivers/STM32F4xx_HAL_Driver/Src/stm32f4xx_hal_gpio.o
 .debug_rnglists
                0x00000544       0x66 ./Drivers/STM32F4xx_HAL_Driver/Src/stm32f4xx_hal_rcc.o
 .debug_rnglists
                0x000005aa      0x31a ./Drivers/STM32F4xx_HAL_Driver/Src/stm32f4xx_hal_tim.o
 .debug_rnglists
                0x000008c4      0x125 ./Drivers/STM32F4xx_HAL_Driver/Src/stm32f4xx_hal_tim_ex.o
 .debug_rnglists
                0x000009e9      0x1bc ./Drivers/STM32F4xx_HAL_Driver/Src/stm32f4xx_hal_uart.o

.debug_macro    0x00000000    0x2271b
 .debug_macro   0x00000000      0x2c9 ./Core/Src/Dbus.o
 .debug_macro   0x000002c9      0xad8 ./Core/Src/Dbus.o
 .debug_macro   0x00000da1      0x2a1 ./Core/Src/Dbus.o
 .debug_macro   0x00001042       0x2e ./Core/Src/Dbus.o
 .debug_macro   0x00001070       0x2f ./Core/Src/Dbus.o
 .debug_macro   0x0000109f       0x22 ./Core/Src/Dbus.o
 .debug_macro   0x000010c1       0x8e ./Core/Src/Dbus.o
 .debug_macro   0x0000114f       0x51 ./Core/Src/Dbus.o
 .debug_macro   0x000011a0      0x103 ./Core/Src/Dbus.o
 .debug_macro   0x000012a3       0x6a ./Core/Src/Dbus.o
 .debug_macro   0x0000130d      0x1df ./Core/Src/Dbus.o
 .debug_macro   0x000014ec       0x1c ./Core/Src/Dbus.o
 .debug_macro   0x00001508       0x22 ./Core/Src/Dbus.o
 .debug_macro   0x0000152a       0xfb ./Core/Src/Dbus.o
 .debug_macro   0x00001625     0x1011 ./Core/Src/Dbus.o
 .debug_macro   0x00002636      0x11f ./Core/Src/Dbus.o
 .debug_macro   0x00002755    0x15e97 ./Core/Src/Dbus.o
 .debug_macro   0x000185ec       0x6d ./Core/Src/Dbus.o
 .debug_macro   0x00018659     0x369a ./Core/Src/Dbus.o
 .debug_macro   0x0001bcf3      0x190 ./Core/Src/Dbus.o
 .debug_macro   0x0001be83       0x5c ./Core/Src/Dbus.o
 .debug_macro   0x0001bedf      0x980 ./Core/Src/Dbus.o
 .debug_macro   0x0001c85f      0x9e9 ./Core/Src/Dbus.o
 .debug_macro   0x0001d248      0x115 ./Core/Src/Dbus.o
 .debug_macro   0x0001d35d      0x13e ./Core/Src/Dbus.o
 .debug_macro   0x0001d49b       0xa5 ./Core/Src/Dbus.o
 .debug_macro   0x0001d540      0x174 ./Core/Src/Dbus.o
 .debug_macro   0x0001d6b4      0x287 ./Core/Src/Dbus.o
 .debug_macro   0x0001d93b       0x5f ./Core/Src/Dbus.o
 .debug_macro   0x0001d99a      0x236 ./Core/Src/Dbus.o
 .debug_macro   0x0001dbd0      0x40f ./Core/Src/Dbus.o
 .debug_macro   0x0001dfdf      0x12c ./Core/Src/Dbus.o
 .debug_macro   0x0001e10b      0x21e ./Core/Src/Dbus.o
 .debug_macro   0x0001e329       0x2e ./Core/Src/Dbus.o
 .debug_macro   0x0001e357      0x127 ./Core/Src/Dbus.o
 .debug_macro   0x0001e47e       0x7e ./Core/Src/Dbus.o
 .debug_macro   0x0001e4fc       0x89 ./Core/Src/Dbus.o
 .debug_macro   0x0001e585      0x8ed ./Core/Src/Dbus.o
 .debug_macro   0x0001ee72       0x4d ./Core/Src/Dbus.o
 .debug_macro   0x0001eebf      0x2aa ./Core/Src/Dbus.o
 .debug_macro   0x0001f169      0x12d ./Core/Src/Dbus.o
 .debug_macro   0x0001f296       0x94 ./Core/Src/Dbus.o
 .debug_macro   0x0001f32a       0x61 ./Core/Src/Dbus.o
 .debug_macro   0x0001f38b       0x2a ./Core/Src/Dbus.o
 .debug_macro   0x0001f3b5       0x43 ./Core/Src/Dbus.o
 .debug_macro   0x0001f3f8       0x34 ./Core/Src/Dbus.o
 .debug_macro   0x0001f42c      0x370 ./Core/Src/Dbus.o
 .debug_macro   0x0001f79c       0x16 ./Core/Src/Dbus.o
 .debug_macro   0x0001f7b2       0x4a ./Core/Src/Dbus.o
 .debug_macro   0x0001f7fc       0x34 ./Core/Src/Dbus.o
 .debug_macro   0x0001f830       0x10 ./Core/Src/Dbus.o
 .debug_macro   0x0001f840       0x58 ./Core/Src/Dbus.o
 .debug_macro   0x0001f898       0x8e ./Core/Src/Dbus.o
 .debug_macro   0x0001f926       0x1c ./Core/Src/Dbus.o
 .debug_macro   0x0001f942      0x185 ./Core/Src/Dbus.o
 .debug_macro   0x0001fac7       0x10 ./Core/Src/Dbus.o
 .debug_macro   0x0001fad7       0x3c ./Core/Src/Dbus.o
 .debug_macro   0x0001fb13       0x20 ./Core/Src/Dbus.o
 .debug_macro   0x0001fb33      0x21a ./Core/Src/bsp_can.o
 .debug_macro   0x0001fd4d       0x10 ./Core/Src/bsp_can.o
 .debug_macro   0x0001fd5d       0x22 ./Core/Src/bsp_can.o
 .debug_macro   0x0001fd7f      0x1ec ./Core/Src/can.o
 .debug_macro   0x0001ff6b      0x1ec ./Core/Src/dma.o
 .debug_macro   0x00020157      0x1ec ./Core/Src/gpio.o
 .debug_macro   0x00020343      0x38a ./Core/Src/main.o
 .debug_macro   0x000206cd       0x9a ./Core/Src/main.o
 .debug_macro   0x00020767       0x16 ./Core/Src/main.o
 .debug_macro   0x0002077d       0x16 ./Core/Src/main.o
 .debug_macro   0x00020793       0x10 ./Core/Src/main.o
 .debug_macro   0x000207a3       0x16 ./Core/Src/main.o
 .debug_macro   0x000207b9       0x16 ./Core/Src/main.o
 .debug_macro   0x000207cf      0x146 ./Core/Src/main.o
 .debug_macro   0x00020915       0x16 ./Core/Src/main.o
 .debug_macro   0x0002092b       0x16 ./Core/Src/main.o
 .debug_macro   0x00020941       0x29 ./Core/Src/main.o
 .debug_macro   0x0002096a       0x16 ./Core/Src/main.o
 .debug_macro   0x00020980      0x2e4 ./Core/Src/pid.o
 .debug_macro   0x00020c64      0x1e2 ./Core/Src/stm32f4xx_hal_msp.o
 .debug_macro   0x00020e46      0x1ec ./Core/Src/stm32f4xx_it.o
 .debug_macro   0x00021032      0x1d8 ./Core/Src/system_stm32f4xx.o
 .debug_macro   0x0002120a      0x1ec ./Core/Src/tim.o
 .debug_macro   0x000213f6      0x1ec ./Core/Src/usart.o
 .debug_macro   0x000215e2      0x238 ./Drivers/STM32F4xx_HAL_Driver/Src/stm32f4xx_hal.o
 .debug_macro   0x0002181a      0x1e7 ./Drivers/STM32F4xx_HAL_Driver/Src/stm32f4xx_hal_can.o
 .debug_macro   0x00021a01      0x1d8 ./Drivers/STM32F4xx_HAL_Driver/Src/stm32f4xx_hal_cortex.o
 .debug_macro   0x00021bd9      0x1de ./Drivers/STM32F4xx_HAL_Driver/Src/stm32f4xx_hal_dma.o
 .debug_macro   0x00021db7      0x1de ./Drivers/STM32F4xx_HAL_Driver/Src/stm32f4xx_hal_gpio.o
 .debug_macro   0x00021f95      0x1fc ./Drivers/STM32F4xx_HAL_Driver/Src/stm32f4xx_hal_rcc.o
 .debug_macro   0x00022191      0x1d9 ./Drivers/STM32F4xx_HAL_Driver/Src/stm32f4xx_hal_tim.o
 .debug_macro   0x0002236a      0x1d8 ./Drivers/STM32F4xx_HAL_Driver/Src/stm32f4xx_hal_tim_ex.o
 .debug_macro   0x00022542      0x1d9 ./Drivers/STM32F4xx_HAL_Driver/Src/stm32f4xx_hal_uart.o

.debug_line     0x00000000    0x13372
 .debug_line    0x00000000      0xa49 ./Core/Src/Dbus.o
 .debug_line    0x00000a49      0x978 ./Core/Src/bsp_can.o
 .debug_line    0x000013c1      0x7d2 ./Core/Src/can.o
 .debug_line    0x00001b93      0x759 ./Core/Src/dma.o
 .debug_line    0x000022ec      0x75c ./Core/Src/gpio.o
 .debug_line    0x00002a48      0xa7f ./Core/Src/main.o
 .debug_line    0x000034c7      0xc9e ./Core/Src/pid.o
 .debug_line    0x00004165      0x75e ./Core/Src/stm32f4xx_hal_msp.o
 .debug_line    0x000048c3      0x86c ./Core/Src/stm32f4xx_it.o
 .debug_line    0x0000512f      0x7e2 ./Core/Src/system_stm32f4xx.o
 .debug_line    0x00005911      0x7d8 ./Core/Src/tim.o
 .debug_line    0x000060e9      0x7f9 ./Core/Src/usart.o
 .debug_line    0x000068e2       0x7a ./Core/Startup/startup_stm32f407ighx.o
 .debug_line    0x0000695c      0xa4f ./Drivers/STM32F4xx_HAL_Driver/Src/stm32f4xx_hal.o
 .debug_line    0x000073ab     0x1211 ./Drivers/STM32F4xx_HAL_Driver/Src/stm32f4xx_hal_can.o
 .debug_line    0x000085bc      0xd1f ./Drivers/STM32F4xx_HAL_Driver/Src/stm32f4xx_hal_cortex.o
 .debug_line    0x000092db      0xfbb ./Drivers/STM32F4xx_HAL_Driver/Src/stm32f4xx_hal_dma.o
 .debug_line    0x0000a296      0xba7 ./Drivers/STM32F4xx_HAL_Driver/Src/stm32f4xx_hal_gpio.o
 .debug_line    0x0000ae3d      0xe5c ./Drivers/STM32F4xx_HAL_Driver/Src/stm32f4xx_hal_rcc.o
 .debug_line    0x0000bc99     0x37cc ./Drivers/STM32F4xx_HAL_Driver/Src/stm32f4xx_hal_tim.o
 .debug_line    0x0000f465     0x19af ./Drivers/STM32F4xx_HAL_Driver/Src/stm32f4xx_hal_tim_ex.o
 .debug_line    0x00010e14     0x255e ./Drivers/STM32F4xx_HAL_Driver/Src/stm32f4xx_hal_uart.o

.debug_str      0x00000000    0xce2e4
 .debug_str     0x00000000    0xce2e4 ./Core/Src/Dbus.o
                              0xc9acd (size before relaxing)
 .debug_str     0x000ce2e4    0xc661f ./Core/Src/bsp_can.o
 .debug_str     0x000ce2e4    0xc6942 ./Core/Src/can.o
 .debug_str     0x000ce2e4    0xc65b2 ./Core/Src/dma.o
 .debug_str     0x000ce2e4    0xc6095 ./Core/Src/gpio.o
 .debug_str     0x000ce2e4    0xcac1a ./Core/Src/main.o
 .debug_str     0x000ce2e4    0xc9ac2 ./Core/Src/pid.o
 .debug_str     0x000ce2e4    0xc6095 ./Core/Src/stm32f4xx_hal_msp.o
 .debug_str     0x000ce2e4    0xc6a92 ./Core/Src/stm32f4xx_it.o
 .debug_str     0x000ce2e4    0xc6145 ./Core/Src/system_stm32f4xx.o
 .debug_str     0x000ce2e4    0xc6c6a ./Core/Src/tim.o
 .debug_str     0x000ce2e4    0xc6b7c ./Core/Src/usart.o
 .debug_str     0x000ce2e4       0x60 ./Core/Startup/startup_stm32f407ighx.o
 .debug_str     0x000ce2e4    0xc6cc9 ./Drivers/STM32F4xx_HAL_Driver/Src/stm32f4xx_hal.o
 .debug_str     0x000ce2e4    0xc683f ./Drivers/STM32F4xx_HAL_Driver/Src/stm32f4xx_hal_can.o
 .debug_str     0x000ce2e4    0xc6a45 ./Drivers/STM32F4xx_HAL_Driver/Src/stm32f4xx_hal_cortex.o
 .debug_str     0x000ce2e4    0xc655f ./Drivers/STM32F4xx_HAL_Driver/Src/stm32f4xx_hal_dma.o
 .debug_str     0x000ce2e4    0xc62c0 ./Drivers/STM32F4xx_HAL_Driver/Src/stm32f4xx_hal_gpio.o
 .debug_str     0x000ce2e4    0xc6579 ./Drivers/STM32F4xx_HAL_Driver/Src/stm32f4xx_hal_rcc.o
 .debug_str     0x000ce2e4    0xc74cf ./Drivers/STM32F4xx_HAL_Driver/Src/stm32f4xx_hal_tim.o
 .debug_str     0x000ce2e4    0xc6cdb ./Drivers/STM32F4xx_HAL_Driver/Src/stm32f4xx_hal_tim_ex.o
 .debug_str     0x000ce2e4    0xc6b5a ./Drivers/STM32F4xx_HAL_Driver/Src/stm32f4xx_hal_uart.o

.comment        0x00000000       0x43
 .comment       0x00000000       0x43 ./Core/Src/Dbus.o
                                 0x44 (size before relaxing)
 .comment       0x00000043       0x44 ./Core/Src/bsp_can.o
 .comment       0x00000043       0x44 ./Core/Src/can.o
 .comment       0x00000043       0x44 ./Core/Src/dma.o
 .comment       0x00000043       0x44 ./Core/Src/gpio.o
 .comment       0x00000043       0x44 ./Core/Src/main.o
 .comment       0x00000043       0x44 ./Core/Src/pid.o
 .comment       0x00000043       0x44 ./Core/Src/stm32f4xx_hal_msp.o
 .comment       0x00000043       0x44 ./Core/Src/stm32f4xx_it.o
 .comment       0x00000043       0x44 ./Core/Src/system_stm32f4xx.o
 .comment       0x00000043       0x44 ./Core/Src/tim.o
 .comment       0x00000043       0x44 ./Core/Src/usart.o
 .comment       0x00000043       0x44 ./Drivers/STM32F4xx_HAL_Driver/Src/stm32f4xx_hal.o
 .comment       0x00000043       0x44 ./Drivers/STM32F4xx_HAL_Driver/Src/stm32f4xx_hal_can.o
 .comment       0x00000043       0x44 ./Drivers/STM32F4xx_HAL_Driver/Src/stm32f4xx_hal_cortex.o
 .comment       0x00000043       0x44 ./Drivers/STM32F4xx_HAL_Driver/Src/stm32f4xx_hal_dma.o
 .comment       0x00000043       0x44 ./Drivers/STM32F4xx_HAL_Driver/Src/stm32f4xx_hal_gpio.o
 .comment       0x00000043       0x44 ./Drivers/STM32F4xx_HAL_Driver/Src/stm32f4xx_hal_rcc.o
 .comment       0x00000043       0x44 ./Drivers/STM32F4xx_HAL_Driver/Src/stm32f4xx_hal_tim.o
 .comment       0x00000043       0x44 ./Drivers/STM32F4xx_HAL_Driver/Src/stm32f4xx_hal_tim_ex.o
 .comment       0x00000043       0x44 ./Drivers/STM32F4xx_HAL_Driver/Src/stm32f4xx_hal_uart.o

.debug_frame    0x00000000     0x3de4
 .debug_frame   0x00000000       0x98 ./Core/Src/Dbus.o
 .debug_frame   0x00000098       0xf4 ./Core/Src/bsp_can.o
 .debug_frame   0x0000018c       0x74 ./Core/Src/can.o
 .debug_frame   0x00000200       0x34 ./Core/Src/dma.o
 .debug_frame   0x00000234       0x38 ./Core/Src/gpio.o
 .debug_frame   0x0000026c       0xd4 ./Core/Src/main.o
 .debug_frame   0x00000340      0x20c ./Core/Src/pid.o
 .debug_frame   0x0000054c       0x38 ./Core/Src/stm32f4xx_hal_msp.o
 .debug_frame   0x00000584      0x174 ./Core/Src/stm32f4xx_it.o
 .debug_frame   0x000006f8       0x58 ./Core/Src/system_stm32f4xx.o
 .debug_frame   0x00000750       0x7c ./Core/Src/tim.o
 .debug_frame   0x000007cc       0x74 ./Core/Src/usart.o
 .debug_frame   0x00000840      0x374 ./Drivers/STM32F4xx_HAL_Driver/Src/stm32f4xx_hal.o
 .debug_frame   0x00000bb4      0x5a0 ./Drivers/STM32F4xx_HAL_Driver/Src/stm32f4xx_hal_can.o
 .debug_frame   0x00001154      0x508 ./Drivers/STM32F4xx_HAL_Driver/Src/stm32f4xx_hal_cortex.o
 .debug_frame   0x0000165c      0x250 ./Drivers/STM32F4xx_HAL_Driver/Src/stm32f4xx_hal_dma.o
 .debug_frame   0x000018ac      0x14c ./Drivers/STM32F4xx_HAL_Driver/Src/stm32f4xx_hal_gpio.o
 .debug_frame   0x000019f8      0x1f4 ./Drivers/STM32F4xx_HAL_Driver/Src/stm32f4xx_hal_rcc.o
 .debug_frame   0x00001bec     0x11c0 ./Drivers/STM32F4xx_HAL_Driver/Src/stm32f4xx_hal_tim.o
 .debug_frame   0x00002dac      0x638 ./Drivers/STM32F4xx_HAL_Driver/Src/stm32f4xx_hal_tim_ex.o
 .debug_frame   0x000033e4      0x954 ./Drivers/STM32F4xx_HAL_Driver/Src/stm32f4xx_hal_uart.o
 .debug_frame   0x00003d38       0x20 C:/ST/STM32CubeIDE_1.19.0/STM32CubeIDE/plugins/com.st.stm32cube.ide.mcu.externaltools.gnu-tools-for-stm32.13.3.rel1.win32_1.0.0.202411081344/tools/bin/../lib/gcc/arm-none-eabi/13.3.1/../../../../arm-none-eabi/lib/thumb/v7e-m+fp/hard\libc_nano.a(libc_a-memset.o)
 .debug_frame   0x00003d58       0x2c C:/ST/STM32CubeIDE_1.19.0/STM32CubeIDE/plugins/com.st.stm32cube.ide.mcu.externaltools.gnu-tools-for-stm32.13.3.rel1.win32_1.0.0.202411081344/tools/bin/../lib/gcc/arm-none-eabi/13.3.1/../../../../arm-none-eabi/lib/thumb/v7e-m+fp/hard\libc_nano.a(libc_a-init.o)
 .debug_frame   0x00003d84       0x2c C:/ST/STM32CubeIDE_1.19.0/STM32CubeIDE/plugins/com.st.stm32cube.ide.mcu.externaltools.gnu-tools-for-stm32.13.3.rel1.win32_1.0.0.202411081344/tools/bin/../lib/gcc/arm-none-eabi/13.3.1/thumb/v7e-m+fp/hard\libgcc.a(_aeabi_uldivmod.o)
 .debug_frame   0x00003db0       0x34 C:/ST/STM32CubeIDE_1.19.0/STM32CubeIDE/plugins/com.st.stm32cube.ide.mcu.externaltools.gnu-tools-for-stm32.13.3.rel1.win32_1.0.0.202411081344/tools/bin/../lib/gcc/arm-none-eabi/13.3.1/thumb/v7e-m+fp/hard\libgcc.a(_udivmoddi4.o)

.debug_line_str
                0x00000000       0x44
 .debug_line_str
                0x00000000       0x44 ./Core/Startup/startup_stm32f407ighx.o
