Archive member included to satisfy reference by file (symbol)

c:/msys64/mingw64/bin/../lib/gcc/arm-none-eabi/12.2.0/../../../../arm-none-eabi/lib/thumb/v7e-m+fp/hard\libc_nano.a(libc_a-atexit.o)
                              c:/msys64/mingw64/bin/../lib/gcc/arm-none-eabi/12.2.0/../../../../arm-none-eabi/lib/thumb/v7e-m+fp/hard/crt0.o (atexit)
c:/msys64/mingw64/bin/../lib/gcc/arm-none-eabi/12.2.0/../../../../arm-none-eabi/lib/thumb/v7e-m+fp/hard\libc_nano.a(libc_a-exit.o)
                              c:/msys64/mingw64/bin/../lib/gcc/arm-none-eabi/12.2.0/../../../../arm-none-eabi/lib/thumb/v7e-m+fp/hard/crt0.o (exit)
c:/msys64/mingw64/bin/../lib/gcc/arm-none-eabi/12.2.0/../../../../arm-none-eabi/lib/thumb/v7e-m+fp/hard\libc_nano.a(libc_a-findfp.o)
                              c:/msys64/mingw64/bin/../lib/gcc/arm-none-eabi/12.2.0/../../../../arm-none-eabi/lib/thumb/v7e-m+fp/hard\libc_nano.a(libc_a-exit.o) (__stdio_exit_handler)
c:/msys64/mingw64/bin/../lib/gcc/arm-none-eabi/12.2.0/../../../../arm-none-eabi/lib/thumb/v7e-m+fp/hard\libc_nano.a(libc_a-fwalk.o)
                              c:/msys64/mingw64/bin/../lib/gcc/arm-none-eabi/12.2.0/../../../../arm-none-eabi/lib/thumb/v7e-m+fp/hard\libc_nano.a(libc_a-findfp.o) (_fwalk_sglue)
c:/msys64/mingw64/bin/../lib/gcc/arm-none-eabi/12.2.0/../../../../arm-none-eabi/lib/thumb/v7e-m+fp/hard\libc_nano.a(libc_a-stdio.o)
                              c:/msys64/mingw64/bin/../lib/gcc/arm-none-eabi/12.2.0/../../../../arm-none-eabi/lib/thumb/v7e-m+fp/hard\libc_nano.a(libc_a-findfp.o) (__sread)
c:/msys64/mingw64/bin/../lib/gcc/arm-none-eabi/12.2.0/../../../../arm-none-eabi/lib/thumb/v7e-m+fp/hard\libc_nano.a(libc_a-memset.o)
                              c:/msys64/mingw64/bin/../lib/gcc/arm-none-eabi/12.2.0/../../../../arm-none-eabi/lib/thumb/v7e-m+fp/hard/crt0.o (memset)
c:/msys64/mingw64/bin/../lib/gcc/arm-none-eabi/12.2.0/../../../../arm-none-eabi/lib/thumb/v7e-m+fp/hard\libc_nano.a(libc_a-closer.o)
                              c:/msys64/mingw64/bin/../lib/gcc/arm-none-eabi/12.2.0/../../../../arm-none-eabi/lib/thumb/v7e-m+fp/hard\libc_nano.a(libc_a-stdio.o) (_close_r)
c:/msys64/mingw64/bin/../lib/gcc/arm-none-eabi/12.2.0/../../../../arm-none-eabi/lib/thumb/v7e-m+fp/hard\libc_nano.a(libc_a-reent.o)
                              c:/msys64/mingw64/bin/../lib/gcc/arm-none-eabi/12.2.0/../../../../arm-none-eabi/lib/thumb/v7e-m+fp/hard\libc_nano.a(libc_a-closer.o) (errno)
c:/msys64/mingw64/bin/../lib/gcc/arm-none-eabi/12.2.0/../../../../arm-none-eabi/lib/thumb/v7e-m+fp/hard\libc_nano.a(libc_a-impure.o)
                              c:/msys64/mingw64/bin/../lib/gcc/arm-none-eabi/12.2.0/../../../../arm-none-eabi/lib/thumb/v7e-m+fp/hard\libc_nano.a(libc_a-reent.o) (_impure_ptr)
c:/msys64/mingw64/bin/../lib/gcc/arm-none-eabi/12.2.0/../../../../arm-none-eabi/lib/thumb/v7e-m+fp/hard\libc_nano.a(libc_a-lseekr.o)
                              c:/msys64/mingw64/bin/../lib/gcc/arm-none-eabi/12.2.0/../../../../arm-none-eabi/lib/thumb/v7e-m+fp/hard\libc_nano.a(libc_a-stdio.o) (_lseek_r)
c:/msys64/mingw64/bin/../lib/gcc/arm-none-eabi/12.2.0/../../../../arm-none-eabi/lib/thumb/v7e-m+fp/hard\libc_nano.a(libc_a-readr.o)
                              c:/msys64/mingw64/bin/../lib/gcc/arm-none-eabi/12.2.0/../../../../arm-none-eabi/lib/thumb/v7e-m+fp/hard\libc_nano.a(libc_a-stdio.o) (_read_r)
c:/msys64/mingw64/bin/../lib/gcc/arm-none-eabi/12.2.0/../../../../arm-none-eabi/lib/thumb/v7e-m+fp/hard\libc_nano.a(libc_a-writer.o)
                              c:/msys64/mingw64/bin/../lib/gcc/arm-none-eabi/12.2.0/../../../../arm-none-eabi/lib/thumb/v7e-m+fp/hard\libc_nano.a(libc_a-stdio.o) (_write_r)
c:/msys64/mingw64/bin/../lib/gcc/arm-none-eabi/12.2.0/../../../../arm-none-eabi/lib/thumb/v7e-m+fp/hard\libc_nano.a(libc_a-init.o)
                              c:/msys64/mingw64/bin/../lib/gcc/arm-none-eabi/12.2.0/../../../../arm-none-eabi/lib/thumb/v7e-m+fp/hard/crt0.o (__libc_init_array)
c:/msys64/mingw64/bin/../lib/gcc/arm-none-eabi/12.2.0/../../../../arm-none-eabi/lib/thumb/v7e-m+fp/hard\libc_nano.a(libc_a-fini.o)
                              c:/msys64/mingw64/bin/../lib/gcc/arm-none-eabi/12.2.0/../../../../arm-none-eabi/lib/thumb/v7e-m+fp/hard/crt0.o (__libc_fini_array)
c:/msys64/mingw64/bin/../lib/gcc/arm-none-eabi/12.2.0/../../../../arm-none-eabi/lib/thumb/v7e-m+fp/hard\libc_nano.a(libc_a-lock.o)
                              c:/msys64/mingw64/bin/../lib/gcc/arm-none-eabi/12.2.0/../../../../arm-none-eabi/lib/thumb/v7e-m+fp/hard\libc_nano.a(libc_a-findfp.o) (__retarget_lock_init_recursive)
c:/msys64/mingw64/bin/../lib/gcc/arm-none-eabi/12.2.0/../../../../arm-none-eabi/lib/thumb/v7e-m+fp/hard\libc_nano.a(libc_a-__atexit.o)
                              c:/msys64/mingw64/bin/../lib/gcc/arm-none-eabi/12.2.0/../../../../arm-none-eabi/lib/thumb/v7e-m+fp/hard\libc_nano.a(libc_a-atexit.o) (__register_exitproc)
[...]
Memory Configuration

Name             Origin             Length             Attributes
RAM              0x20000000         0x00020000         xrw
CCMRAM           0x10000000         0x00010000         xrw
FLASH            0x08000000         0x00100000         xr
*default*        0x00000000         0xffffffff

Linker script and memory map

LOAD c:/msys64/mingw64/bin/../lib/gcc/arm-none-eabi/12.2.0/thumb/v7e-m+fp/hard/crti.o
LOAD c:/msys64/mingw64/bin/../lib/gcc/arm-none-eabi/12.2.0/thumb/v7e-m+fp/hard/crtbegin.o
LOAD c:/msys64/mingw64/bin/../lib/gcc/arm-none-eabi/12.2.0/../../../../arm-none-eabi/lib/thumb/v7e-m+fp/hard/crt0.o
LOAD build/main.o
LOAD build/gpio.o
LOAD build/can.o
LOAD build/dma.o
LOAD build/tim.o
LOAD build/usart.o
LOAD build/bsp_can.o
LOAD build/Dbus.o
LOAD build/pid.o
LOAD build/mecanum.o
LOAD build/LQR.o
LOAD build/stm32f4xx_it.o
LOAD build/stm32f4xx_hal_msp.o
LOAD build/stm32f4xx_hal_can.o
LOAD build/stm32f4xx_hal_rcc.o
LOAD build/stm32f4xx_hal_rcc_ex.o
LOAD build/stm32f4xx_hal_flash.o
LOAD build/stm32f4xx_hal_flash_ex.o
LOAD build/stm32f4xx_hal_flash_ramfunc.o
LOAD build/stm32f4xx_hal_gpio.o
LOAD build/stm32f4xx_hal_dma_ex.o
LOAD build/stm32f4xx_hal_dma.o
LOAD build/stm32f4xx_hal_pwr.o
LOAD build/stm32f4xx_hal_pwr_ex.o
LOAD build/stm32f4xx_hal_cortex.o
LOAD build/stm32f4xx_hal.o
LOAD build/stm32f4xx_hal_exti.o
LOAD build/stm32f4xx_hal_tim.o
LOAD build/stm32f4xx_hal_tim_ex.o
LOAD build/stm32f4xx_hal_uart.o
LOAD build/system_stm32f4xx.o
LOAD build/startup_stm32f407xx.o
LOAD c:/msys64/mingw64/bin/../lib/gcc/arm-none-eabi/12.2.0/../../../../arm-none-eabi/lib/thumb/v7e-m+fp/hard\libc_nano.a
LOAD c:/msys64/mingw64/bin/../lib/gcc/arm-none-eabi/12.2.0/../../../../arm-none-eabi/lib/thumb/v7e-m+fp/hard\libm.a
LOAD c:/msys64/mingw64/bin/../lib/gcc/arm-none-eabi/12.2.0/../../../../arm-none-eabi/lib/thumb/v7e-m+fp/hard\libnosys.a
START GROUP
LOAD c:/msys64/mingw64/bin/../lib/gcc/arm-none-eabi/12.2.0/thumb/v7e-m+fp/hard\libgcc.a
LOAD c:/msys64/mingw64/bin/../lib/gcc/arm-none-eabi/12.2.0/../../../../arm-none-eabi/lib/thumb/v7e-m+fp/hard\libc_nano.a
END GROUP
START GROUP
LOAD c:/msys64/mingw64/bin/../lib/gcc/arm-none-eabi/12.2.0/thumb/v7e-m+fp/hard\libgcc.a
LOAD c:/msys64/mingw64/bin/../lib/gcc/arm-none-eabi/12.2.0/../../../../arm-none-eabi/lib/thumb/v7e-m+fp/hard\libc_nano.a
END GROUP
LOAD c:/msys64/mingw64/bin/../lib/gcc/arm-none-eabi/12.2.0/thumb/v7e-m+fp/hard/crtend.o
LOAD c:/msys64/mingw64/bin/../lib/gcc/arm-none-eabi/12.2.0/thumb/v7e-m+fp/hard/crtn.o
                0x20020000                        _estack = (ORIGIN (RAM) + LENGTH (RAM))
                0x00000200                        _Min_Heap_Size = 0x200
                0x00000400                        _Min_Stack_Size = 0x400

.isr_vector     0x08000000      0x188
                0x08000000                        . = ALIGN (0x4)
 *(.isr_vector)
 .isr_vector    0x08000000      0x188 build/startup_stm32f407xx.o
                0x08000000                g_pfnVectors
                0x08000188                        . = ALIGN (0x4)

.text           0x08000188     0x4118
                0x08000188                        . = ALIGN (0x4)
 *(.text)
 .text          0x08000188       0xa4 c:/msys64/mingw64/bin/../lib/gcc/arm-none-eabi/12.2.0/../../../../arm-none-eabi/lib/thumb/v7e-m+fp/hard\libc_nano.a(libc_a-memset.o)
                0x08000188                memset
 .text          0x0800022c       0x50 c:/msys64/mingw64/bin/../lib/gcc/arm-none-eabi/12.2.0/../../../../arm-none-eabi/lib/thumb/v7e-m+fp/hard\libc_nano.a(libc_a-init.o)
                0x0800022c                __libc_init_array
 .text          0x0800027c      0x378 c:/msys64/mingw64/bin/../lib/gcc/arm-none-eabi/12.2.0/thumb/v7e-m+fp/hard\libgcc.a(_arm_addsubdf3.o)
                0x0800027c                __aeabi_drsub
                0x08000284                __aeabi_dsub
                0x08000284                __subdf3
                0x08000288                __aeabi_dadd
                0x08000288                __adddf3
                0x08000500                __floatunsidf
                0x08000500                __aeabi_ui2d
                0x08000520                __floatsidf
                0x08000520                __aeabi_i2d
                0x08000544                __aeabi_f2d
                0x08000544                __extendsfdf2
                0x08000588                __floatundidf
                0x08000588                __aeabi_ul2d
                0x08000598                __floatdidf
                0x08000598                __aeabi_l2d
 .text          0x080005f4      0x424 c:/msys64/mingw64/bin/../lib/gcc/arm-none-eabi/12.2.0/thumb/v7e-m+fp/hard\libgcc.a(_arm_muldivdf3.o)
                0x080005f4                __aeabi_dmul
                0x080005f4                __muldf3
                0x08000848                __divdf3
                0x08000848                __aeabi_ddiv
 .text          0x08000a18       0x50 c:/msys64/mingw64/bin/../lib/gcc/arm-none-eabi/12.2.0/thumb/v7e-m+fp/hard\libgcc.a(_arm_fixdfsi.o)
                0x08000a18                __aeabi_d2iz
                0x08000a18                __fixdfsi
 .text          0x08000a68       0xa0 c:/msys64/mingw64/bin/../lib/gcc/arm-none-eabi/12.2.0/thumb/v7e-m+fp/hard\libgcc.a(_arm_truncdfsf2.o)
                0x08000a68                __truncdfsf2
                0x08000a68                __aeabi_d2f
 .text          0x08000b08       0x30 c:/msys64/mingw64/bin/../lib/gcc/arm-none-eabi/12.2.0/thumb/v7e-m+fp/hard\libgcc.a(_aeabi_uldivmod.o)
                0x08000b08                __aeabi_uldivmod
 .text          0x08000b38        0x4 c:/msys64/mingw64/bin/../lib/gcc/arm-none-eabi/12.2.0/thumb/v7e-m+fp/hard\libgcc.a(_dvmd_tls.o)
                0x08000b38                __aeabi_idiv0
                0x08000b38                __aeabi_ldiv0
 *(.text*)
 .text.__do_global_dtors_aux
                0x08000b3c       0x24 c:/msys64/mingw64/bin/../lib/gcc/arm-none-eabi/12.2.0/thumb/v7e-m+fp/hard/crtbegin.o
 .text.frame_dummy
                0x08000b60       0x1c c:/msys64/mingw64/bin/../lib/gcc/arm-none-eabi/12.2.0/thumb/v7e-m+fp/hard/crtbegin.o
 .text.HAL_UART_ErrorCallback
                0x08000b7c       0x2c build/main.o
                0x08000b7c                HAL_UART_ErrorCallback
 .text.HAL_UARTEx_RxEventCallback
                0x08000ba8       0x44 build/main.o
                0x08000ba8                HAL_UARTEx_RxEventCallback
 *fill*         0x08000bec        0x4 
 .text.HAL_TIM_PeriodElapsedCallback
                0x08000bf0      0x1a8 build/main.o
                0x08000bf0                HAL_TIM_PeriodElapsedCallback
 .text.Error_Handler
                0x08000d98        0x4 build/main.o
                0x08000d98                Error_Handler
 .text.SystemClock_Config
                0x08000d9c       0xa8 build/main.o
                0x08000d9c                SystemClock_Config
 .text.main     0x08000e44      0x2c0 build/main.o
                0x08000e44                main
 .text.MX_GPIO_Init
                0x08001104       0x60 build/gpio.o
                0x08001104                MX_GPIO_Init
 .text.MX_CAN1_Init
                0x08001164       0x3c build/can.o
                0x08001164                MX_CAN1_Init
 .text.HAL_CAN_MspInit
                0x080011a0       0x7c build/can.o
                0x080011a0                HAL_CAN_MspInit
 .text.MX_DMA_Init
                0x0800121c       0x34 build/dma.o
                0x0800121c                MX_DMA_Init
 .text.MX_TIM1_Init
                0x08001250       0x70 build/tim.o
                0x08001250                MX_TIM1_Init
 .text.HAL_TIM_Base_MspInit
                0x080012c0       0x40 build/tim.o
                0x080012c0                HAL_TIM_Base_MspInit
 .text.MX_USART3_UART_Init
                0x08001300       0x40 build/usart.o
                0x08001300                MX_USART3_UART_Init
 .text.HAL_UART_MspInit
                0x08001340       0xc0 build/usart.o
                0x08001340                HAL_UART_MspInit
 .text.can_Init
                0x08001400       0x38 build/bsp_can.o
                0x08001400                can_Init
 .text.boxSend1
                0x08001438       0x54 build/bsp_can.o
                0x08001438                boxSend1
 .text.boxSend2
                0x0800148c       0x54 build/bsp_can.o
                0x0800148c                boxSend2
 .text.motorset
                0x080014e0       0x24 build/bsp_can.o
                0x080014e0                motorset
 .text.Null_Point
                0x08001504       0x1e build/bsp_can.o
                0x08001504                Null_Point
 *fill*         0x08001522        0x2 
 .text.angle_multiround_calc
                0x08001524       0x90 build/bsp_can.o
                0x08001524                angle_multiround_calc
 .text.HAL_CAN_RxFifo0MsgPendingCallback
                0x080015b4       0xf8 build/bsp_can.o
                0x080015b4                HAL_CAN_RxFifo0MsgPendingCallback
 .text.RC_abs   0x080016ac        0xc build/Dbus.o
 .text.RC_data_is_error
                0x080016b8       0x7c build/Dbus.o
                0x080016b8                RC_data_is_error
 .text.dbus_to_rc
                0x08001734       0xd2 build/Dbus.o
                0x08001734                dbus_to_rc
 *fill*         0x08001806        0x2 
 .text.uart_dma_init
                0x08001808       0x2c build/Dbus.o
                0x08001808                uart_dma_init
 .text.Pid_Init
                0x08001834       0x32 build/pid.o
                0x08001834                Pid_Init
 .text.func_Limit
                0x08001866       0x20 build/pid.o
                0x08001866                func_Limit
 .text.func_abs
                0x08001886       0x12 build/pid.o
                0x08001886                func_abs
 .text.PID_Calc
                0x08001898       0xc4 build/pid.o
                0x08001898                PID_Calc
 *fill*         0x0800195c        0x4 
 .text.mecanum_calc
                0x08001960      0x100 build/mecanum.o
                0x08001960                mecanum_calc
 .text.mecanum_Set_Motor_Speed
                0x08001a60       0x5c build/mecanum.o
                0x08001a60                mecanum_Set_Motor_Speed
 .text.NMI_Handler
                0x08001abc        0x2 build/stm32f4xx_it.o
                0x08001abc                NMI_Handler
 .text.HardFault_Handler
                0x08001abe        0x2 build/stm32f4xx_it.o
                0x08001abe                HardFault_Handler
 .text.MemManage_Handler
                0x08001ac0        0x2 build/stm32f4xx_it.o
                0x08001ac0                MemManage_Handler
 .text.BusFault_Handler
                0x08001ac2        0x2 build/stm32f4xx_it.o
                0x08001ac2                BusFault_Handler
 .text.UsageFault_Handler
                0x08001ac4        0x2 build/stm32f4xx_it.o
                0x08001ac4                UsageFault_Handler
 .text.SVC_Handler
                0x08001ac6        0x2 build/stm32f4xx_it.o
                0x08001ac6                SVC_Handler
 .text.DebugMon_Handler
                0x08001ac8        0x2 build/stm32f4xx_it.o
                0x08001ac8                DebugMon_Handler
 .text.PendSV_Handler
                0x08001aca        0x2 build/stm32f4xx_it.o
                0x08001aca                PendSV_Handler
 .text.SysTick_Handler
                0x08001acc        0x8 build/stm32f4xx_it.o
                0x08001acc                SysTick_Handler
 .text.DMA1_Stream1_IRQHandler
                0x08001ad4       0x10 build/stm32f4xx_it.o
                0x08001ad4                DMA1_Stream1_IRQHandler
 .text.CAN1_RX0_IRQHandler
                0x08001ae4       0x10 build/stm32f4xx_it.o
                0x08001ae4                CAN1_RX0_IRQHandler
 .text.TIM1_UP_TIM10_IRQHandler
                0x08001af4       0x10 build/stm32f4xx_it.o
                0x08001af4                TIM1_UP_TIM10_IRQHandler
 .text.USART3_IRQHandler
                0x08001b04       0x10 build/stm32f4xx_it.o
                0x08001b04                USART3_IRQHandler
 .text.HAL_MspInit
                0x08001b14       0x38 build/stm32f4xx_hal_msp.o
                0x08001b14                HAL_MspInit
 .text.HAL_CAN_Init
                0x08001b4c      0x14c build/stm32f4xx_hal_can.o
                0x08001b4c                HAL_CAN_Init
 .text.HAL_CAN_ConfigFilter
                0x08001c98      0x138 build/stm32f4xx_hal_can.o
                0x08001c98                HAL_CAN_ConfigFilter
 .text.HAL_CAN_Start
                0x08001dd0       0x5c build/stm32f4xx_hal_can.o
                0x08001dd0                HAL_CAN_Start
 .text.HAL_CAN_AddTxMessage
                0x08001e2c       0xea build/stm32f4xx_hal_can.o
                0x08001e2c                HAL_CAN_AddTxMessage
 .text.HAL_CAN_GetRxMessage
                0x08001f16      0x16a build/stm32f4xx_hal_can.o
                0x08001f16                HAL_CAN_GetRxMessage
 .text.HAL_CAN_ActivateNotification
                0x08002080       0x24 build/stm32f4xx_hal_can.o
                0x08002080                HAL_CAN_ActivateNotification
 .text.HAL_CAN_TxMailbox0CompleteCallback
                0x080020a4        0x2 build/stm32f4xx_hal_can.o
                0x080020a4                HAL_CAN_TxMailbox0CompleteCallback
 .text.HAL_CAN_TxMailbox1CompleteCallback
                0x080020a6        0x2 build/stm32f4xx_hal_can.o
                0x080020a6                HAL_CAN_TxMailbox1CompleteCallback
 .text.HAL_CAN_TxMailbox2CompleteCallback
                0x080020a8        0x2 build/stm32f4xx_hal_can.o
                0x080020a8                HAL_CAN_TxMailbox2CompleteCallback
 .text.HAL_CAN_TxMailbox0AbortCallback
                0x080020aa        0x2 build/stm32f4xx_hal_can.o
                0x080020aa                HAL_CAN_TxMailbox0AbortCallback
 .text.HAL_CAN_TxMailbox1AbortCallback
                0x080020ac        0x2 build/stm32f4xx_hal_can.o
                0x080020ac                HAL_CAN_TxMailbox1AbortCallback
 .text.HAL_CAN_TxMailbox2AbortCallback
                0x080020ae        0x2 build/stm32f4xx_hal_can.o
                0x080020ae                HAL_CAN_TxMailbox2AbortCallback
 .text.HAL_CAN_RxFifo0FullCallback
                0x080020b0        0x2 build/stm32f4xx_hal_can.o
                0x080020b0                HAL_CAN_RxFifo0FullCallback
 .text.HAL_CAN_RxFifo1MsgPendingCallback
                0x080020b2        0x2 build/stm32f4xx_hal_can.o
                0x080020b2                HAL_CAN_RxFifo1MsgPendingCallback
 .text.HAL_CAN_RxFifo1FullCallback
                0x080020b4        0x2 build/stm32f4xx_hal_can.o
                0x080020b4                HAL_CAN_RxFifo1FullCallback
 .text.HAL_CAN_SleepCallback
                0x080020b6        0x2 build/stm32f4xx_hal_can.o
                0x080020b6                HAL_CAN_SleepCallback
 .text.HAL_CAN_WakeUpFromRxMsgCallback
                0x080020b8        0x2 build/stm32f4xx_hal_can.o
                0x080020b8                HAL_CAN_WakeUpFromRxMsgCallback
 .text.HAL_CAN_ErrorCallback
                0x080020ba        0x2 build/stm32f4xx_hal_can.o
                0x080020ba                HAL_CAN_ErrorCallback
 .text.HAL_CAN_IRQHandler
                0x080020bc      0x24a build/stm32f4xx_hal_can.o
                0x080020bc                HAL_CAN_IRQHandler
 *fill*         0x08002306        0x2 
 .text.HAL_RCC_OscConfig
                0x08002308      0x3f8 build/stm32f4xx_hal_rcc.o
                0x08002308                HAL_RCC_OscConfig
 .text.HAL_RCC_GetSysClockFreq
                0x08002700       0xa8 build/stm32f4xx_hal_rcc.o
                0x08002700                HAL_RCC_GetSysClockFreq
 .text.HAL_RCC_ClockConfig
                0x080027a8      0x160 build/stm32f4xx_hal_rcc.o
                0x080027a8                HAL_RCC_ClockConfig
 .text.HAL_RCC_GetHCLKFreq
                0x08002908        0xc build/stm32f4xx_hal_rcc.o
                0x08002908                HAL_RCC_GetHCLKFreq
 .text.HAL_RCC_GetPCLK1Freq
                0x08002914       0x20 build/stm32f4xx_hal_rcc.o
                0x08002914                HAL_RCC_GetPCLK1Freq
 .text.HAL_RCC_GetPCLK2Freq
                0x08002934       0x20 build/stm32f4xx_hal_rcc.o
                0x08002934                HAL_RCC_GetPCLK2Freq
 .text.HAL_GPIO_Init
                0x08002954      0x1ec build/stm32f4xx_hal_gpio.o
                0x08002954                HAL_GPIO_Init
 .text.DMA_SetConfig
                0x08002b40       0x2c build/stm32f4xx_hal_dma.o
 .text.DMA_CalcBaseAndBitshift
                0x08002b6c       0x44 build/stm32f4xx_hal_dma.o
 .text.DMA_CheckFifoParam
                0x08002bb0       0x8e build/stm32f4xx_hal_dma.o
 *fill*         0x08002c3e        0x2 
 .text.HAL_DMA_Init
                0x08002c40       0xcc build/stm32f4xx_hal_dma.o
                0x08002c40                HAL_DMA_Init
 .text.HAL_DMA_Start_IT
                0x08002d0c       0x6a build/stm32f4xx_hal_dma.o
                0x08002d0c                HAL_DMA_Start_IT
 .text.HAL_DMA_Abort
                0x08002d76       0x94 build/stm32f4xx_hal_dma.o
                0x08002d76                HAL_DMA_Abort
 .text.HAL_DMA_Abort_IT
                0x08002e0a       0x26 build/stm32f4xx_hal_dma.o
                0x08002e0a                HAL_DMA_Abort_IT
 .text.HAL_DMA_IRQHandler
                0x08002e30      0x1dc build/stm32f4xx_hal_dma.o
                0x08002e30                HAL_DMA_IRQHandler
 .text.__NVIC_EnableIRQ
                0x0800300c       0x1c build/stm32f4xx_hal_cortex.o
 .text.__NVIC_SetPriority
                0x08003028       0x28 build/stm32f4xx_hal_cortex.o
 .text.NVIC_EncodePriority
                0x08003050       0x3e build/stm32f4xx_hal_cortex.o
 *fill*         0x0800308e        0x2 
 .text.HAL_NVIC_SetPriorityGrouping
                0x08003090       0x24 build/stm32f4xx_hal_cortex.o
                0x08003090                HAL_NVIC_SetPriorityGrouping
 .text.HAL_NVIC_SetPriority
                0x080030b4       0x20 build/stm32f4xx_hal_cortex.o
                0x080030b4                HAL_NVIC_SetPriority
 .text.HAL_NVIC_EnableIRQ
                0x080030d4        0x8 build/stm32f4xx_hal_cortex.o
                0x080030d4                HAL_NVIC_EnableIRQ
 .text.HAL_SYSTICK_Config
                0x080030dc       0x28 build/stm32f4xx_hal_cortex.o
                0x080030dc                HAL_SYSTICK_Config
 .text.HAL_InitTick
                0x08003104       0x4c build/stm32f4xx_hal.o
                0x08003104                HAL_InitTick
 .text.HAL_Init
                0x08003150       0x34 build/stm32f4xx_hal.o
                0x08003150                HAL_Init
 .text.HAL_IncTick
                0x08003184       0x18 build/stm32f4xx_hal.o
                0x08003184                HAL_IncTick
 .text.HAL_GetTick
                0x0800319c        0xc build/stm32f4xx_hal.o
                0x0800319c                HAL_GetTick
 .text.HAL_Delay
                0x080031a8       0x28 build/stm32f4xx_hal.o
                0x080031a8                HAL_Delay
 .text.TIM_TI1_ConfigInputStage
                0x080031d0       0x26 build/stm32f4xx_hal_tim.o
 .text.TIM_TI2_ConfigInputStage
                0x080031f6       0x28 build/stm32f4xx_hal_tim.o
 .text.TIM_ITRx_SetConfig
                0x0800321e       0x10 build/stm32f4xx_hal_tim.o
 *fill*         0x0800322e        0x2 
 .text.HAL_TIM_Base_Start_IT
                0x08003230       0x88 build/stm32f4xx_hal_tim.o
                0x08003230                HAL_TIM_Base_Start_IT
 .text.HAL_TIM_OC_DelayElapsedCallback
                0x080032b8        0x2 build/stm32f4xx_hal_tim.o
                0x080032b8                HAL_TIM_OC_DelayElapsedCallback
 .text.HAL_TIM_IC_CaptureCallback
                0x080032ba        0x2 build/stm32f4xx_hal_tim.o
                0x080032ba                HAL_TIM_IC_CaptureCallback
 .text.HAL_TIM_PWM_PulseFinishedCallback
                0x080032bc        0x2 build/stm32f4xx_hal_tim.o
                0x080032bc                HAL_TIM_PWM_PulseFinishedCallback
 .text.HAL_TIM_TriggerCallback
                0x080032be        0x2 build/stm32f4xx_hal_tim.o
                0x080032be                HAL_TIM_TriggerCallback
 .text.HAL_TIM_IRQHandler
                0x080032c0      0x15e build/stm32f4xx_hal_tim.o
                0x080032c0                HAL_TIM_IRQHandler
 *fill*         0x0800341e        0x2 
 .text.TIM_Base_SetConfig
                0x08003420       0xd8 build/stm32f4xx_hal_tim.o
                0x08003420                TIM_Base_SetConfig
 .text.HAL_TIM_Base_Init
                0x080034f8       0x58 build/stm32f4xx_hal_tim.o
                0x080034f8                HAL_TIM_Base_Init
 .text.TIM_ETR_SetConfig
                0x08003550       0x1a build/stm32f4xx_hal_tim.o
                0x08003550                TIM_ETR_SetConfig
 .text.HAL_TIM_ConfigClockSource
                0x0800356a       0xfe build/stm32f4xx_hal_tim.o
                0x0800356a                HAL_TIM_ConfigClockSource
 .text.HAL_TIMEx_MasterConfigSynchronization
                0x08003668       0x8c build/stm32f4xx_hal_tim_ex.o
                0x08003668                HAL_TIMEx_MasterConfigSynchronization
 .text.HAL_TIMEx_CommutCallback
                0x080036f4        0x2 build/stm32f4xx_hal_tim_ex.o
                0x080036f4                HAL_TIMEx_CommutCallback
 .text.HAL_TIMEx_BreakCallback
                0x080036f6        0x2 build/stm32f4xx_hal_tim_ex.o
                0x080036f6                HAL_TIMEx_BreakCallback
 .text.UART_EndTxTransfer
                0x080036f8       0x20 build/stm32f4xx_hal_uart.o
 .text.UART_EndRxTransfer
                0x08003718       0x5c build/stm32f4xx_hal_uart.o
 .text.UART_Transmit_IT
                0x08003774       0x60 build/stm32f4xx_hal_uart.o
 .text.UART_SetConfig
                0x080037d4      0x110 build/stm32f4xx_hal_uart.o
 .text.HAL_UART_Init
                0x080038e4       0x60 build/stm32f4xx_hal_uart.o
                0x080038e4                HAL_UART_Init
 .text.HAL_UART_DMAStop
                0x08003944       0x84 build/stm32f4xx_hal_uart.o
                0x08003944                HAL_UART_DMAStop
 .text.HAL_UART_TxCpltCallback
                0x080039c8        0x2 build/stm32f4xx_hal_uart.o
                0x080039c8                HAL_UART_TxCpltCallback
 .text.UART_EndTransmit_IT
                0x080039ca       0x1a build/stm32f4xx_hal_uart.o
 .text.HAL_UART_RxCpltCallback
                0x080039e4        0x2 build/stm32f4xx_hal_uart.o
                0x080039e4                HAL_UART_RxCpltCallback
 .text.HAL_UART_RxHalfCpltCallback
                0x080039e6        0x2 build/stm32f4xx_hal_uart.o
                0x080039e6                HAL_UART_RxHalfCpltCallback
 .text.UART_DMAError
                0x080039e8       0x58 build/stm32f4xx_hal_uart.o
 .text.UART_DMAAbortOnError
                0x08003a40       0x10 build/stm32f4xx_hal_uart.o
 .text.UART_Receive_IT
                0x08003a50       0xe6 build/stm32f4xx_hal_uart.o
 *fill*         0x08003b36        0x2 
 .text.HAL_UART_IRQHandler
                0x08003b38      0x284 build/stm32f4xx_hal_uart.o
                0x08003b38                HAL_UART_IRQHandler
 .text.UART_DMARxHalfCplt
                0x08003dbc       0x1e build/stm32f4xx_hal_uart.o
 .text.UART_DMAReceiveCplt
                0x08003dda       0x9a build/stm32f4xx_hal_uart.o
 .text.UART_Start_Receive_DMA
                0x08003e74       0xa4 build/stm32f4xx_hal_uart.o
                0x08003e74                UART_Start_Receive_DMA
 .text.HAL_UARTEx_ReceiveToIdle_DMA
                0x08003f18       0x66 build/stm32f4xx_hal_uart.o
                0x08003f18                HAL_UARTEx_ReceiveToIdle_DMA
 *fill*         0x08003f7e        0x2 
 .text.SystemInit
                0x08003f80       0x14 build/system_stm32f4xx.o
                0x08003f80                SystemInit
 .text.Reset_Handler
                0x08003f94       0x50 build/startup_stm32f407xx.o
                0x08003f94                Reset_Handler
 .text.Default_Handler
                0x08003fe4        0x2 build/startup_stm32f407xx.o
                0x08003fe4                RTC_Alarm_IRQHandler
                0x08003fe4                HASH_RNG_IRQHandler
                0x08003fe4                EXTI2_IRQHandler
                0x08003fe4                TIM8_CC_IRQHandler
                0x08003fe4                TIM1_CC_IRQHandler
                0x08003fe4                DMA2_Stream5_IRQHandler
                0x08003fe4                DMA1_Stream5_IRQHandler
                0x08003fe4                PVD_IRQHandler
                0x08003fe4                SDIO_IRQHandler
                0x08003fe4                TAMP_STAMP_IRQHandler
                0x08003fe4                CAN2_RX1_IRQHandler
                0x08003fe4                EXTI3_IRQHandler
                0x08003fe4                TIM8_TRG_COM_TIM14_IRQHandler
                0x08003fe4                TIM8_UP_TIM13_IRQHandler
                0x08003fe4                I2C3_ER_IRQHandler
                0x08003fe4                EXTI0_IRQHandler
                0x08003fe4                I2C2_EV_IRQHandler
                0x08003fe4                DMA1_Stream2_IRQHandler
                0x08003fe4                FPU_IRQHandler
                0x08003fe4                OTG_HS_WKUP_IRQHandler
                0x08003fe4                CAN2_SCE_IRQHandler
                0x08003fe4                DMA2_Stream2_IRQHandler
                0x08003fe4                SPI1_IRQHandler
                0x08003fe4                TIM6_DAC_IRQHandler
                0x08003fe4                TIM1_BRK_TIM9_IRQHandler
                0x08003fe4                DCMI_IRQHandler
                0x08003fe4                CAN2_RX0_IRQHandler
                0x08003fe4                DMA2_Stream3_IRQHandler
                0x08003fe4                USART6_IRQHandler
                0x08003fe4                CAN1_RX1_IRQHandler
                0x08003fe4                UART5_IRQHandler
                0x08003fe4                DMA2_Stream0_IRQHandler
                0x08003fe4                TIM4_IRQHandler
                0x08003fe4                I2C1_EV_IRQHandler
                0x08003fe4                DMA1_Stream6_IRQHandler
                0x08003fe4                UART4_IRQHandler
                0x08003fe4                TIM3_IRQHandler
                0x08003fe4                RCC_IRQHandler
                0x08003fe4                TIM8_BRK_TIM12_IRQHandler
                0x08003fe4                Default_Handler
                0x08003fe4                EXTI15_10_IRQHandler
                0x08003fe4                ADC_IRQHandler
                0x08003fe4                DMA1_Stream7_IRQHandler
                0x08003fe4                TIM7_IRQHandler
                0x08003fe4                CAN2_TX_IRQHandler
                0x08003fe4                TIM5_IRQHandler
                0x08003fe4                DMA2_Stream7_IRQHandler
                0x08003fe4                I2C3_EV_IRQHandler
                0x08003fe4                EXTI9_5_IRQHandler
                0x08003fe4                RTC_WKUP_IRQHandler
                0x08003fe4                ETH_WKUP_IRQHandler
                0x08003fe4                SPI2_IRQHandler
                0x08003fe4                OTG_HS_EP1_IN_IRQHandler
                0x08003fe4                DMA1_Stream0_IRQHandler
                0x08003fe4                CAN1_TX_IRQHandler
                0x08003fe4                EXTI4_IRQHandler
                0x08003fe4                FSMC_IRQHandler
                0x08003fe4                ETH_IRQHandler
                0x08003fe4                OTG_HS_EP1_OUT_IRQHandler
                0x08003fe4                WWDG_IRQHandler
                0x08003fe4                TIM2_IRQHandler
                0x08003fe4                OTG_FS_WKUP_IRQHandler
                0x08003fe4                TIM1_TRG_COM_TIM11_IRQHandler
                0x08003fe4                OTG_HS_IRQHandler
                0x08003fe4                EXTI1_IRQHandler
                0x08003fe4                USART2_IRQHandler
                0x08003fe4                I2C2_ER_IRQHandler
                0x08003fe4                DMA2_Stream1_IRQHandler
                0x08003fe4                CAN1_SCE_IRQHandler
                0x08003fe4                FLASH_IRQHandler
                0x08003fe4                DMA2_Stream4_IRQHandler
                0x08003fe4                USART1_IRQHandler
                0x08003fe4                OTG_FS_IRQHandler
                0x08003fe4                SPI3_IRQHandler
                0x08003fe4                DMA1_Stream4_IRQHandler
                0x08003fe4                I2C1_ER_IRQHandler
                0x08003fe4                DMA2_Stream6_IRQHandler
                0x08003fe4                DMA1_Stream3_IRQHandler
 .text.__udivmoddi4
                0x08003fe6      0x2a0 c:/msys64/mingw64/bin/../lib/gcc/arm-none-eabi/12.2.0/thumb/v7e-m+fp/hard\libgcc.a(_udivmoddi4.o)
                0x08003fe6                __udivmoddi4
 *(.glue_7)
 .glue_7        0x08004286        0x0 linker stubs
 *(.glue_7t)
 .glue_7t       0x08004286        0x0 linker stubs
 *(.eh_frame)
 *fill*         0x08004286        0x2 
 .eh_frame      0x08004288        0x0 c:/msys64/mingw64/bin/../lib/gcc/arm-none-eabi/12.2.0/thumb/v7e-m+fp/hard/crtbegin.o
 *(.init)
 .init          0x08004288        0x4 c:/msys64/mingw64/bin/../lib/gcc/arm-none-eabi/12.2.0/thumb/v7e-m+fp/hard/crti.o
                0x08004288                _init
 .init          0x0800428c        0x8 c:/msys64/mingw64/bin/../lib/gcc/arm-none-eabi/12.2.0/thumb/v7e-m+fp/hard/crtn.o
 *(.fini)
 .fini          0x08004294        0x4 c:/msys64/mingw64/bin/../lib/gcc/arm-none-eabi/12.2.0/thumb/v7e-m+fp/hard/crti.o
                0x08004294                _fini
 .fini          0x08004298        0x8 c:/msys64/mingw64/bin/../lib/gcc/arm-none-eabi/12.2.0/thumb/v7e-m+fp/hard/crtn.o
                0x080042a0                        . = ALIGN (0x4)
                0x080042a0                        _etext = .

.vfp11_veneer   0x080042a0        0x0
 .vfp11_veneer  0x080042a0        0x0 linker stubs

.v4_bx          0x080042a0        0x0
 .v4_bx         0x080042a0        0x0 linker stubs

.iplt           0x080042a0        0x0
 .iplt          0x080042a0        0x0 c:/msys64/mingw64/bin/../lib/gcc/arm-none-eabi/12.2.0/thumb/v7e-m+fp/hard/crtbegin.o

.rodata         0x080042a0       0x20
                0x080042a0                        . = ALIGN (0x4)
 *(.rodata)
 *(.rodata*)
 .rodata.flagBitshiftOffset.0
                0x080042a0        0x8 build/stm32f4xx_hal_dma.o
 .rodata.APBPrescTable
                0x080042a8        0x8 build/system_stm32f4xx.o
                0x080042a8                APBPrescTable
 .rodata.AHBPrescTable
                0x080042b0       0x10 build/system_stm32f4xx.o
                0x080042b0                AHBPrescTable
                0x080042c0                        . = ALIGN (0x4)

.ARM.extab      0x080042c0        0x0
                0x080042c0                        . = ALIGN (0x4)
 *(.ARM.extab* .gnu.linkonce.armextab.*)
                0x080042c0                        . = ALIGN (0x4)

.ARM            0x080042c0        0x8
                0x080042c0                        . = ALIGN (0x4)
                0x080042c0                        __exidx_start = .
 *(.ARM.exidx*)
 .ARM.exidx.text.__udivmoddi4
                0x080042c0        0x8 c:/msys64/mingw64/bin/../lib/gcc/arm-none-eabi/12.2.0/thumb/v7e-m+fp/hard\libgcc.a(_udivmoddi4.o)
                0x080042c8                        __exidx_end = .
                0x080042c8                        . = ALIGN (0x4)

.preinit_array  0x080042c8        0x0
                0x080042c8                        . = ALIGN (0x4)
                0x080042c8                        PROVIDE (__preinit_array_start = .)
 *(.preinit_array*)
                0x080042c8                        PROVIDE (__preinit_array_end = .)
                0x080042c8                        . = ALIGN (0x4)

.init_array     0x080042c8        0x4
                0x080042c8                        . = ALIGN (0x4)
                0x080042c8                        PROVIDE (__init_array_start = .)
 *(SORT_BY_NAME(.init_array.*))
 *(.init_array*)
 .init_array    0x080042c8        0x4 c:/msys64/mingw64/bin/../lib/gcc/arm-none-eabi/12.2.0/thumb/v7e-m+fp/hard/crtbegin.o
                0x080042cc                        PROVIDE (__init_array_end = .)
                0x080042cc                        . = ALIGN (0x4)

.fini_array     0x080042cc        0x4
                0x080042cc                        . = ALIGN (0x4)
                0x080042cc                        PROVIDE (__fini_array_start = .)
 *(SORT_BY_NAME(.fini_array.*))
 *(.fini_array*)
 .fini_array    0x080042cc        0x4 c:/msys64/mingw64/bin/../lib/gcc/arm-none-eabi/12.2.0/thumb/v7e-m+fp/hard/crtbegin.o
                0x080042d0                        PROVIDE (__fini_array_end = .)
                0x080042d0                        . = ALIGN (0x4)
                0x080042d0                        _sidata = LOADADDR (.data)

.rel.dyn        0x080042d0        0x0
 .rel.iplt      0x080042d0        0x0 c:/msys64/mingw64/bin/../lib/gcc/arm-none-eabi/12.2.0/thumb/v7e-m+fp/hard/crtbegin.o

.data           0x20000000       0x10 load address 0x080042d0
                0x20000000                        . = ALIGN (0x4)
                0x20000000                        _sdata = .
 *(.data)
 *(.data*)
 .data.RC       0x20000000        0x4 build/main.o
                0x20000000                RC
 .data.uwTickFreq
                0x20000004        0x1 build/stm32f4xx_hal.o
                0x20000004                uwTickFreq
 *fill*         0x20000005        0x3 
 .data.uwTickPrio
                0x20000008        0x4 build/stm32f4xx_hal.o
                0x20000008                uwTickPrio
 .data.SystemCoreClock
                0x2000000c        0x4 build/system_stm32f4xx.o
                0x2000000c                SystemCoreClock
 *(.RamFunc)
 *(.RamFunc*)
                0x20000010                        . = ALIGN (0x4)
                0x20000010                        _edata = .
                0x080042e0                        _siccmram = LOADADDR (.ccmram)

.igot.plt       0x20000010        0x0 load address 0x080042e0
 .igot.plt      0x20000010        0x0 c:/msys64/mingw64/bin/../lib/gcc/arm-none-eabi/12.2.0/thumb/v7e-m+fp/hard/crtbegin.o

.ccmram         0x10000000        0x0 load address 0x080042e0
                0x10000000                        . = ALIGN (0x4)
                0x10000000                        _sccmram = .
 *(.ccmram)
 *(.ccmram*)
                0x10000000                        . = ALIGN (0x4)
                0x10000000                        _eccmram = .
                0x10000000                        . = ALIGN (0x4)

.bss            0x20000010      0x4f8
                0x20000010                        _sbss = .
                0x20000010                        __bss_start__ = _sbss
 *(.bss)
 *(.bss*)
 .bss.completed.1
                0x20000010        0x1 c:/msys64/mingw64/bin/../lib/gcc/arm-none-eabi/12.2.0/thumb/v7e-m+fp/hard/crtbegin.o
 *fill*         0x20000011        0x3 
 .bss.object.0  0x20000014       0x18 c:/msys64/mingw64/bin/../lib/gcc/arm-none-eabi/12.2.0/thumb/v7e-m+fp/hard/crtbegin.o
 .bss.out_speed
                0x2000002c        0x8 build/main.o
                0x2000002c                out_speed
 .bss.speed_3   0x20000034        0xc build/main.o
                0x20000034                speed_3
 .bss.R__up_real
                0x20000040        0x4 build/main.o
                0x20000040                R__up_real
 .bss.l_up_real
                0x20000044        0x4 build/main.o
                0x20000044                l_up_real
 .bss.R__up     0x20000048        0x4 build/main.o
                0x20000048                R__up
 .bss.l_up      0x2000004c        0x4 build/main.o
                0x2000004c                l_up
 .bss.R2        0x20000050        0x4 build/main.o
                0x20000050                R2
 .bss.R1        0x20000054        0x4 build/main.o
                0x20000054                R1
 .bss.L2        0x20000058        0x4 build/main.o
                0x20000058                L2
 .bss.L1        0x2000005c        0x4 build/main.o
                0x2000005c                L1
 .bss.f         0x20000060        0x4 build/main.o
                0x20000060                f
 .bss.DBUS_rx_buf
                0x20000064       0x24 build/main.o
                0x20000064                DBUS_rx_buf
 .bss.hcan1     0x20000088       0x28 build/can.o
                0x20000088                hcan1
 .bss.htim1     0x200000b0       0x48 build/tim.o
                0x200000b0                htim1
 .bss.hdma_usart3_rx
                0x200000f8       0x60 build/usart.o
                0x200000f8                hdma_usart3_rx
 .bss.huart3    0x20000158       0x48 build/usart.o
                0x20000158                huart3
 .bss.Rxheader.0
                0x200001a0       0x1c build/bsp_can.o
 .bss.txheader.1
                0x200001bc       0x18 build/bsp_can.o
 .bss.txheader.2
                0x200001d4       0x18 build/bsp_can.o
 .bss.flag      0x200001ec        0x4 build/bsp_can.o
 .bss.Engine    0x200001f0       0x90 build/bsp_can.o
                0x200001f0                Engine
 .bss.a         0x20000280       0x18 build/bsp_can.o
                0x20000280                a
 .bss.err       0x20000298       0x18 build/bsp_can.o
                0x20000298                err
 .bss.Last_angle
                0x200002b0       0x18 build/bsp_can.o
                0x200002b0                Last_angle
 .bss.current_angle
                0x200002c8       0x18 build/bsp_can.o
                0x200002c8                current_angle
 .bss.Data      0x200002e0        0x8 build/bsp_can.o
                0x200002e0                Data
 .bss.c         0x200002e8        0x1 build/Dbus.o
                0x200002e8                c
 *fill*         0x200002e9        0x1 
 .bss.DR16_Received
                0x200002ea        0x2 build/Dbus.o
                0x200002ea                DR16_Received
 .bss.rc_ctrl   0x200002ec       0x16 build/Dbus.o
                0x200002ec                rc_ctrl
 *fill*         0x20000302        0x2 
 .bss.position_pid
                0x20000304       0x80 build/pid.o
                0x20000304                position_pid
 .bss.speed_pid
                0x20000384      0x180 build/pid.o
                0x20000384                speed_pid
 .bss.uwTick    0x20000504        0x4 build/stm32f4xx_hal.o
                0x20000504                uwTick
 *(COMMON)
                0x20000508                        . = ALIGN (0x4)
                0x20000508                        _ebss = .
                0x20000508                        __bss_end__ = _ebss

._user_heap_stack
                0x20000508      0x600
                0x20000508                        . = ALIGN (0x8)
                0x20000508                        PROVIDE (end = .)
                [!provide]                        PROVIDE (_end = .)
                0x20000708                        . = (. + _Min_Heap_Size)
 *fill*         0x20000508      0x200 
                0x20000b08                        . = (. + _Min_Stack_Size)
 *fill*         0x20000708      0x400 
                0x20000b08                        . = ALIGN (0x8)

/DISCARD/
 libc.a(*)
 libm.a(*)
 libgcc.a(*)
OUTPUT(build/Hero_Chassis.elf elf32-littlearm)
LOAD linker stubs
LOAD c:/msys64/mingw64/bin/../lib/gcc/arm-none-eabi/12.2.0/../../../../arm-none-eabi/lib/thumb/v7e-m+fp/hard\libc.a
LOAD c:/msys64/mingw64/bin/../lib/gcc/arm-none-eabi/12.2.0/../../../../arm-none-eabi/lib/thumb/v7e-m+fp/hard\libm.a
LOAD c:/msys64/mingw64/bin/../lib/gcc/arm-none-eabi/12.2.0/thumb/v7e-m+fp/hard\libgcc.a

.ARM.attributes
                0x00000000       0x30
 .ARM.attributes
                0x00000000       0x22 c:/msys64/mingw64/bin/../lib/gcc/arm-none-eabi/12.2.0/thumb/v7e-m+fp/hard/crti.o
 .ARM.attributes
                0x00000022       0x34 c:/msys64/mingw64/bin/../lib/gcc/arm-none-eabi/12.2.0/thumb/v7e-m+fp/hard/crtbegin.o
 .ARM.attributes
                0x00000056       0x34 build/main.o
 .ARM.attributes
                0x0000008a       0x34 build/gpio.o
 .ARM.attributes
                0x000000be       0x34 build/can.o
 .ARM.attributes
                0x000000f2       0x34 build/dma.o
 .ARM.attributes
                0x00000126       0x34 build/tim.o
 .ARM.attributes
                0x0000015a       0x34 build/usart.o
 .ARM.attributes
                0x0000018e       0x34 build/bsp_can.o
 .ARM.attributes
                0x000001c2       0x34 build/Dbus.o
 .ARM.attributes
                0x000001f6       0x34 build/pid.o
 .ARM.attributes
                0x0000022a       0x34 build/mecanum.o
 .ARM.attributes
                0x0000025e       0x34 build/stm32f4xx_it.o
 .ARM.attributes
                0x00000292       0x34 build/stm32f4xx_hal_msp.o
 .ARM.attributes
                0x000002c6       0x34 build/stm32f4xx_hal_can.o
 .ARM.attributes
                0x000002fa       0x34 build/stm32f4xx_hal_rcc.o
 .ARM.attributes
                0x0000032e       0x34 build/stm32f4xx_hal_gpio.o
 .ARM.attributes
                0x00000362       0x34 build/stm32f4xx_hal_dma.o
 .ARM.attributes
                0x00000396       0x34 build/stm32f4xx_hal_cortex.o
 .ARM.attributes
                0x000003ca       0x34 build/stm32f4xx_hal.o
 .ARM.attributes
                0x000003fe       0x34 build/stm32f4xx_hal_tim.o
 .ARM.attributes
                0x00000432       0x34 build/stm32f4xx_hal_tim_ex.o
 .ARM.attributes
                0x00000466       0x34 build/stm32f4xx_hal_uart.o
 .ARM.attributes
                0x0000049a       0x34 build/system_stm32f4xx.o
 .ARM.attributes
                0x000004ce       0x21 build/startup_stm32f407xx.o
 .ARM.attributes
                0x000004ef       0x34 c:/msys64/mingw64/bin/../lib/gcc/arm-none-eabi/12.2.0/../../../../arm-none-eabi/lib/thumb/v7e-m+fp/hard\libc_nano.a(libc_a-memset.o)
 .ARM.attributes
                0x00000523       0x34 c:/msys64/mingw64/bin/../lib/gcc/arm-none-eabi/12.2.0/../../../../arm-none-eabi/lib/thumb/v7e-m+fp/hard\libc_nano.a(libc_a-init.o)
 .ARM.attributes
                0x00000557       0x22 c:/msys64/mingw64/bin/../lib/gcc/arm-none-eabi/12.2.0/thumb/v7e-m+fp/hard\libgcc.a(_arm_addsubdf3.o)
 .ARM.attributes
                0x00000579       0x22 c:/msys64/mingw64/bin/../lib/gcc/arm-none-eabi/12.2.0/thumb/v7e-m+fp/hard\libgcc.a(_arm_muldivdf3.o)
 .ARM.attributes
                0x0000059b       0x22 c:/msys64/mingw64/bin/../lib/gcc/arm-none-eabi/12.2.0/thumb/v7e-m+fp/hard\libgcc.a(_arm_fixdfsi.o)
 .ARM.attributes
                0x000005bd       0x22 c:/msys64/mingw64/bin/../lib/gcc/arm-none-eabi/12.2.0/thumb/v7e-m+fp/hard\libgcc.a(_arm_truncdfsf2.o)
 .ARM.attributes
                0x000005df       0x22 c:/msys64/mingw64/bin/../lib/gcc/arm-none-eabi/12.2.0/thumb/v7e-m+fp/hard\libgcc.a(_aeabi_uldivmod.o)
 .ARM.attributes
                0x00000601       0x34 c:/msys64/mingw64/bin/../lib/gcc/arm-none-eabi/12.2.0/thumb/v7e-m+fp/hard\libgcc.a(_udivmoddi4.o)
 .ARM.attributes
                0x00000635       0x22 c:/msys64/mingw64/bin/../lib/gcc/arm-none-eabi/12.2.0/thumb/v7e-m+fp/hard\libgcc.a(_dvmd_tls.o)
 .ARM.attributes
                0x00000657       0x22 c:/msys64/mingw64/bin/../lib/gcc/arm-none-eabi/12.2.0/thumb/v7e-m+fp/hard/crtn.o

.comment        0x00000000       0x12
 .comment       0x00000000       0x12 build/main.o
                                 0x13 (size before relaxing)
 .comment       0x00000012       0x13 build/gpio.o
 .comment       0x00000012       0x13 build/can.o
 .comment       0x00000012       0x13 build/dma.o
 .comment       0x00000012       0x13 build/tim.o
 .comment       0x00000012       0x13 build/usart.o
 .comment       0x00000012       0x13 build/bsp_can.o
 .comment       0x00000012       0x13 build/Dbus.o
 .comment       0x00000012       0x13 build/pid.o
 .comment       0x00000012       0x13 build/mecanum.o
 .comment       0x00000012       0x13 build/stm32f4xx_it.o
 .comment       0x00000012       0x13 build/stm32f4xx_hal_msp.o
 .comment       0x00000012       0x13 build/stm32f4xx_hal_can.o
 .comment       0x00000012       0x13 build/stm32f4xx_hal_rcc.o
 .comment       0x00000012       0x13 build/stm32f4xx_hal_gpio.o
 .comment       0x00000012       0x13 build/stm32f4xx_hal_dma.o
 .comment       0x00000012       0x13 build/stm32f4xx_hal_cortex.o
 .comment       0x00000012       0x13 build/stm32f4xx_hal.o
 .comment       0x00000012       0x13 build/stm32f4xx_hal_tim.o
 .comment       0x00000012       0x13 build/stm32f4xx_hal_tim_ex.o
 .comment       0x00000012       0x13 build/stm32f4xx_hal_uart.o
 .comment       0x00000012       0x13 build/system_stm32f4xx.o
 .comment       0x00000012       0x13 c:/msys64/mingw64/bin/../lib/gcc/arm-none-eabi/12.2.0/../../../../arm-none-eabi/lib/thumb/v7e-m+fp/hard\libc_nano.a(libc_a-memset.o)
 .comment       0x00000012       0x13 c:/msys64/mingw64/bin/../lib/gcc/arm-none-eabi/12.2.0/../../../../arm-none-eabi/lib/thumb/v7e-m+fp/hard\libc_nano.a(libc_a-init.o)
 .comment       0x00000012       0x13 c:/msys64/mingw64/bin/../lib/gcc/arm-none-eabi/12.2.0/thumb/v7e-m+fp/hard\libgcc.a(_udivmoddi4.o)

.debug_info     0x00000000    0x18f7d
 .debug_info    0x00000000     0x222d build/main.o
 .debug_info    0x0000222d      0x325 build/gpio.o
 .debug_info    0x00002552      0xcaf build/can.o
 .debug_info    0x00003201      0x565 build/dma.o
 .debug_info    0x00003766      0xe12 build/tim.o
 .debug_info    0x00004578      0xe4d build/usart.o
 .debug_info    0x000053c5      0xe48 build/bsp_can.o
 .debug_info    0x0000620d      0xac1 build/Dbus.o
 .debug_info    0x00006cce      0x96d build/pid.o
 .debug_info    0x0000763b      0x2ac build/mecanum.o
 .debug_info    0x000078e7      0xff7 build/stm32f4xx_it.o
 .debug_info    0x000088de      0x2eb build/stm32f4xx_hal_msp.o
 .debug_info    0x00008bc9     0x13d6 build/stm32f4xx_hal_can.o
 .debug_info    0x00009f9f      0xc0a build/stm32f4xx_hal_rcc.o
 .debug_info    0x0000aba9      0x848 build/stm32f4xx_hal_gpio.o
 .debug_info    0x0000b3f1      0xbce build/stm32f4xx_hal_dma.o
 .debug_info    0x0000bfbf     0x11a6 build/stm32f4xx_hal_cortex.o
 .debug_info    0x0000d165      0xafa build/stm32f4xx_hal.o
 .debug_info    0x0000dc5f     0x412d build/stm32f4xx_hal_tim.o
 .debug_info    0x00011d8c     0x1d81 build/stm32f4xx_hal_tim_ex.o
 .debug_info    0x00013b0d     0x436c build/stm32f4xx_hal_uart.o
 .debug_info    0x00017e79      0x5b3 build/system_stm32f4xx.o
 .debug_info    0x0001842c       0x30 build/startup_stm32f407xx.o
 .debug_info    0x0001845c      0x135 c:/msys64/mingw64/bin/../lib/gcc/arm-none-eabi/12.2.0/../../../../arm-none-eabi/lib/thumb/v7e-m+fp/hard\libc_nano.a(libc_a-memset.o)
 .debug_info    0x00018591      0x10b c:/msys64/mingw64/bin/../lib/gcc/arm-none-eabi/12.2.0/../../../../arm-none-eabi/lib/thumb/v7e-m+fp/hard\libc_nano.a(libc_a-init.o)
 .debug_info    0x0001869c       0xc0 c:/msys64/mingw64/bin/../lib/gcc/arm-none-eabi/12.2.0/thumb/v7e-m+fp/hard\libgcc.a(_arm_addsubdf3.o)
 .debug_info    0x0001875c       0x52 c:/msys64/mingw64/bin/../lib/gcc/arm-none-eabi/12.2.0/thumb/v7e-m+fp/hard\libgcc.a(_arm_muldivdf3.o)
 .debug_info    0x000187ae       0x39 c:/msys64/mingw64/bin/../lib/gcc/arm-none-eabi/12.2.0/thumb/v7e-m+fp/hard\libgcc.a(_arm_fixdfsi.o)
 .debug_info    0x000187e7       0x3c c:/msys64/mingw64/bin/../lib/gcc/arm-none-eabi/12.2.0/thumb/v7e-m+fp/hard\libgcc.a(_arm_truncdfsf2.o)
 .debug_info    0x00018823       0x24 c:/msys64/mingw64/bin/../lib/gcc/arm-none-eabi/12.2.0/thumb/v7e-m+fp/hard\libgcc.a(_aeabi_uldivmod.o)
 .debug_info    0x00018847      0x6fd c:/msys64/mingw64/bin/../lib/gcc/arm-none-eabi/12.2.0/thumb/v7e-m+fp/hard\libgcc.a(_udivmoddi4.o)
 .debug_info    0x00018f44       0x39 c:/msys64/mingw64/bin/../lib/gcc/arm-none-eabi/12.2.0/thumb/v7e-m+fp/hard\libgcc.a(_dvmd_tls.o)

.debug_abbrev   0x00000000     0x352a
 .debug_abbrev  0x00000000      0x353 build/main.o
 .debug_abbrev  0x00000353       0xd3 build/gpio.o
 .debug_abbrev  0x00000426      0x214 build/can.o
 .debug_abbrev  0x0000063a      0x12f build/dma.o
 .debug_abbrev  0x00000769      0x21a build/tim.o
 .debug_abbrev  0x00000983      0x240 build/usart.o
 .debug_abbrev  0x00000bc3      0x231 build/bsp_can.o
 .debug_abbrev  0x00000df4      0x28e build/Dbus.o
 .debug_abbrev  0x00001082      0x273 build/pid.o
 .debug_abbrev  0x000012f5      0x149 build/mecanum.o
 .debug_abbrev  0x0000143e      0x1b7 build/stm32f4xx_it.o
 .debug_abbrev  0x000015f5       0xd3 build/stm32f4xx_hal_msp.o
 .debug_abbrev  0x000016c8      0x291 build/stm32f4xx_hal_can.o
 .debug_abbrev  0x00001959      0x2de build/stm32f4xx_hal_rcc.o
 .debug_abbrev  0x00001c37      0x22b build/stm32f4xx_hal_gpio.o
 .debug_abbrev  0x00001e62      0x2fe build/stm32f4xx_hal_dma.o
 .debug_abbrev  0x00002160      0x3ca build/stm32f4xx_hal_cortex.o
 .debug_abbrev  0x0000252a      0x244 build/stm32f4xx_hal.o
 .debug_abbrev  0x0000276e      0x2bd build/stm32f4xx_hal_tim.o
 .debug_abbrev  0x00002a2b      0x2b7 build/stm32f4xx_hal_tim_ex.o
 .debug_abbrev  0x00002ce2      0x36f build/stm32f4xx_hal_uart.o
 .debug_abbrev  0x00003051      0x11b build/system_stm32f4xx.o
 .debug_abbrev  0x0000316c       0x1d build/startup_stm32f407xx.o
 .debug_abbrev  0x00003189       0xb7 c:/msys64/mingw64/bin/../lib/gcc/arm-none-eabi/12.2.0/../../../../arm-none-eabi/lib/thumb/v7e-m+fp/hard\libc_nano.a(libc_a-memset.o)
 .debug_abbrev  0x00003240       0xc9 c:/msys64/mingw64/bin/../lib/gcc/arm-none-eabi/12.2.0/../../../../arm-none-eabi/lib/thumb/v7e-m+fp/hard\libc_nano.a(libc_a-init.o)
 .debug_abbrev  0x00003309       0x21 c:/msys64/mingw64/bin/../lib/gcc/arm-none-eabi/12.2.0/thumb/v7e-m+fp/hard\libgcc.a(_arm_addsubdf3.o)
 .debug_abbrev  0x0000332a       0x21 c:/msys64/mingw64/bin/../lib/gcc/arm-none-eabi/12.2.0/thumb/v7e-m+fp/hard\libgcc.a(_arm_muldivdf3.o)
 .debug_abbrev  0x0000334b       0x21 c:/msys64/mingw64/bin/../lib/gcc/arm-none-eabi/12.2.0/thumb/v7e-m+fp/hard\libgcc.a(_arm_fixdfsi.o)
 .debug_abbrev  0x0000336c       0x21 c:/msys64/mingw64/bin/../lib/gcc/arm-none-eabi/12.2.0/thumb/v7e-m+fp/hard\libgcc.a(_arm_truncdfsf2.o)
 .debug_abbrev  0x0000338d       0x14 c:/msys64/mingw64/bin/../lib/gcc/arm-none-eabi/12.2.0/thumb/v7e-m+fp/hard\libgcc.a(_aeabi_uldivmod.o)
 .debug_abbrev  0x000033a1      0x16a c:/msys64/mingw64/bin/../lib/gcc/arm-none-eabi/12.2.0/thumb/v7e-m+fp/hard\libgcc.a(_udivmoddi4.o)
 .debug_abbrev  0x0000350b       0x1f c:/msys64/mingw64/bin/../lib/gcc/arm-none-eabi/12.2.0/thumb/v7e-m+fp/hard\libgcc.a(_dvmd_tls.o)

.debug_loc      0x00000000    0x10f16
 .debug_loc     0x00000000      0x177 build/main.o
 .debug_loc     0x00000177       0x2c build/gpio.o
 .debug_loc     0x000001a3      0x108 build/can.o
 .debug_loc     0x000002ab       0x38 build/dma.o
 .debug_loc     0x000002e3      0x103 build/tim.o
 .debug_loc     0x000003e6       0xf5 build/usart.o
 .debug_loc     0x000004db      0x273 build/bsp_can.o
 .debug_loc     0x0000074e      0x102 build/Dbus.o
 .debug_loc     0x00000850      0x64e build/pid.o
 .debug_loc     0x00000e9e       0xb4 build/mecanum.o
 .debug_loc     0x00000f52       0xa0 build/stm32f4xx_it.o
 .debug_loc     0x00000ff2       0x2c build/stm32f4xx_hal_msp.o
 .debug_loc     0x0000101e      0xeea build/stm32f4xx_hal_can.o
 .debug_loc     0x00001f08      0x6e4 build/stm32f4xx_hal_rcc.o
 .debug_loc     0x000025ec      0x5db build/stm32f4xx_hal_gpio.o
 .debug_loc     0x00002bc7      0xd6d build/stm32f4xx_hal_dma.o
 .debug_loc     0x00003934      0x7c7 build/stm32f4xx_hal_cortex.o
 .debug_loc     0x000040fb      0x1e1 build/stm32f4xx_hal.o
 .debug_loc     0x000042dc     0x5c3b build/stm32f4xx_hal_tim.o
 .debug_loc     0x00009f17     0x2168 build/stm32f4xx_hal_tim_ex.o
 .debug_loc     0x0000c07f     0x4d3f build/stm32f4xx_hal_uart.o
 .debug_loc     0x00010dbe      0x158 build/system_stm32f4xx.o

.debug_aranges  0x00000000     0x1028
 .debug_aranges
                0x00000000       0x48 build/main.o
 .debug_aranges
                0x00000048       0x20 build/gpio.o
 .debug_aranges
                0x00000068       0x30 build/can.o
 .debug_aranges
                0x00000098       0x20 build/dma.o
 .debug_aranges
                0x000000b8       0x30 build/tim.o
 .debug_aranges
                0x000000e8       0x30 build/usart.o
 .debug_aranges
                0x00000118       0x50 build/bsp_can.o
 .debug_aranges
                0x00000168       0x38 build/Dbus.o
 .debug_aranges
                0x000001a0       0x80 build/pid.o
 .debug_aranges
                0x00000220       0x28 build/mecanum.o
 .debug_aranges
                0x00000248       0x80 build/stm32f4xx_it.o
 .debug_aranges
                0x000002c8       0x20 build/stm32f4xx_hal_msp.o
 .debug_aranges
                0x000002e8      0x138 build/stm32f4xx_hal_can.o
 .debug_aranges
                0x00000420       0x88 build/stm32f4xx_hal_rcc.o
 .debug_aranges
                0x000004a8       0x58 build/stm32f4xx_hal_gpio.o
 .debug_aranges
                0x00000500       0x90 build/stm32f4xx_hal_dma.o
 .debug_aranges
                0x00000590       0xf8 build/stm32f4xx_hal_cortex.o
 .debug_aranges
                0x00000688       0xf0 build/stm32f4xx_hal.o
 .debug_aranges
                0x00000778      0x3d0 build/stm32f4xx_hal_tim.o
 .debug_aranges
                0x00000b48      0x168 build/stm32f4xx_hal_tim_ex.o
 .debug_aranges
                0x00000cb0      0x208 build/stm32f4xx_hal_uart.o
 .debug_aranges
                0x00000eb8       0x28 build/system_stm32f4xx.o
 .debug_aranges
                0x00000ee0       0x28 build/startup_stm32f407xx.o
 .debug_aranges
                0x00000f08       0x20 c:/msys64/mingw64/bin/../lib/gcc/arm-none-eabi/12.2.0/../../../../arm-none-eabi/lib/thumb/v7e-m+fp/hard\libc_nano.a(libc_a-memset.o)
 .debug_aranges
                0x00000f28       0x20 c:/msys64/mingw64/bin/../lib/gcc/arm-none-eabi/12.2.0/../../../../arm-none-eabi/lib/thumb/v7e-m+fp/hard\libc_nano.a(libc_a-init.o)
 .debug_aranges
                0x00000f48       0x20 c:/msys64/mingw64/bin/../lib/gcc/arm-none-eabi/12.2.0/thumb/v7e-m+fp/hard\libgcc.a(_arm_addsubdf3.o)
 .debug_aranges
                0x00000f68       0x20 c:/msys64/mingw64/bin/../lib/gcc/arm-none-eabi/12.2.0/thumb/v7e-m+fp/hard\libgcc.a(_arm_muldivdf3.o)
 .debug_aranges
                0x00000f88       0x20 c:/msys64/mingw64/bin/../lib/gcc/arm-none-eabi/12.2.0/thumb/v7e-m+fp/hard\libgcc.a(_arm_fixdfsi.o)
 .debug_aranges
                0x00000fa8       0x20 c:/msys64/mingw64/bin/../lib/gcc/arm-none-eabi/12.2.0/thumb/v7e-m+fp/hard\libgcc.a(_arm_truncdfsf2.o)
 .debug_aranges
                0x00000fc8       0x20 c:/msys64/mingw64/bin/../lib/gcc/arm-none-eabi/12.2.0/thumb/v7e-m+fp/hard\libgcc.a(_aeabi_uldivmod.o)
 .debug_aranges
                0x00000fe8       0x20 c:/msys64/mingw64/bin/../lib/gcc/arm-none-eabi/12.2.0/thumb/v7e-m+fp/hard\libgcc.a(_udivmoddi4.o)
 .debug_aranges
                0x00001008       0x20 c:/msys64/mingw64/bin/../lib/gcc/arm-none-eabi/12.2.0/thumb/v7e-m+fp/hard\libgcc.a(_dvmd_tls.o)

.debug_ranges   0x00000000      0xe00
 .debug_ranges  0x00000000       0x38 build/main.o
 .debug_ranges  0x00000038       0x10 build/gpio.o
 .debug_ranges  0x00000048       0x20 build/can.o
 .debug_ranges  0x00000068       0x10 build/dma.o
 .debug_ranges  0x00000078       0x20 build/tim.o
 .debug_ranges  0x00000098       0x20 build/usart.o
 .debug_ranges  0x000000b8       0x58 build/bsp_can.o
 .debug_ranges  0x00000110       0x28 build/Dbus.o
 .debug_ranges  0x00000138       0x70 build/pid.o
 .debug_ranges  0x000001a8       0x18 build/mecanum.o
 .debug_ranges  0x000001c0       0x70 build/stm32f4xx_it.o
 .debug_ranges  0x00000230       0x10 build/stm32f4xx_hal_msp.o
 .debug_ranges  0x00000240      0x140 build/stm32f4xx_hal_can.o
 .debug_ranges  0x00000380       0x90 build/stm32f4xx_hal_rcc.o
 .debug_ranges  0x00000410       0x48 build/stm32f4xx_hal_gpio.o
 .debug_ranges  0x00000458       0x80 build/stm32f4xx_hal_dma.o
 .debug_ranges  0x000004d8       0xe8 build/stm32f4xx_hal_cortex.o
 .debug_ranges  0x000005c0       0xe0 build/stm32f4xx_hal.o
 .debug_ranges  0x000006a0      0x3c0 build/stm32f4xx_hal_tim.o
 .debug_ranges  0x00000a60      0x158 build/stm32f4xx_hal_tim_ex.o
 .debug_ranges  0x00000bb8      0x210 build/stm32f4xx_hal_uart.o
 .debug_ranges  0x00000dc8       0x18 build/system_stm32f4xx.o
 .debug_ranges  0x00000de0       0x20 build/startup_stm32f407xx.o

.debug_line     0x00000000    0x11aee
 .debug_line    0x00000000      0x560 build/main.o
 .debug_line    0x00000560      0x117 build/gpio.o
 .debug_line    0x00000677      0x2b7 build/can.o
 .debug_line    0x0000092e      0x141 build/dma.o
 .debug_line    0x00000a6f      0x29e build/tim.o
 .debug_line    0x00000d0d      0x305 build/usart.o
 .debug_line    0x00001012      0x4e6 build/bsp_can.o
 .debug_line    0x000014f8      0x42b build/Dbus.o
 .debug_line    0x00001923      0x577 build/pid.o
 .debug_line    0x00001e9a      0x188 build/mecanum.o
 .debug_line    0x00002022      0x318 build/stm32f4xx_it.o
 .debug_line    0x0000233a      0x119 build/stm32f4xx_hal_msp.o
 .debug_line    0x00002453     0x10ed build/stm32f4xx_hal_can.o
 .debug_line    0x00003540      0xafe build/stm32f4xx_hal_rcc.o
 .debug_line    0x0000403e      0x680 build/stm32f4xx_hal_gpio.o
 .debug_line    0x000046be      0xe1d build/stm32f4xx_hal_dma.o
 .debug_line    0x000054db      0x816 build/stm32f4xx_hal_cortex.o
 .debug_line    0x00005cf1      0x529 build/stm32f4xx_hal.o
 .debug_line    0x0000621a     0x4a3b build/stm32f4xx_hal_tim.o
 .debug_line    0x0000ac55     0x1cd4 build/stm32f4xx_hal_tim_ex.o
 .debug_line    0x0000c929     0x4282 build/stm32f4xx_hal_uart.o
 .debug_line    0x00010bab      0x211 build/system_stm32f4xx.o
 .debug_line    0x00010dbc       0x73 build/startup_stm32f407xx.o
 .debug_line    0x00010e2f      0x1cd c:/msys64/mingw64/bin/../lib/gcc/arm-none-eabi/12.2.0/../../../../arm-none-eabi/lib/thumb/v7e-m+fp/hard\libc_nano.a(libc_a-memset.o)
 .debug_line    0x00010ffc      0x144 c:/msys64/mingw64/bin/../lib/gcc/arm-none-eabi/12.2.0/../../../../arm-none-eabi/lib/thumb/v7e-m+fp/hard\libc_nano.a(libc_a-init.o)
 .debug_line    0x00011140      0x16f c:/msys64/mingw64/bin/../lib/gcc/arm-none-eabi/12.2.0/thumb/v7e-m+fp/hard\libgcc.a(_arm_addsubdf3.o)
 .debug_line    0x000112af      0x184 c:/msys64/mingw64/bin/../lib/gcc/arm-none-eabi/12.2.0/thumb/v7e-m+fp/hard\libgcc.a(_arm_muldivdf3.o)
 .debug_line    0x00011433       0x62 c:/msys64/mingw64/bin/../lib/gcc/arm-none-eabi/12.2.0/thumb/v7e-m+fp/hard\libgcc.a(_arm_fixdfsi.o)
 .debug_line    0x00011495       0x76 c:/msys64/mingw64/bin/../lib/gcc/arm-none-eabi/12.2.0/thumb/v7e-m+fp/hard\libgcc.a(_arm_truncdfsf2.o)
 .debug_line    0x0001150b       0x4e c:/msys64/mingw64/bin/../lib/gcc/arm-none-eabi/12.2.0/thumb/v7e-m+fp/hard\libgcc.a(_aeabi_uldivmod.o)
 .debug_line    0x00011559      0x54b c:/msys64/mingw64/bin/../lib/gcc/arm-none-eabi/12.2.0/thumb/v7e-m+fp/hard\libgcc.a(_udivmoddi4.o)
 .debug_line    0x00011aa4       0x4a c:/msys64/mingw64/bin/../lib/gcc/arm-none-eabi/12.2.0/thumb/v7e-m+fp/hard\libgcc.a(_dvmd_tls.o)

.debug_str      0x00000000     0x521e
 .debug_str     0x00000000     0x521e build/main.o
                               0x1180 (size before relaxing)
 .debug_str     0x0000521e      0x283 build/gpio.o
 .debug_str     0x0000521e      0xb31 build/can.o
 .debug_str     0x0000521e      0x7a1 build/dma.o
 .debug_str     0x0000521e      0xe59 build/tim.o
 .debug_str     0x0000521e      0xd69 build/usart.o
 .debug_str     0x0000521e      0x79a build/bsp_can.o
 .debug_str     0x0000521e      0x763 build/Dbus.o
 .debug_str     0x0000521e      0x4d7 build/pid.o
 .debug_str     0x0000521e      0x211 build/mecanum.o
 .debug_str     0x0000521e      0xc7a build/stm32f4xx_it.o
 .debug_str     0x0000521e      0x28f build/stm32f4xx_hal_msp.o
 .debug_str     0x0000521e      0xa09 build/stm32f4xx_hal_can.o
 .debug_str     0x0000521e      0x6da build/stm32f4xx_hal_rcc.o
 .debug_str     0x0000521e      0x4b4 build/stm32f4xx_hal_gpio.o
 .debug_str     0x0000521e      0x74a build/stm32f4xx_hal_dma.o
 .debug_str     0x0000521e      0xc49 build/stm32f4xx_hal_cortex.o
 .debug_str     0x0000521e      0xb38 build/stm32f4xx_hal.o
 .debug_str     0x0000521e     0x16d3 build/stm32f4xx_hal_tim.o
 .debug_str     0x0000521e      0xedf build/stm32f4xx_hal_tim_ex.o
 .debug_str     0x0000521e      0xd6f build/stm32f4xx_hal_uart.o
 .debug_str     0x0000521e      0x349 build/system_stm32f4xx.o
 .debug_str     0x0000521e       0x5d build/startup_stm32f407xx.o
 .debug_str     0x0000521e      0x19b c:/msys64/mingw64/bin/../lib/gcc/arm-none-eabi/12.2.0/../../../../arm-none-eabi/lib/thumb/v7e-m+fp/hard\libc_nano.a(libc_a-memset.o)
 .debug_str     0x0000521e      0x1e8 c:/msys64/mingw64/bin/../lib/gcc/arm-none-eabi/12.2.0/../../../../arm-none-eabi/lib/thumb/v7e-m+fp/hard\libc_nano.a(libc_a-init.o)
 .debug_str     0x0000521e      0x173 c:/msys64/mingw64/bin/../lib/gcc/arm-none-eabi/12.2.0/thumb/v7e-m+fp/hard\libgcc.a(_arm_addsubdf3.o)
 .debug_str     0x0000521e       0xe5 c:/msys64/mingw64/bin/../lib/gcc/arm-none-eabi/12.2.0/thumb/v7e-m+fp/hard\libgcc.a(_arm_muldivdf3.o)
 .debug_str     0x0000521e       0xd0 c:/msys64/mingw64/bin/../lib/gcc/arm-none-eabi/12.2.0/thumb/v7e-m+fp/hard\libgcc.a(_arm_fixdfsi.o)
 .debug_str     0x0000521e       0xd2 c:/msys64/mingw64/bin/../lib/gcc/arm-none-eabi/12.2.0/thumb/v7e-m+fp/hard\libgcc.a(_arm_truncdfsf2.o)
 .debug_str     0x0000521e       0xb4 c:/msys64/mingw64/bin/../lib/gcc/arm-none-eabi/12.2.0/thumb/v7e-m+fp/hard\libgcc.a(_aeabi_uldivmod.o)
 .debug_str     0x0000521e      0x6bd c:/msys64/mingw64/bin/../lib/gcc/arm-none-eabi/12.2.0/thumb/v7e-m+fp/hard\libgcc.a(_udivmoddi4.o)
 .debug_str     0x0000521e       0xd4 c:/msys64/mingw64/bin/../lib/gcc/arm-none-eabi/12.2.0/thumb/v7e-m+fp/hard\libgcc.a(_dvmd_tls.o)

.debug_frame    0x00000000     0x2800
 .debug_frame   0x00000000       0xac build/main.o
 .debug_frame   0x000000ac       0x28 build/gpio.o
 .debug_frame   0x000000d4       0x60 build/can.o
 .debug_frame   0x00000134       0x2c build/dma.o
 .debug_frame   0x00000160       0x64 build/tim.o
 .debug_frame   0x000001c4       0x64 build/usart.o
 .debug_frame   0x00000228       0xbc build/bsp_can.o
 .debug_frame   0x000002e4       0x78 build/Dbus.o
 .debug_frame   0x0000035c      0x154 build/pid.o
 .debug_frame   0x000004b0       0x58 build/mecanum.o
 .debug_frame   0x00000508      0x108 build/stm32f4xx_it.o
 .debug_frame   0x00000610       0x28 build/stm32f4xx_hal_msp.o
 .debug_frame   0x00000638      0x2d8 build/stm32f4xx_hal_can.o
 .debug_frame   0x00000910      0x16c build/stm32f4xx_hal_rcc.o
 .debug_frame   0x00000a7c       0xd8 build/stm32f4xx_hal_gpio.o
 .debug_frame   0x00000b54      0x188 build/stm32f4xx_hal_dma.o
 .debug_frame   0x00000cdc      0x214 build/stm32f4xx_hal_cortex.o
 .debug_frame   0x00000ef0      0x1ec build/stm32f4xx_hal.o
 .debug_frame   0x000010dc      0xb10 build/stm32f4xx_hal_tim.o
 .debug_frame   0x00001bec      0x40c build/stm32f4xx_hal_tim_ex.o
 .debug_frame   0x00001ff8      0x5dc build/stm32f4xx_hal_uart.o
 .debug_frame   0x000025d4       0x30 build/system_stm32f4xx.o
 .debug_frame   0x00002604       0x2c c:/msys64/mingw64/bin/../lib/gcc/arm-none-eabi/12.2.0/../../../../arm-none-eabi/lib/thumb/v7e-m+fp/hard\libc_nano.a(libc_a-memset.o)
 .debug_frame   0x00002630       0x2c c:/msys64/mingw64/bin/../lib/gcc/arm-none-eabi/12.2.0/../../../../arm-none-eabi/lib/thumb/v7e-m+fp/hard\libc_nano.a(libc_a-init.o)
 .debug_frame   0x0000265c       0xac c:/msys64/mingw64/bin/../lib/gcc/arm-none-eabi/12.2.0/thumb/v7e-m+fp/hard\libgcc.a(_arm_addsubdf3.o)
 .debug_frame   0x00002708       0x50 c:/msys64/mingw64/bin/../lib/gcc/arm-none-eabi/12.2.0/thumb/v7e-m+fp/hard\libgcc.a(_arm_muldivdf3.o)
 .debug_frame   0x00002758       0x24 c:/msys64/mingw64/bin/../lib/gcc/arm-none-eabi/12.2.0/thumb/v7e-m+fp/hard\libgcc.a(_arm_fixdfsi.o)
 .debug_frame   0x0000277c       0x24 c:/msys64/mingw64/bin/../lib/gcc/arm-none-eabi/12.2.0/thumb/v7e-m+fp/hard\libgcc.a(_arm_truncdfsf2.o)
 .debug_frame   0x000027a0       0x2c c:/msys64/mingw64/bin/../lib/gcc/arm-none-eabi/12.2.0/thumb/v7e-m+fp/hard\libgcc.a(_aeabi_uldivmod.o)
 .debug_frame   0x000027cc       0x34 c:/msys64/mingw64/bin/../lib/gcc/arm-none-eabi/12.2.0/thumb/v7e-m+fp/hard\libgcc.a(_udivmoddi4.o)

.debug_loclists
                0x00000000      0x983
 .debug_loclists
                0x00000000      0x1b6 c:/msys64/mingw64/bin/../lib/gcc/arm-none-eabi/12.2.0/../../../../arm-none-eabi/lib/thumb/v7e-m+fp/hard\libc_nano.a(libc_a-memset.o)
 .debug_loclists
                0x000001b6       0x65 c:/msys64/mingw64/bin/../lib/gcc/arm-none-eabi/12.2.0/../../../../arm-none-eabi/lib/thumb/v7e-m+fp/hard\libc_nano.a(libc_a-init.o)
 .debug_loclists
                0x0000021b      0x768 c:/msys64/mingw64/bin/../lib/gcc/arm-none-eabi/12.2.0/thumb/v7e-m+fp/hard\libgcc.a(_udivmoddi4.o)

.debug_line_str
                0x00000000       0xc1
 .debug_line_str
                0x00000000       0xc1 c:/msys64/mingw64/bin/../lib/gcc/arm-none-eabi/12.2.0/thumb/v7e-m+fp/hard\libgcc.a(_arm_addsubdf3.o)
                                 0xad (size before relaxing)
 .debug_line_str
                0x000000c1       0xad c:/msys64/mingw64/bin/../lib/gcc/arm-none-eabi/12.2.0/thumb/v7e-m+fp/hard\libgcc.a(_arm_muldivdf3.o)
 .debug_line_str
                0x000000c1       0xad c:/msys64/mingw64/bin/../lib/gcc/arm-none-eabi/12.2.0/thumb/v7e-m+fp/hard\libgcc.a(_arm_fixdfsi.o)
 .debug_line_str
                0x000000c1       0xad c:/msys64/mingw64/bin/../lib/gcc/arm-none-eabi/12.2.0/thumb/v7e-m+fp/hard\libgcc.a(_arm_truncdfsf2.o)
 .debug_line_str
                0x000000c1       0xa8 c:/msys64/mingw64/bin/../lib/gcc/arm-none-eabi/12.2.0/thumb/v7e-m+fp/hard\libgcc.a(_aeabi_uldivmod.o)
 .debug_line_str
                0x000000c1       0xac c:/msys64/mingw64/bin/../lib/gcc/arm-none-eabi/12.2.0/thumb/v7e-m+fp/hard\libgcc.a(_dvmd_tls.o)

.debug_rnglists
                0x00000000       0x6d
 .debug_rnglists
                0x00000000       0x6d c:/msys64/mingw64/bin/../lib/gcc/arm-none-eabi/12.2.0/thumb/v7e-m+fp/hard\libgcc.a(_udivmoddi4.o)

Cross Reference Table

Symbol                                            File
A                                                 build/pid.o
ADC_IRQHandler                                    build/startup_stm32f407xx.o
AHBPrescTable                                     build/system_stm32f4xx.o
                                                  build/stm32f4xx_hal_rcc.o
APBPrescTable                                     build/system_stm32f4xx.o
                                                  build/stm32f4xx_hal_rcc.o
BusFault_Handler                                  build/stm32f4xx_it.o
CAN1_RX0_IRQHandler                               build/stm32f4xx_it.o
CAN1_RX1_IRQHandler                               build/startup_stm32f407xx.o
CAN1_SCE_IRQHandler                               build/startup_stm32f407xx.o
CAN1_TX_IRQHandler                                build/startup_stm32f407xx.o
CAN2_RX0_IRQHandler                               build/startup_stm32f407xx.o
CAN2_RX1_IRQHandler                               build/startup_stm32f407xx.o
CAN2_SCE_IRQHandler                               build/startup_stm32f407xx.o
CAN2_TX_IRQHandler                                build/startup_stm32f407xx.o
Current_value                                     build/pid.o
DBUS_rx_buf                                       build/main.o
                                                  build/Dbus.o
DCMI_IRQHandler                                   build/startup_stm32f407xx.o
DMA1_Stream0_IRQHandler                           build/startup_stm32f407xx.o
DMA1_Stream1_IRQHandler                           build/stm32f4xx_it.o
DMA1_Stream2_IRQHandler                           build/startup_stm32f407xx.o
DMA1_Stream3_IRQHandler                           build/startup_stm32f407xx.o
DMA1_Stream4_IRQHandler                           build/startup_stm32f407xx.o
DMA1_Stream5_IRQHandler                           build/startup_stm32f407xx.o
DMA1_Stream6_IRQHandler                           build/startup_stm32f407xx.o
DMA1_Stream7_IRQHandler                           build/startup_stm32f407xx.o
DMA2_Stream0_IRQHandler                           build/startup_stm32f407xx.o
DMA2_Stream1_IRQHandler                           build/startup_stm32f407xx.o
DMA2_Stream2_IRQHandler                           build/startup_stm32f407xx.o
DMA2_Stream3_IRQHandler                           build/startup_stm32f407xx.o
DMA2_Stream4_IRQHandler                           build/startup_stm32f407xx.o
DMA2_Stream5_IRQHandler                           build/startup_stm32f407xx.o
DMA2_Stream6_IRQHandler                           build/startup_stm32f407xx.o
DMA2_Stream7_IRQHandler                           build/startup_stm32f407xx.o
DR16_Received                                     build/Dbus.o
                                                  build/main.o
Data                                              build/bsp_can.o
DebugMon_Handler                                  build/stm32f4xx_it.o
Default_Handler                                   build/startup_stm32f407xx.o
ETH_IRQHandler                                    build/startup_stm32f407xx.o
ETH_WKUP_IRQHandler                               build/startup_stm32f407xx.o
EXTI0_IRQHandler                                  build/startup_stm32f407xx.o
EXTI15_10_IRQHandler                              build/startup_stm32f407xx.o
EXTI1_IRQHandler                                  build/startup_stm32f407xx.o
EXTI2_IRQHandler                                  build/startup_stm32f407xx.o
EXTI3_IRQHandler                                  build/startup_stm32f407xx.o
EXTI4_IRQHandler                                  build/startup_stm32f407xx.o
EXTI9_5_IRQHandler                                build/startup_stm32f407xx.o
Engine                                            build/bsp_can.o
                                                  build/pid.o
                                                  build/main.o
Error_Handler                                     build/main.o
                                                  build/usart.o
                                                  build/tim.o
                                                  build/can.o
FLASH_Erase_Sector                                build/stm32f4xx_hal_flash_ex.o
                                                  build/stm32f4xx_hal_flash.o
FLASH_FlushCaches                                 build/stm32f4xx_hal_flash_ex.o
                                                  build/stm32f4xx_hal_flash.o
FLASH_IRQHandler                                  build/startup_stm32f407xx.o
FLASH_WaitForLastOperation                        build/stm32f4xx_hal_flash.o
                                                  build/stm32f4xx_hal_flash_ex.o
FPU_IRQHandler                                    build/startup_stm32f407xx.o
FSMC_IRQHandler                                   build/startup_stm32f407xx.o
HAL_CAN_AbortTxRequest                            build/stm32f4xx_hal_can.o
HAL_CAN_ActivateNotification                      build/stm32f4xx_hal_can.o
                                                  build/bsp_can.o
HAL_CAN_AddTxMessage                              build/stm32f4xx_hal_can.o
                                                  build/bsp_can.o
HAL_CAN_ConfigFilter                              build/stm32f4xx_hal_can.o
                                                  build/bsp_can.o
HAL_CAN_DeInit                                    build/stm32f4xx_hal_can.o
HAL_CAN_DeactivateNotification                    build/stm32f4xx_hal_can.o
HAL_CAN_ErrorCallback                             build/stm32f4xx_hal_can.o
HAL_CAN_GetError                                  build/stm32f4xx_hal_can.o
HAL_CAN_GetRxFifoFillLevel                        build/stm32f4xx_hal_can.o
HAL_CAN_GetRxMessage                              build/stm32f4xx_hal_can.o
                                                  build/bsp_can.o
HAL_CAN_GetState                                  build/stm32f4xx_hal_can.o
HAL_CAN_GetTxMailboxesFreeLevel                   build/stm32f4xx_hal_can.o
HAL_CAN_GetTxTimestamp                            build/stm32f4xx_hal_can.o
HAL_CAN_IRQHandler                                build/stm32f4xx_hal_can.o
                                                  build/stm32f4xx_it.o
HAL_CAN_Init                                      build/stm32f4xx_hal_can.o
                                                  build/can.o
HAL_CAN_IsSleepActive                             build/stm32f4xx_hal_can.o
HAL_CAN_IsTxMessagePending                        build/stm32f4xx_hal_can.o
HAL_CAN_MspDeInit                                 build/can.o
HAL_CAN_MspInit                                   build/can.o
HAL_CAN_RequestSleep                              build/stm32f4xx_hal_can.o
HAL_CAN_ResetError                                build/stm32f4xx_hal_can.o
HAL_CAN_RxFifo0FullCallback                       build/stm32f4xx_hal_can.o
HAL_CAN_RxFifo0MsgPendingCallback                 build/bsp_can.o
HAL_CAN_RxFifo1FullCallback                       build/stm32f4xx_hal_can.o
HAL_CAN_RxFifo1MsgPendingCallback                 build/stm32f4xx_hal_can.o
HAL_CAN_SleepCallback                             build/stm32f4xx_hal_can.o
HAL_CAN_Start                                     build/stm32f4xx_hal_can.o
                                                  build/main.o
HAL_CAN_Stop                                      build/stm32f4xx_hal_can.o
HAL_CAN_TxMailbox0AbortCallback                   build/stm32f4xx_hal_can.o
HAL_CAN_TxMailbox0CompleteCallback                build/stm32f4xx_hal_can.o
HAL_CAN_TxMailbox1AbortCallback                   build/stm32f4xx_hal_can.o
HAL_CAN_TxMailbox1CompleteCallback                build/stm32f4xx_hal_can.o
HAL_CAN_TxMailbox2AbortCallback                   build/stm32f4xx_hal_can.o
HAL_CAN_TxMailbox2CompleteCallback                build/stm32f4xx_hal_can.o
HAL_CAN_WakeUp                                    build/stm32f4xx_hal_can.o
HAL_CAN_WakeUpFromRxMsgCallback                   build/stm32f4xx_hal_can.o
HAL_CORTEX_ClearEvent                             build/stm32f4xx_hal_cortex.o
HAL_DBGMCU_DisableDBGSleepMode                    build/stm32f4xx_hal.o
HAL_DBGMCU_DisableDBGStandbyMode                  build/stm32f4xx_hal.o
HAL_DBGMCU_DisableDBGStopMode                     build/stm32f4xx_hal.o
HAL_DBGMCU_EnableDBGSleepMode                     build/stm32f4xx_hal.o
HAL_DBGMCU_EnableDBGStandbyMode                   build/stm32f4xx_hal.o
HAL_DBGMCU_EnableDBGStopMode                      build/stm32f4xx_hal.o
HAL_DMAEx_ChangeMemory                            build/stm32f4xx_hal_dma_ex.o
HAL_DMAEx_MultiBufferStart                        build/stm32f4xx_hal_dma_ex.o
HAL_DMAEx_MultiBufferStart_IT                     build/stm32f4xx_hal_dma_ex.o
HAL_DMA_Abort                                     build/stm32f4xx_hal_dma.o
                                                  build/stm32f4xx_hal_uart.o
HAL_DMA_Abort_IT                                  build/stm32f4xx_hal_dma.o
                                                  build/stm32f4xx_hal_uart.o
                                                  build/stm32f4xx_hal_tim_ex.o
                                                  build/stm32f4xx_hal_tim.o
HAL_DMA_DeInit                                    build/stm32f4xx_hal_dma.o
                                                  build/usart.o
HAL_DMA_GetError                                  build/stm32f4xx_hal_dma.o
                                                  build/stm32f4xx_hal_uart.o
HAL_DMA_GetState                                  build/stm32f4xx_hal_dma.o
HAL_DMA_IRQHandler                                build/stm32f4xx_hal_dma.o
                                                  build/stm32f4xx_it.o
HAL_DMA_Init                                      build/stm32f4xx_hal_dma.o
                                                  build/usart.o
HAL_DMA_PollForTransfer                           build/stm32f4xx_hal_dma.o
HAL_DMA_RegisterCallback                          build/stm32f4xx_hal_dma.o
HAL_DMA_Start                                     build/stm32f4xx_hal_dma.o
HAL_DMA_Start_IT                                  build/stm32f4xx_hal_dma.o
                                                  build/stm32f4xx_hal_uart.o
                                                  build/stm32f4xx_hal_tim_ex.o
                                                  build/stm32f4xx_hal_tim.o
HAL_DMA_UnRegisterCallback                        build/stm32f4xx_hal_dma.o
HAL_DeInit                                        build/stm32f4xx_hal.o
HAL_Delay                                         build/stm32f4xx_hal.o
                                                  build/main.o
HAL_DisableCompensationCell                       build/stm32f4xx_hal.o
HAL_EXTI_ClearConfigLine                          build/stm32f4xx_hal_exti.o
HAL_EXTI_ClearPending                             build/stm32f4xx_hal_exti.o
HAL_EXTI_GenerateSWI                              build/stm32f4xx_hal_exti.o
HAL_EXTI_GetConfigLine                            build/stm32f4xx_hal_exti.o
HAL_EXTI_GetHandle                                build/stm32f4xx_hal_exti.o
HAL_EXTI_GetPending                               build/stm32f4xx_hal_exti.o
HAL_EXTI_IRQHandler                               build/stm32f4xx_hal_exti.o
HAL_EXTI_RegisterCallback                         build/stm32f4xx_hal_exti.o
HAL_EXTI_SetConfigLine                            build/stm32f4xx_hal_exti.o
HAL_EnableCompensationCell                        build/stm32f4xx_hal.o
HAL_FLASHEx_Erase                                 build/stm32f4xx_hal_flash_ex.o
HAL_FLASHEx_Erase_IT                              build/stm32f4xx_hal_flash_ex.o
HAL_FLASHEx_OBGetConfig                           build/stm32f4xx_hal_flash_ex.o
HAL_FLASHEx_OBProgram                             build/stm32f4xx_hal_flash_ex.o
HAL_FLASH_EndOfOperationCallback                  build/stm32f4xx_hal_flash.o
HAL_FLASH_GetError                                build/stm32f4xx_hal_flash.o
HAL_FLASH_IRQHandler                              build/stm32f4xx_hal_flash.o
HAL_FLASH_Lock                                    build/stm32f4xx_hal_flash.o
HAL_FLASH_OB_Launch                               build/stm32f4xx_hal_flash.o
HAL_FLASH_OB_Lock                                 build/stm32f4xx_hal_flash.o
HAL_FLASH_OB_Unlock                               build/stm32f4xx_hal_flash.o
HAL_FLASH_OperationErrorCallback                  build/stm32f4xx_hal_flash.o
HAL_FLASH_Program                                 build/stm32f4xx_hal_flash.o
HAL_FLASH_Program_IT                              build/stm32f4xx_hal_flash.o
HAL_FLASH_Unlock                                  build/stm32f4xx_hal_flash.o
HAL_GPIO_DeInit                                   build/stm32f4xx_hal_gpio.o
                                                  build/usart.o
                                                  build/can.o
HAL_GPIO_EXTI_Callback                            build/stm32f4xx_hal_gpio.o
HAL_GPIO_EXTI_IRQHandler                          build/stm32f4xx_hal_gpio.o
HAL_GPIO_Init                                     build/stm32f4xx_hal_gpio.o
                                                  build/stm32f4xx_hal_rcc.o
                                                  build/usart.o
                                                  build/can.o
HAL_GPIO_LockPin                                  build/stm32f4xx_hal_gpio.o
HAL_GPIO_ReadPin                                  build/stm32f4xx_hal_gpio.o
HAL_GPIO_TogglePin                                build/stm32f4xx_hal_gpio.o
HAL_GPIO_WritePin                                 build/stm32f4xx_hal_gpio.o
HAL_GetDEVID                                      build/stm32f4xx_hal.o
HAL_GetHalVersion                                 build/stm32f4xx_hal.o
HAL_GetREVID                                      build/stm32f4xx_hal.o
HAL_GetTick                                       build/stm32f4xx_hal.o
                                                  build/stm32f4xx_hal_uart.o
                                                  build/stm32f4xx_hal_pwr_ex.o
                                                  build/stm32f4xx_hal_dma.o
                                                  build/stm32f4xx_hal_flash.o
                                                  build/stm32f4xx_hal_rcc_ex.o
                                                  build/stm32f4xx_hal_rcc.o
                                                  build/stm32f4xx_hal_can.o
HAL_GetTickFreq                                   build/stm32f4xx_hal.o
HAL_GetTickPrio                                   build/stm32f4xx_hal.o
HAL_GetUIDw0                                      build/stm32f4xx_hal.o
HAL_GetUIDw1                                      build/stm32f4xx_hal.o
HAL_GetUIDw2                                      build/stm32f4xx_hal.o
HAL_HalfDuplex_EnableReceiver                     build/stm32f4xx_hal_uart.o
HAL_HalfDuplex_EnableTransmitter                  build/stm32f4xx_hal_uart.o
HAL_HalfDuplex_Init                               build/stm32f4xx_hal_uart.o
HAL_IncTick                                       build/stm32f4xx_hal.o
                                                  build/stm32f4xx_it.o
HAL_Init                                          build/stm32f4xx_hal.o
                                                  build/main.o
HAL_InitTick                                      build/stm32f4xx_hal.o
                                                  build/stm32f4xx_hal_rcc_ex.o
                                                  build/stm32f4xx_hal_rcc.o
HAL_LIN_Init                                      build/stm32f4xx_hal_uart.o
HAL_LIN_SendBreak                                 build/stm32f4xx_hal_uart.o
HAL_MPU_ConfigRegion                              build/stm32f4xx_hal_cortex.o
HAL_MPU_Disable                                   build/stm32f4xx_hal_cortex.o
HAL_MPU_DisableRegion                             build/stm32f4xx_hal_cortex.o
HAL_MPU_Enable                                    build/stm32f4xx_hal_cortex.o
HAL_MPU_EnableRegion                              build/stm32f4xx_hal_cortex.o
HAL_MspDeInit                                     build/stm32f4xx_hal.o
HAL_MspInit                                       build/stm32f4xx_hal_msp.o
HAL_MultiProcessor_EnterMuteMode                  build/stm32f4xx_hal_uart.o
HAL_MultiProcessor_ExitMuteMode                   build/stm32f4xx_hal_uart.o
HAL_MultiProcessor_Init                           build/stm32f4xx_hal_uart.o
HAL_NVIC_ClearPendingIRQ                          build/stm32f4xx_hal_cortex.o
HAL_NVIC_DisableIRQ                               build/stm32f4xx_hal_cortex.o
                                                  build/usart.o
                                                  build/tim.o
                                                  build/can.o
HAL_NVIC_EnableIRQ                                build/stm32f4xx_hal_cortex.o
                                                  build/usart.o
                                                  build/tim.o
                                                  build/dma.o
                                                  build/can.o
HAL_NVIC_GetActive                                build/stm32f4xx_hal_cortex.o
HAL_NVIC_GetPendingIRQ                            build/stm32f4xx_hal_cortex.o
HAL_NVIC_GetPriority                              build/stm32f4xx_hal_cortex.o
HAL_NVIC_GetPriorityGrouping                      build/stm32f4xx_hal_cortex.o
HAL_NVIC_SetPendingIRQ                            build/stm32f4xx_hal_cortex.o
HAL_NVIC_SetPriority                              build/stm32f4xx_hal_cortex.o
                                                  build/stm32f4xx_hal.o
                                                  build/usart.o
                                                  build/tim.o
                                                  build/dma.o
                                                  build/can.o
HAL_NVIC_SetPriorityGrouping                      build/stm32f4xx_hal_cortex.o
                                                  build/stm32f4xx_hal.o
HAL_NVIC_SystemReset                              build/stm32f4xx_hal_cortex.o
HAL_PWREx_ControlVoltageScaling                   build/stm32f4xx_hal_pwr_ex.o
HAL_PWREx_DisableBkUpReg                          build/stm32f4xx_hal_pwr_ex.o
HAL_PWREx_DisableFlashPowerDown                   build/stm32f4xx_hal_pwr_ex.o
HAL_PWREx_EnableBkUpReg                           build/stm32f4xx_hal_pwr_ex.o
HAL_PWREx_EnableFlashPowerDown                    build/stm32f4xx_hal_pwr_ex.o
HAL_PWREx_GetVoltageRange                         build/stm32f4xx_hal_pwr_ex.o
HAL_PWR_ConfigPVD                                 build/stm32f4xx_hal_pwr.o
HAL_PWR_DeInit                                    build/stm32f4xx_hal_pwr.o
HAL_PWR_DisableBkUpAccess                         build/stm32f4xx_hal_pwr.o
HAL_PWR_DisablePVD                                build/stm32f4xx_hal_pwr.o
HAL_PWR_DisableSEVOnPend                          build/stm32f4xx_hal_pwr.o
HAL_PWR_DisableSleepOnExit                        build/stm32f4xx_hal_pwr.o
HAL_PWR_DisableWakeUpPin                          build/stm32f4xx_hal_pwr.o
HAL_PWR_EnableBkUpAccess                          build/stm32f4xx_hal_pwr.o
HAL_PWR_EnablePVD                                 build/stm32f4xx_hal_pwr.o
HAL_PWR_EnableSEVOnPend                           build/stm32f4xx_hal_pwr.o
HAL_PWR_EnableSleepOnExit                         build/stm32f4xx_hal_pwr.o
HAL_PWR_EnableWakeUpPin                           build/stm32f4xx_hal_pwr.o
HAL_PWR_EnterSLEEPMode                            build/stm32f4xx_hal_pwr.o
HAL_PWR_EnterSTANDBYMode                          build/stm32f4xx_hal_pwr.o
HAL_PWR_EnterSTOPMode                             build/stm32f4xx_hal_pwr.o
HAL_PWR_PVDCallback                               build/stm32f4xx_hal_pwr.o
HAL_PWR_PVD_IRQHandler                            build/stm32f4xx_hal_pwr.o
HAL_RCCEx_DisablePLLI2S                           build/stm32f4xx_hal_rcc_ex.o
HAL_RCCEx_EnablePLLI2S                            build/stm32f4xx_hal_rcc_ex.o
HAL_RCCEx_GetPeriphCLKConfig                      build/stm32f4xx_hal_rcc_ex.o
HAL_RCCEx_GetPeriphCLKFreq                        build/stm32f4xx_hal_rcc_ex.o
HAL_RCCEx_PeriphCLKConfig                         build/stm32f4xx_hal_rcc_ex.o
HAL_RCC_CSSCallback                               build/stm32f4xx_hal_rcc.o
HAL_RCC_ClockConfig                               build/stm32f4xx_hal_rcc.o
                                                  build/main.o
HAL_RCC_DeInit                                    build/stm32f4xx_hal_rcc_ex.o
                                                  build/stm32f4xx_hal_rcc.o
HAL_RCC_DisableCSS                                build/stm32f4xx_hal_rcc.o
HAL_RCC_EnableCSS                                 build/stm32f4xx_hal_rcc.o
HAL_RCC_GetClockConfig                            build/stm32f4xx_hal_rcc.o
HAL_RCC_GetHCLKFreq                               build/stm32f4xx_hal_rcc.o
HAL_RCC_GetOscConfig                              build/stm32f4xx_hal_rcc.o
HAL_RCC_GetPCLK1Freq                              build/stm32f4xx_hal_rcc.o
                                                  build/stm32f4xx_hal_uart.o
HAL_RCC_GetPCLK2Freq                              build/stm32f4xx_hal_rcc.o
                                                  build/stm32f4xx_hal_uart.o
HAL_RCC_GetSysClockFreq                           build/stm32f4xx_hal_rcc.o
HAL_RCC_MCOConfig                                 build/stm32f4xx_hal_rcc.o
HAL_RCC_NMI_IRQHandler                            build/stm32f4xx_hal_rcc.o
HAL_RCC_OscConfig                                 build/stm32f4xx_hal_rcc.o
                                                  build/main.o
HAL_ResumeTick                                    build/stm32f4xx_hal.o
HAL_SYSTICK_CLKSourceConfig                       build/stm32f4xx_hal_cortex.o
HAL_SYSTICK_Callback                              build/stm32f4xx_hal_cortex.o
HAL_SYSTICK_Config                                build/stm32f4xx_hal_cortex.o
                                                  build/stm32f4xx_hal.o
HAL_SYSTICK_IRQHandler                            build/stm32f4xx_hal_cortex.o
HAL_SetTickFreq                                   build/stm32f4xx_hal.o
HAL_SuspendTick                                   build/stm32f4xx_hal.o
HAL_TIMEx_BreakCallback                           build/stm32f4xx_hal_tim_ex.o
                                                  build/stm32f4xx_hal_tim.o
HAL_TIMEx_CommutCallback                          build/stm32f4xx_hal_tim_ex.o
                                                  build/stm32f4xx_hal_tim.o
HAL_TIMEx_CommutHalfCpltCallback                  build/stm32f4xx_hal_tim_ex.o
HAL_TIMEx_ConfigBreakDeadTime                     build/stm32f4xx_hal_tim_ex.o
HAL_TIMEx_ConfigCommutEvent                       build/stm32f4xx_hal_tim_ex.o
HAL_TIMEx_ConfigCommutEvent_DMA                   build/stm32f4xx_hal_tim_ex.o
HAL_TIMEx_ConfigCommutEvent_IT                    build/stm32f4xx_hal_tim_ex.o
HAL_TIMEx_GetChannelNState                        build/stm32f4xx_hal_tim_ex.o
HAL_TIMEx_HallSensor_DeInit                       build/stm32f4xx_hal_tim_ex.o
HAL_TIMEx_HallSensor_GetState                     build/stm32f4xx_hal_tim_ex.o
HAL_TIMEx_HallSensor_Init                         build/stm32f4xx_hal_tim_ex.o
HAL_TIMEx_HallSensor_MspDeInit                    build/stm32f4xx_hal_tim_ex.o
HAL_TIMEx_HallSensor_MspInit                      build/stm32f4xx_hal_tim_ex.o
HAL_TIMEx_HallSensor_Start                        build/stm32f4xx_hal_tim_ex.o
HAL_TIMEx_HallSensor_Start_DMA                    build/stm32f4xx_hal_tim_ex.o
HAL_TIMEx_HallSensor_Start_IT                     build/stm32f4xx_hal_tim_ex.o
HAL_TIMEx_HallSensor_Stop                         build/stm32f4xx_hal_tim_ex.o
HAL_TIMEx_HallSensor_Stop_DMA                     build/stm32f4xx_hal_tim_ex.o
HAL_TIMEx_HallSensor_Stop_IT                      build/stm32f4xx_hal_tim_ex.o
HAL_TIMEx_MasterConfigSynchronization             build/stm32f4xx_hal_tim_ex.o
                                                  build/tim.o
HAL_TIMEx_OCN_Start                               build/stm32f4xx_hal_tim_ex.o
HAL_TIMEx_OCN_Start_DMA                           build/stm32f4xx_hal_tim_ex.o
HAL_TIMEx_OCN_Start_IT                            build/stm32f4xx_hal_tim_ex.o
HAL_TIMEx_OCN_Stop                                build/stm32f4xx_hal_tim_ex.o
HAL_TIMEx_OCN_Stop_DMA                            build/stm32f4xx_hal_tim_ex.o
HAL_TIMEx_OCN_Stop_IT                             build/stm32f4xx_hal_tim_ex.o
HAL_TIMEx_OnePulseN_Start                         build/stm32f4xx_hal_tim_ex.o
HAL_TIMEx_OnePulseN_Start_IT                      build/stm32f4xx_hal_tim_ex.o
HAL_TIMEx_OnePulseN_Stop                          build/stm32f4xx_hal_tim_ex.o
HAL_TIMEx_OnePulseN_Stop_IT                       build/stm32f4xx_hal_tim_ex.o
HAL_TIMEx_PWMN_Start                              build/stm32f4xx_hal_tim_ex.o
HAL_TIMEx_PWMN_Start_DMA                          build/stm32f4xx_hal_tim_ex.o
HAL_TIMEx_PWMN_Start_IT                           build/stm32f4xx_hal_tim_ex.o
HAL_TIMEx_PWMN_Stop                               build/stm32f4xx_hal_tim_ex.o
HAL_TIMEx_PWMN_Stop_DMA                           build/stm32f4xx_hal_tim_ex.o
HAL_TIMEx_PWMN_Stop_IT                            build/stm32f4xx_hal_tim_ex.o
HAL_TIMEx_RemapConfig                             build/stm32f4xx_hal_tim_ex.o
HAL_TIM_Base_DeInit                               build/stm32f4xx_hal_tim.o
HAL_TIM_Base_GetState                             build/stm32f4xx_hal_tim.o
HAL_TIM_Base_Init                                 build/stm32f4xx_hal_tim.o
                                                  build/tim.o
HAL_TIM_Base_MspDeInit                            build/tim.o
HAL_TIM_Base_MspInit                              build/tim.o
HAL_TIM_Base_Start                                build/stm32f4xx_hal_tim.o
HAL_TIM_Base_Start_DMA                            build/stm32f4xx_hal_tim.o
HAL_TIM_Base_Start_IT                             build/stm32f4xx_hal_tim.o
                                                  build/main.o
HAL_TIM_Base_Stop                                 build/stm32f4xx_hal_tim.o
HAL_TIM_Base_Stop_DMA                             build/stm32f4xx_hal_tim.o
HAL_TIM_Base_Stop_IT                              build/stm32f4xx_hal_tim.o
HAL_TIM_ConfigClockSource                         build/stm32f4xx_hal_tim.o